I0224 00:23:21.869549 20869 processor.cc:803] Processor: start processing batch 1569872b-ec3e-40a2-9ce4-7c6165272236 into model nwt
I0224 00:23:21.884587 20870 processor.cc:908] Processor: complete processing batch cc4ebd10-706f-420b-93ce-013f7bf0cffa into model nwt
I0224 00:23:21.887400 20870 cuckoo_watch.h:45] 240ms in ProcessBatch(bathes/aaaaag.batch) [including 26ms in LoadMessage; 17ms in InitializeSparseNdw; 0ms in InitializeTheta; 0ms in CreateRegularizerAgents; 153ms in InferThetaAndUpdateNwtSparse; 36ms in CalculateScore(^^^ItemsProcessedScore^^^); ]
I0224 00:23:21.911830 20870 processor.cc:803] Processor: start processing batch 19cb537e-2b26-4032-a266-8b50c8eaa339 into model nwt
I0224 00:23:22.036490 20869 processor.cc:908] Processor: complete processing batch 1569872b-ec3e-40a2-9ce4-7c6165272236 into model nwt
I0224 00:23:22.046167 20869 cuckoo_watch.h:45] 186ms in ProcessBatch(bathes/aaaaai.batch) [including 6ms in LoadMessage; 3ms in InitializeSparseNdw; 0ms in InitializeTheta; 0ms in CreateRegularizerAgents; 107ms in InferThetaAndUpdateNwtSparse; 55ms in CalculateScore(^^^ItemsProcessedScore^^^); ]
I0224 00:23:22.073572 20869 processor.cc:803] Processor: start processing batch 01682928-9fa4-47ab-813a-78764f1449c1 into model nwt
I0224 00:23:22.237901 12535 c_interface.cc:560] Pass GetScoreValueArgs, score_name=^^^ItemsProcessedScore^^^ to MasterComponent::Request
I0224 00:23:22.238014 12535 c_interface.cc:231] ArtmCopyRequestedMessage is copying 46 bytes...
I0224 00:23:22.384515 20870 processor.cc:908] Processor: complete processing batch 19cb537e-2b26-4032-a266-8b50c8eaa339 into model nwt
I0224 00:23:22.389165 20870 cuckoo_watch.h:45] 501ms in ProcessBatch(bathes/aaaaaj.batch) [including 13ms in LoadMessage; 24ms in InitializeSparseNdw; 0ms in InitializeTheta; 0ms in CreateRegularizerAgents; 367ms in InferThetaAndUpdateNwtSparse; 80ms in CalculateScore(^^^ItemsProcessedScore^^^); ]
I0224 00:23:22.453011 20870 processor.cc:803] Processor: start processing batch a7f9d247-d8b6-46cd-988c-1114742eab41 into model nwt
I0224 00:23:22.811995 20869 processor.cc:908] Processor: complete processing batch 01682928-9fa4-47ab-813a-78764f1449c1 into model nwt
I0224 00:23:22.822625 20869 cuckoo_watch.h:45] 776ms in ProcessBatch(bathes/aaaaak.batch) [including 24ms in LoadMessage; 17ms in InitializeSparseNdw; 0ms in InitializeTheta; 0ms in CreateRegularizerAgents; 500ms in InferThetaAndUpdateNwtSparse; 219ms in CalculateScore(^^^ItemsProcessedScore^^^); ]
I0224 00:23:22.892390 20869 processor.cc:803] Processor: start processing batch 2b4d6ad1-a5b1-4a8c-be17-6ab2943bb3c8 into model nwt
I0224 00:23:23.238528 12535 c_interface.cc:560] Pass GetScoreValueArgs, score_name=^^^ItemsProcessedScore^^^ to MasterComponent::Request
I0224 00:23:23.238628 12535 c_interface.cc:231] ArtmCopyRequestedMessage is copying 46 bytes...
I0224 00:23:23.385674 20870 processor.cc:908] Processor: complete processing batch a7f9d247-d8b6-46cd-988c-1114742eab41 into model nwt
I0224 00:23:23.388919 20870 cuckoo_watch.h:45] 999ms in ProcessBatch(bathes/aaaaal.batch) [including 57ms in LoadMessage; 55ms in InitializeSparseNdw; 0ms in InitializeTheta; 0ms in CreateRegularizerAgents; 661ms in InferThetaAndUpdateNwtSparse; 215ms in CalculateScore(^^^ItemsProcessedScore^^^); ]
I0224 00:23:23.440735 20870 processor.cc:803] Processor: start processing batch a3fe39de-75fe-4809-843a-a6883f1e9df0 into model nwt
I0224 00:23:24.054651 20869 processor.cc:908] Processor: complete processing batch 2b4d6ad1-a5b1-4a8c-be17-6ab2943bb3c8 into model nwt
I0224 00:23:24.061362 20869 cuckoo_watch.h:45] 1238ms in ProcessBatch(bathes/aaaaam.batch) [including 66ms in LoadMessage; 74ms in InitializeSparseNdw; 0ms in InitializeTheta; 0ms in CreateRegularizerAgents; 894ms in InferThetaAndUpdateNwtSparse; 192ms in CalculateScore(^^^ItemsProcessedScore^^^); ]
I0224 00:23:24.092936 20869 processor.cc:803] Processor: start processing batch f72f4d76-4fde-4d63-ba7f-cf9369742dfc into model nwt
I0224 00:23:24.107136 20870 processor.cc:908] Processor: complete processing batch a3fe39de-75fe-4809-843a-a6883f1e9df0 into model nwt
I0224 00:23:24.114637 20870 cuckoo_watch.h:45] 725ms in ProcessBatch(bathes/aaaaan.batch) [including 48ms in LoadMessage; 36ms in InitializeSparseNdw; 0ms in InitializeTheta; 0ms in CreateRegularizerAgents; 480ms in InferThetaAndUpdateNwtSparse; 149ms in CalculateScore(^^^ItemsProcessedScore^^^); ]
I0224 00:23:24.145109 20870 processor.cc:803] Processor: start processing batch 1ef16483-3b24-48f8-a94c-1f40e6f54aa3 into model nwt
I0224 00:23:24.239114 12535 c_interface.cc:560] Pass GetScoreValueArgs, score_name=^^^ItemsProcessedScore^^^ to MasterComponent::Request
I0224 00:23:24.239212 12535 c_interface.cc:231] ArtmCopyRequestedMessage is copying 46 bytes...
I0224 00:23:24.782668 20870 processor.cc:908] Processor: complete processing batch 1ef16483-3b24-48f8-a94c-1f40e6f54aa3 into model nwt
I0224 00:23:24.801476 20870 cuckoo_watch.h:45] 686ms in ProcessBatch(bathes/aaaaap.batch) [including 23ms in LoadMessage; 21ms in InitializeSparseNdw; 0ms in InitializeTheta; 0ms in CreateRegularizerAgents; 400ms in InferThetaAndUpdateNwtSparse; 215ms in CalculateScore(^^^ItemsProcessedScore^^^); ]
I0224 00:23:24.826117 20870 processor.cc:803] Processor: start processing batch 6e97bab5-72d9-4cf9-a437-be115f11d9cc into model nwt
I0224 00:23:24.850898 20869 processor.cc:908] Processor: complete processing batch f72f4d76-4fde-4d63-ba7f-cf9369742dfc into model nwt
I0224 00:23:24.866036 20869 cuckoo_watch.h:45] 804ms in ProcessBatch(bathes/aaaaao.batch) [including 24ms in LoadMessage; 23ms in InitializeSparseNdw; 0ms in InitializeTheta; 0ms in CreateRegularizerAgents; 485ms in InferThetaAndUpdateNwtSparse; 249ms in CalculateScore(^^^ItemsProcessedScore^^^); ]
I0224 00:23:24.880273 20869 processor.cc:803] Processor: start processing batch c041e298-89c3-46b2-9e0e-72e6f52f4b5e into model nwt
I0224 00:23:24.917026 20869 processor.cc:908] Processor: complete processing batch c041e298-89c3-46b2-9e0e-72e6f52f4b5e into model nwt
I0224 00:23:24.917443 20869 cuckoo_watch.h:45] 51ms in ProcessBatch(bathes/aaaaar.batch) [including 11ms in LoadMessage; 0ms in InitializeSparseNdw; 0ms in InitializeTheta; 0ms in CreateRegularizerAgents; 22ms in InferThetaAndUpdateNwtSparse; 14ms in CalculateScore(^^^ItemsProcessedScore^^^); ]
I0224 00:23:24.961469 20869 processor.cc:717] No data in processing queue, waiting...
I0224 00:23:24.970546 20870 processor.cc:908] Processor: complete processing batch 6e97bab5-72d9-4cf9-a437-be115f11d9cc into model nwt
I0224 00:23:24.971828 20870 cuckoo_watch.h:45] 169ms in ProcessBatch(bathes/aaaaaq.batch) [including 21ms in LoadMessage; 1ms in InitializeSparseNdw; 0ms in InitializeTheta; 0ms in CreateRegularizerAgents; 111ms in InferThetaAndUpdateNwtSparse; 30ms in CalculateScore(^^^ItemsProcessedScore^^^); ]
I0224 00:23:24.972713 20865 master_component.cc:1386] RegularizeModelArgs: rwt_target_name=rwt, pwt_source_name=pwt, nwt_source_name=nwt
I0224 00:23:24.972753 20865 master_component.cc:930] MasterComponent: start regularizing model pwt
I0224 00:23:24.992244 20870 processor.cc:717] No data in processing queue, waiting...
I0224 00:23:25.239753 12535 c_interface.cc:560] Pass GetScoreValueArgs, score_name=^^^ItemsProcessedScore^^^ to MasterComponent::Request
I0224 00:23:25.239861 12535 c_interface.cc:231] ArtmCopyRequestedMessage is copying 46 bytes...
I0224 00:23:25.582613 20865 master_component.cc:956] MasterComponent: complete regularizing model pwt
I0224 00:23:25.582696 20865 master_component.cc:1399] NormalizeModelArgs: pwt_target_name=pwt, nwt_source_name=nwt, rwt_source_name=rwt
I0224 00:23:25.582715 20865 master_component.cc:960] MasterComponent: start normalizing model nwt
I0224 00:23:25.997722 20865 master_component.cc:988] MasterComponent: complete normalizing model nwt
I0224 00:23:26.240398 12535 c_interface.cc:560] Pass GetScoreValueArgs, score_name=^^^ItemsProcessedScore^^^ to MasterComponent::Request
I0224 00:23:26.240514 12535 c_interface.cc:231] ArtmCopyRequestedMessage is copying 46 bytes...
I0224 00:23:26.373705 20865 master_component.cc:1423] DisposeModel rwt
I0224 00:23:26.428331 20865 master_component.cc:1013] FitOffline: ItemsProcessed, num_items=1728, num_batches=18, token_weight=808522, token_weight_in_effect=808522
I0224 00:23:26.429507 12535 c_interface.cc:560] Pass GetScoreValueArgs, score_name=^^^ItemsProcessedScore^^^ to MasterComponent::Request
I0224 00:23:26.429600 12535 c_interface.cc:231] ArtmCopyRequestedMessage is copying 46 bytes...
I0224 00:23:26.430639 20865 c_interface.cc:387] Pass FitOfflineMasterModelArgs, batch_filename_size=18, batch_weight_size=18, num_collection_passes=1 to MN4artm4core15MasterComponentEFvRKNS_25FitOfflineMasterModelArgsEE
I0224 00:23:26.430748 20865 master_component.cc:1348] ProcessBatchesArgs: nwt_target_name=nwt, batch_filename_size=18, batch_size=0, batch_weight_size=18, pwt_source_name=pwt, num_document_passes=10, regularizer=(name:SparsePhi, tau:100000), class=(text:1), class=(author:1), reuse_theta=no, opt_for_avx=yes, predict_class_id=
I0224 00:23:26.659536 20870 processor.cc:724] Processing queue has data, processing started
I0224 00:23:26.667632 20870 processor.cc:803] Processor: start processing batch 6d4f6d29-c73d-4e17-9579-b2d15ddf0238 into model nwt
I0224 00:23:26.673969 20869 processor.cc:724] Processing queue has data, processing started
I0224 00:23:26.704246 20869 processor.cc:803] Processor: start processing batch bcf8f73e-e7e0-42fb-8ef1-f2249a59146a into model nwt
I0224 00:23:26.720520 20870 processor.cc:908] Processor: complete processing batch 6d4f6d29-c73d-4e17-9579-b2d15ddf0238 into model nwt
I0224 00:23:26.721462 20870 cuckoo_watch.h:45] 60ms in ProcessBatch(bathes/aaaaaa.batch) [including 3ms in LoadMessage; 1ms in InitializeSparseNdw; 0ms in InitializeTheta; 0ms in CreateRegularizerAgents; 42ms in InferThetaAndUpdateNwtSparse; 9ms in CalculateScore(^^^ItemsProcessedScore^^^); ]
I0224 00:23:26.730517 20870 processor.cc:803] Processor: start processing batch 1220b022-8e92-45f1-a6d4-f7412bd0657f into model nwt
I0224 00:23:26.859897 20870 processor.cc:908] Processor: complete processing batch 1220b022-8e92-45f1-a6d4-f7412bd0657f into model nwt
I0224 00:23:26.862495 20870 cuckoo_watch.h:45] 140ms in ProcessBatch(bathes/aaaaac.batch) [including 5ms in LoadMessage; 3ms in InitializeSparseNdw; 0ms in InitializeTheta; 0ms in CreateRegularizerAgents; 82ms in InferThetaAndUpdateNwtSparse; 42ms in CalculateScore(^^^ItemsProcessedScore^^^); ]
I0224 00:23:26.877112 20869 processor.cc:908] Processor: complete processing batch bcf8f73e-e7e0-42fb-8ef1-f2249a59146a into model nwt
I0224 00:23:26.879695 20869 cuckoo_watch.h:45] 204ms in ProcessBatch(bathes/aaaaab.batch) [including 25ms in LoadMessage; 15ms in InitializeSparseNdw; 0ms in InitializeTheta; 0ms in CreateRegularizerAgents; 120ms in InferThetaAndUpdateNwtSparse; 37ms in CalculateScore(^^^ItemsProcessedScore^^^); ]
I0224 00:23:26.880583 20870 processor.cc:803] Processor: start processing batch bd74ba50-bdc3-4016-bfc9-a43c95e71e87 into model nwt
I0224 00:23:26.897584 20869 processor.cc:803] Processor: start processing batch 7b3f2b6b-dc96-4862-b960-cd3f39eac849 into model nwt
I0224 00:23:27.041008 20869 processor.cc:908] Processor: complete processing batch 7b3f2b6b-dc96-4862-b960-cd3f39eac849 into model nwt
I0224 00:23:27.044050 20869 cuckoo_watch.h:45] 164ms in ProcessBatch(bathes/aaaaae.batch) [including 11ms in LoadMessage; 6ms in InitializeSparseNdw; 0ms in InitializeTheta; 0ms in CreateRegularizerAgents; 100ms in InferThetaAndUpdateNwtSparse; 36ms in CalculateScore(^^^ItemsProcessedScore^^^); ]
I0224 00:23:27.046766 20870 processor.cc:908] Processor: complete processing batch bd74ba50-bdc3-4016-bfc9-a43c95e71e87 into model nwt
I0224 00:23:27.050546 20870 cuckoo_watch.h:45] 187ms in ProcessBatch(bathes/aaaaad.batch) [including 12ms in LoadMessage; 7ms in InitializeSparseNdw; 0ms in InitializeTheta; 0ms in CreateRegularizerAgents; 118ms in InferThetaAndUpdateNwtSparse; 40ms in CalculateScore(^^^ItemsProcessedScore^^^); ]
I0224 00:23:27.063539 20869 processor.cc:803] Processor: start processing batch bd0c276a-8e88-44c3-88ce-a0ee6996a17c into model nwt
I0224 00:23:27.073902 20870 processor.cc:803] Processor: start processing batch cc4ebd10-706f-420b-93ce-013f7bf0cffa into model nwt
I0224 00:23:27.250483 20869 processor.cc:908] Processor: complete processing batch bd0c276a-8e88-44c3-88ce-a0ee6996a17c into model nwt
I0224 00:23:27.253217 20869 cuckoo_watch.h:45] 209ms in ProcessBatch(bathes/aaaaaf.batch) [including 13ms in LoadMessage; 8ms in InitializeSparseNdw; 0ms in InitializeTheta; 0ms in CreateRegularizerAgents; 133ms in InferThetaAndUpdateNwtSparse; 43ms in CalculateScore(^^^ItemsProcessedScore^^^); ]
I0224 00:23:27.275254 20869 processor.cc:803] Processor: start processing batch 95f685e5-14c1-43d9-bbf0-508a8cf4a4ab into model nwt
I0224 00:23:27.347420 20870 processor.cc:908] Processor: complete processing batch cc4ebd10-706f-420b-93ce-013f7bf0cffa into model nwt
I0224 00:23:27.351522 20870 cuckoo_watch.h:45] 300ms in ProcessBatch(bathes/aaaaag.batch) [including 15ms in LoadMessage; 15ms in InitializeSparseNdw; 0ms in InitializeTheta; 0ms in CreateRegularizerAgents; 189ms in InferThetaAndUpdateNwtSparse; 68ms in CalculateScore(^^^ItemsProcessedScore^^^); ]
I0224 00:23:27.372952 20870 processor.cc:803] Processor: start processing batch 1569872b-ec3e-40a2-9ce4-7c6165272236 into model nwt
I0224 00:23:27.432795 12535 c_interface.cc:560] Pass GetScoreValueArgs, score_name=^^^ItemsProcessedScore^^^ to MasterComponent::Request
I0224 00:23:27.432895 12535 c_interface.cc:231] ArtmCopyRequestedMessage is copying 46 bytes...
I0224 00:23:27.504252 20869 processor.cc:908] Processor: complete processing batch 95f685e5-14c1-43d9-bbf0-508a8cf4a4ab into model nwt
I0224 00:23:27.508186 20869 cuckoo_watch.h:45] 253ms in ProcessBatch(bathes/aaaaah.batch) [including 14ms in LoadMessage; 8ms in InitializeSparseNdw; 0ms in InitializeTheta; 0ms in CreateRegularizerAgents; 168ms in InferThetaAndUpdateNwtSparse; 51ms in CalculateScore(^^^ItemsProcessedScore^^^); ]
I0224 00:23:27.534420 20869 processor.cc:803] Processor: start processing batch 19cb537e-2b26-4032-a266-8b50c8eaa339 into model nwt
I0224 00:23:27.559538 20870 processor.cc:908] Processor: complete processing batch 1569872b-ec3e-40a2-9ce4-7c6165272236 into model nwt
I0224 00:23:27.562240 20870 cuckoo_watch.h:45] 210ms in ProcessBatch(bathes/aaaaai.batch) [including 14ms in LoadMessage; 7ms in InitializeSparseNdw; 0ms in InitializeTheta; 0ms in CreateRegularizerAgents; 128ms in InferThetaAndUpdateNwtSparse; 48ms in CalculateScore(^^^ItemsProcessedScore^^^); ]
I0224 00:23:27.638845 20870 processor.cc:803] Processor: start processing batch 01682928-9fa4-47ab-813a-78764f1449c1 into model nwt
I0224 00:23:27.963621 20869 processor.cc:908] Processor: complete processing batch 19cb537e-2b26-4032-a266-8b50c8eaa339 into model nwt
I0224 00:23:27.969295 20869 cuckoo_watch.h:45] 461ms in ProcessBatch(bathes/aaaaaj.batch) [including 20ms in LoadMessage; 20ms in InitializeSparseNdw; 0ms in InitializeTheta; 0ms in CreateRegularizerAgents; 323ms in InferThetaAndUpdateNwtSparse; 85ms in CalculateScore(^^^ItemsProcessedScore^^^); ]
I0224 00:23:28.006793 20869 processor.cc:803] Processor: start processing batch a7f9d247-d8b6-46cd-988c-1114742eab41 into model nwt
I0224 00:23:28.345597 20870 processor.cc:908] Processor: complete processing batch 01682928-9fa4-47ab-813a-78764f1449c1 into model nwt
I0224 00:23:28.349429 20870 cuckoo_watch.h:45] 787ms in ProcessBatch(bathes/aaaaak.batch) [including 56ms in LoadMessage; 57ms in InitializeSparseNdw; 0ms in InitializeTheta; 0ms in CreateRegularizerAgents; 491ms in InferThetaAndUpdateNwtSparse; 158ms in CalculateScore(^^^ItemsProcessedScore^^^); ]
I0224 00:23:28.369202 20870 processor.cc:803] Processor: start processing batch 2b4d6ad1-a5b1-4a8c-be17-6ab2943bb3c8 into model nwt
I0224 00:23:28.433408 12535 c_interface.cc:560] Pass GetScoreValueArgs, score_name=^^^ItemsProcessedScore^^^ to MasterComponent::Request
I0224 00:23:28.433506 12535 c_interface.cc:231] ArtmCopyRequestedMessage is copying 46 bytes...
I0224 00:23:28.526624 20869 processor.cc:908] Processor: complete processing batch a7f9d247-d8b6-46cd-988c-1114742eab41 into model nwt
I0224 00:23:28.529948 20869 cuckoo_watch.h:45] 560ms in ProcessBatch(bathes/aaaaal.batch) [including 31ms in LoadMessage; 34ms in InitializeSparseNdw; 0ms in InitializeTheta; 0ms in CreateRegularizerAgents; 405ms in InferThetaAndUpdateNwtSparse; 79ms in CalculateScore(^^^ItemsProcessedScore^^^); ]
I0224 00:23:28.548110 20869 processor.cc:803] Processor: start processing batch a3fe39de-75fe-4809-843a-a6883f1e9df0 into model nwt
I0224 00:23:28.856293 20870 processor.cc:908] Processor: complete processing batch 2b4d6ad1-a5b1-4a8c-be17-6ab2943bb3c8 into model nwt
I0224 00:23:28.860137 20870 cuckoo_watch.h:45] 510ms in ProcessBatch(bathes/aaaaam.batch) [including 16ms in LoadMessage; 19ms in InitializeSparseNdw; 0ms in InitializeTheta; 0ms in CreateRegularizerAgents; 337ms in InferThetaAndUpdateNwtSparse; 130ms in CalculateScore(^^^ItemsProcessedScore^^^); ]
I0224 00:23:28.876263 20870 processor.cc:803] Processor: start processing batch f72f4d76-4fde-4d63-ba7f-cf9369742dfc into model nwt
I0224 00:23:28.899047 20869 processor.cc:908] Processor: complete processing batch a3fe39de-75fe-4809-843a-a6883f1e9df0 into model nwt
I0224 00:23:28.902470 20869 cuckoo_watch.h:45] 371ms in ProcessBatch(bathes/aaaaan.batch) [including 14ms in LoadMessage; 14ms in InitializeSparseNdw; 0ms in InitializeTheta; 0ms in CreateRegularizerAgents; 256ms in InferThetaAndUpdateNwtSparse; 79ms in CalculateScore(^^^ItemsProcessedScore^^^); ]
I0224 00:23:28.917145 20869 processor.cc:803] Processor: start processing batch 1ef16483-3b24-48f8-a94c-1f40e6f54aa3 into model nwt
I0224 00:23:29.124548 20870 processor.cc:908] Processor: complete processing batch f72f4d76-4fde-4d63-ba7f-cf9369742dfc into model nwt
I0224 00:23:29.127501 20870 cuckoo_watch.h:45] 267ms in ProcessBatch(bathes/aaaaao.batch) [including 12ms in LoadMessage; 11ms in InitializeSparseNdw; 0ms in InitializeTheta; 0ms in CreateRegularizerAgents; 179ms in InferThetaAndUpdateNwtSparse; 57ms in CalculateScore(^^^ItemsProcessedScore^^^); ]
I0224 00:23:29.135212 20870 processor.cc:803] Processor: start processing batch 6e97bab5-72d9-4cf9-a437-be115f11d9cc into model nwt
I0224 00:23:29.151845 20869 processor.cc:908] Processor: complete processing batch 1ef16483-3b24-48f8-a94c-1f40e6f54aa3 into model nwt
I0224 00:23:29.154583 20869 cuckoo_watch.h:45] 251ms in ProcessBatch(bathes/aaaaap.batch) [including 11ms in LoadMessage; 12ms in InitializeSparseNdw; 0ms in InitializeTheta; 0ms in CreateRegularizerAgents; 168ms in InferThetaAndUpdateNwtSparse; 53ms in CalculateScore(^^^ItemsProcessedScore^^^); ]
I0224 00:23:29.159263 20869 processor.cc:803] Processor: start processing batch c041e298-89c3-46b2-9e0e-72e6f52f4b5e into model nwt
I0224 00:23:29.168095 20869 processor.cc:908] Processor: complete processing batch c041e298-89c3-46b2-9e0e-72e6f52f4b5e into model nwt
I0224 00:23:29.168467 20869 cuckoo_watch.h:45] 13ms in ProcessBatch(bathes/aaaaar.batch) [including 1ms in LoadMessage; 0ms in InitializeSparseNdw; 0ms in InitializeTheta; 0ms in CreateRegularizerAgents; 6ms in InferThetaAndUpdateNwtSparse; 2ms in CalculateScore(^^^ItemsProcessedScore^^^); ]
I0224 00:23:29.185119 20870 processor.cc:908] Processor: complete processing batch 6e97bab5-72d9-4cf9-a437-be115f11d9cc into model nwt
I0224 00:23:29.186292 20870 cuckoo_watch.h:45] 58ms in ProcessBatch(bathes/aaaaaq.batch) [including 4ms in LoadMessage; 2ms in InitializeSparseNdw; 0ms in InitializeTheta; 0ms in CreateRegularizerAgents; 36ms in InferThetaAndUpdateNwtSparse; 11ms in CalculateScore(^^^ItemsProcessedScore^^^); ]
I0224 00:23:29.186589 20865 master_component.cc:1386] RegularizeModelArgs: rwt_target_name=rwt, pwt_source_name=pwt, nwt_source_name=nwt
I0224 00:23:29.186645 20865 master_component.cc:930] MasterComponent: start regularizing model pwt
I0224 00:23:29.188977 20869 processor.cc:717] No data in processing queue, waiting...
I0224 00:23:29.215263 20870 processor.cc:717] No data in processing queue, waiting...
I0224 00:23:29.434000 12535 c_interface.cc:560] Pass GetScoreValueArgs, score_name=^^^ItemsProcessedScore^^^ to MasterComponent::Request
I0224 00:23:29.434100 12535 c_interface.cc:231] ArtmCopyRequestedMessage is copying 46 bytes...
I0224 00:23:29.586648 20865 master_component.cc:956] MasterComponent: complete regularizing model pwt
I0224 00:23:29.586738 20865 master_component.cc:1399] NormalizeModelArgs: pwt_target_name=pwt, nwt_source_name=nwt, rwt_source_name=rwt
I0224 00:23:29.586755 20865 master_component.cc:960] MasterComponent: start normalizing model nwt
I0224 00:23:29.887821 20865 master_component.cc:988] MasterComponent: complete normalizing model nwt
I0224 00:23:30.193011 20865 master_component.cc:1423] DisposeModel rwt
I0224 00:23:30.241744 20865 master_component.cc:1013] FitOffline: ItemsProcessed, num_items=1728, num_batches=18, token_weight=808522, token_weight_in_effect=808522
I0224 00:23:30.242439 12535 c_interface.cc:560] Pass GetScoreValueArgs, score_name=^^^ItemsProcessedScore^^^ to MasterComponent::Request
I0224 00:23:30.242514 12535 c_interface.cc:231] ArtmCopyRequestedMessage is copying 46 bytes...
I0224 00:23:30.243731 20865 c_interface.cc:387] Pass FitOfflineMasterModelArgs, batch_filename_size=18, batch_weight_size=18, num_collection_passes=1 to MN4artm4core15MasterComponentEFvRKNS_25FitOfflineMasterModelArgsEE
I0224 00:23:30.243844 20865 master_component.cc:1348] ProcessBatchesArgs: nwt_target_name=nwt, batch_filename_size=18, batch_size=0, batch_weight_size=18, pwt_source_name=pwt, num_document_passes=10, regularizer=(name:SparsePhi, tau:100000), class=(text:1), class=(author:1), reuse_theta=no, opt_for_avx=yes, predict_class_id=
I0224 00:23:30.400488 20869 processor.cc:724] Processing queue has data, processing started
I0224 00:23:30.401669 20870 processor.cc:724] Processing queue has data, processing started
I0224 00:23:30.432065 20870 processor.cc:803] Processor: start processing batch bcf8f73e-e7e0-42fb-8ef1-f2249a59146a into model nwt
I0224 00:23:30.461580 20869 processor.cc:803] Processor: start processing batch 6d4f6d29-c73d-4e17-9579-b2d15ddf0238 into model nwt
I0224 00:23:30.515619 20869 processor.cc:908] Processor: complete processing batch 6d4f6d29-c73d-4e17-9579-b2d15ddf0238 into model nwt
I0224 00:23:30.516562 20869 cuckoo_watch.h:45] 112ms in ProcessBatch(bathes/aaaaaa.batch) [including 48ms in LoadMessage; 4ms in InitializeSparseNdw; 0ms in InitializeTheta; 0ms in CreateRegularizerAgents; 39ms in InferThetaAndUpdateNwtSparse; 9ms in CalculateScore(^^^ItemsProcessedScore^^^); ]
I0224 00:23:30.526406 20869 processor.cc:803] Processor: start processing batch 1220b022-8e92-45f1-a6d4-f7412bd0657f into model nwt
I0224 00:23:30.535342 20870 processor.cc:908] Processor: complete processing batch bcf8f73e-e7e0-42fb-8ef1-f2249a59146a into model nwt
I0224 00:23:30.536777 20870 cuckoo_watch.h:45] 133ms in ProcessBatch(bathes/aaaaab.batch) [including 25ms in LoadMessage; 4ms in InitializeSparseNdw; 0ms in InitializeTheta; 0ms in CreateRegularizerAgents; 76ms in InferThetaAndUpdateNwtSparse; 20ms in CalculateScore(^^^ItemsProcessedScore^^^); ]
I0224 00:23:30.550803 20870 processor.cc:803] Processor: start processing batch bd74ba50-bdc3-4016-bfc9-a43c95e71e87 into model nwt
I0224 00:23:30.618077 20869 processor.cc:908] Processor: complete processing batch 1220b022-8e92-45f1-a6d4-f7412bd0657f into model nwt
I0224 00:23:30.619606 20869 cuckoo_watch.h:45] 102ms in ProcessBatch(bathes/aaaaac.batch) [including 6ms in LoadMessage; 5ms in InitializeSparseNdw; 0ms in InitializeTheta; 0ms in CreateRegularizerAgents; 65ms in InferThetaAndUpdateNwtSparse; 20ms in CalculateScore(^^^ItemsProcessedScore^^^); ]
I0224 00:23:30.628829 20869 processor.cc:803] Processor: start processing batch 7b3f2b6b-dc96-4862-b960-cd3f39eac849 into model nwt
I0224 00:23:30.632915 20870 processor.cc:908] Processor: complete processing batch bd74ba50-bdc3-4016-bfc9-a43c95e71e87 into model nwt
I0224 00:23:30.634488 20870 cuckoo_watch.h:45] 97ms in ProcessBatch(bathes/aaaaad.batch) [including 10ms in LoadMessage; 3ms in InitializeSparseNdw; 0ms in InitializeTheta; 0ms in CreateRegularizerAgents; 58ms in InferThetaAndUpdateNwtSparse; 20ms in CalculateScore(^^^ItemsProcessedScore^^^); ]
I0224 00:23:30.645104 20870 processor.cc:803] Processor: start processing batch bd0c276a-8e88-44c3-88ce-a0ee6996a17c into model nwt
I0224 00:23:30.701514 20869 processor.cc:908] Processor: complete processing batch 7b3f2b6b-dc96-4862-b960-cd3f39eac849 into model nwt
I0224 00:23:30.703063 20869 cuckoo_watch.h:45] 83ms in ProcessBatch(bathes/aaaaae.batch) [including 5ms in LoadMessage; 2ms in InitializeSparseNdw; 0ms in InitializeTheta; 0ms in CreateRegularizerAgents; 51ms in InferThetaAndUpdateNwtSparse; 18ms in CalculateScore(^^^ItemsProcessedScore^^^); ]
I0224 00:23:30.714573 20869 processor.cc:803] Processor: start processing batch cc4ebd10-706f-420b-93ce-013f7bf0cffa into model nwt
I0224 00:23:30.747053 20870 processor.cc:908] Processor: complete processing batch bd0c276a-8e88-44c3-88ce-a0ee6996a17c into model nwt
I0224 00:23:30.748670 20870 cuckoo_watch.h:45] 114ms in ProcessBatch(bathes/aaaaaf.batch) [including 5ms in LoadMessage; 3ms in InitializeSparseNdw; 0ms in InitializeTheta; 0ms in CreateRegularizerAgents; 58ms in InferThetaAndUpdateNwtSparse; 39ms in CalculateScore(^^^ItemsProcessedScore^^^); ]
I0224 00:23:30.770745 20870 processor.cc:803] Processor: start processing batch 95f685e5-14c1-43d9-bbf0-508a8cf4a4ab into model nwt
I0224 00:23:30.851325 20869 processor.cc:908] Processor: complete processing batch cc4ebd10-706f-420b-93ce-013f7bf0cffa into model nwt
I0224 00:23:30.853291 20869 cuckoo_watch.h:45] 150ms in ProcessBatch(bathes/aaaaag.batch) [including 7ms in LoadMessage; 5ms in InitializeSparseNdw; 0ms in InitializeTheta; 0ms in CreateRegularizerAgents; 100ms in InferThetaAndUpdateNwtSparse; 29ms in CalculateScore(^^^ItemsProcessedScore^^^); ]
I0224 00:23:30.863041 20869 processor.cc:803] Processor: start processing batch 1569872b-ec3e-40a2-9ce4-7c6165272236 into model nwt
I0224 00:23:30.922911 20870 processor.cc:908] Processor: complete processing batch 95f685e5-14c1-43d9-bbf0-508a8cf4a4ab into model nwt
I0224 00:23:30.924715 20870 cuckoo_watch.h:45] 175ms in ProcessBatch(bathes/aaaaah.batch) [including 18ms in LoadMessage; 22ms in InitializeSparseNdw; 0ms in InitializeTheta; 0ms in CreateRegularizerAgents; 104ms in InferThetaAndUpdateNwtSparse; 25ms in CalculateScore(^^^ItemsProcessedScore^^^); ]
I0224 00:23:30.940060 20870 processor.cc:803] Processor: start processing batch 19cb537e-2b26-4032-a266-8b50c8eaa339 into model nwt
I0224 00:23:30.950634 20869 processor.cc:908] Processor: complete processing batch 1569872b-ec3e-40a2-9ce4-7c6165272236 into model nwt
I0224 00:23:30.952340 20869 cuckoo_watch.h:45] 98ms in ProcessBatch(bathes/aaaaai.batch) [including 6ms in LoadMessage; 3ms in InitializeSparseNdw; 0ms in InitializeTheta; 0ms in CreateRegularizerAgents; 62ms in InferThetaAndUpdateNwtSparse; 21ms in CalculateScore(^^^ItemsProcessedScore^^^); ]
I0224 00:23:30.971864 20869 processor.cc:803] Processor: start processing batch 01682928-9fa4-47ab-813a-78764f1449c1 into model nwt
I0224 00:23:31.164479 20870 processor.cc:908] Processor: complete processing batch 19cb537e-2b26-4032-a266-8b50c8eaa339 into model nwt
I0224 00:23:31.166898 20870 cuckoo_watch.h:45] 242ms in ProcessBatch(bathes/aaaaaj.batch) [including 11ms in LoadMessage; 8ms in InitializeSparseNdw; 0ms in InitializeTheta; 0ms in CreateRegularizerAgents; 171ms in InferThetaAndUpdateNwtSparse; 44ms in CalculateScore(^^^ItemsProcessedScore^^^); ]
I0224 00:23:31.186223 20870 processor.cc:803] Processor: start processing batch a7f9d247-d8b6-46cd-988c-1114742eab41 into model nwt
I0224 00:23:31.243475 12535 c_interface.cc:560] Pass GetScoreValueArgs, score_name=^^^ItemsProcessedScore^^^ to MasterComponent::Request
I0224 00:23:31.243583 12535 c_interface.cc:231] ArtmCopyRequestedMessage is copying 46 bytes...
I0224 00:23:31.351043 20869 processor.cc:908] Processor: complete processing batch 01682928-9fa4-47ab-813a-78764f1449c1 into model nwt
I0224 00:23:31.354656 20869 cuckoo_watch.h:45] 402ms in ProcessBatch(bathes/aaaaak.batch) [including 15ms in LoadMessage; 18ms in InitializeSparseNdw; 0ms in InitializeTheta; 0ms in CreateRegularizerAgents; 273ms in InferThetaAndUpdateNwtSparse; 87ms in CalculateScore(^^^ItemsProcessedScore^^^); ]
I0224 00:23:31.373967 20869 processor.cc:803] Processor: start processing batch 2b4d6ad1-a5b1-4a8c-be17-6ab2943bb3c8 into model nwt
I0224 00:23:31.630887 20870 processor.cc:908] Processor: complete processing batch a7f9d247-d8b6-46cd-988c-1114742eab41 into model nwt
I0224 00:23:31.634268 20870 cuckoo_watch.h:45] 467ms in ProcessBatch(bathes/aaaaal.batch) [including 15ms in LoadMessage; 17ms in InitializeSparseNdw; 0ms in InitializeTheta; 0ms in CreateRegularizerAgents; 296ms in InferThetaAndUpdateNwtSparse; 130ms in CalculateScore(^^^ItemsProcessedScore^^^); ]
I0224 00:23:31.652474 20870 processor.cc:803] Processor: start processing batch a3fe39de-75fe-4809-843a-a6883f1e9df0 into model nwt
I0224 00:23:31.760718 20869 processor.cc:908] Processor: complete processing batch 2b4d6ad1-a5b1-4a8c-be17-6ab2943bb3c8 into model nwt
I0224 00:23:31.764266 20869 cuckoo_watch.h:45] 409ms in ProcessBatch(bathes/aaaaam.batch) [including 15ms in LoadMessage; 17ms in InitializeSparseNdw; 0ms in InitializeTheta; 0ms in CreateRegularizerAgents; 288ms in InferThetaAndUpdateNwtSparse; 80ms in CalculateScore(^^^ItemsProcessedScore^^^); ]
I0224 00:23:31.779871 20869 processor.cc:803] Processor: start processing batch f72f4d76-4fde-4d63-ba7f-cf9369742dfc into model nwt
I0224 00:23:31.956754 20870 processor.cc:908] Processor: complete processing batch a3fe39de-75fe-4809-843a-a6883f1e9df0 into model nwt
I0224 00:23:31.959904 20870 cuckoo_watch.h:45] 324ms in ProcessBatch(bathes/aaaaan.batch) [including 14ms in LoadMessage; 14ms in InitializeSparseNdw; 0ms in InitializeTheta; 0ms in CreateRegularizerAgents; 221ms in InferThetaAndUpdateNwtSparse; 67ms in CalculateScore(^^^ItemsProcessedScore^^^); ]
I0224 00:23:31.974961 20870 processor.cc:803] Processor: start processing batch 1ef16483-3b24-48f8-a94c-1f40e6f54aa3 into model nwt
I0224 00:23:32.112426 20869 processor.cc:908] Processor: complete processing batch f72f4d76-4fde-4d63-ba7f-cf9369742dfc into model nwt
I0224 00:23:32.115478 20869 cuckoo_watch.h:45] 351ms in ProcessBatch(bathes/aaaaao.batch) [including 12ms in LoadMessage; 39ms in InitializeSparseNdw; 0ms in InitializeTheta; 0ms in CreateRegularizerAgents; 214ms in InferThetaAndUpdateNwtSparse; 78ms in CalculateScore(^^^ItemsProcessedScore^^^); ]
I0224 00:23:32.123899 20869 processor.cc:803] Processor: start processing batch 6e97bab5-72d9-4cf9-a437-be115f11d9cc into model nwt
I0224 00:23:32.176121 20869 processor.cc:908] Processor: complete processing batch 6e97bab5-72d9-4cf9-a437-be115f11d9cc into model nwt
I0224 00:23:32.177390 20869 cuckoo_watch.h:45] 61ms in ProcessBatch(bathes/aaaaaq.batch) [including 4ms in LoadMessage; 2ms in InitializeSparseNdw; 0ms in InitializeTheta; 0ms in CreateRegularizerAgents; 38ms in InferThetaAndUpdateNwtSparse; 11ms in CalculateScore(^^^ItemsProcessedScore^^^); ]
I0224 00:23:32.182534 20869 processor.cc:803] Processor: start processing batch c041e298-89c3-46b2-9e0e-72e6f52f4b5e into model nwt
I0224 00:23:32.191619 20869 processor.cc:908] Processor: complete processing batch c041e298-89c3-46b2-9e0e-72e6f52f4b5e into model nwt
I0224 00:23:32.192001 20869 cuckoo_watch.h:45] 14ms in ProcessBatch(bathes/aaaaar.batch) [including 1ms in LoadMessage; 0ms in InitializeSparseNdw; 0ms in InitializeTheta; 0ms in CreateRegularizerAgents; 6ms in InferThetaAndUpdateNwtSparse; 2ms in CalculateScore(^^^ItemsProcessedScore^^^); ]
I0224 00:23:32.205456 20870 processor.cc:908] Processor: complete processing batch 1ef16483-3b24-48f8-a94c-1f40e6f54aa3 into model nwt
I0224 00:23:32.208097 20870 cuckoo_watch.h:45] 248ms in ProcessBatch(bathes/aaaaap.batch) [including 11ms in LoadMessage; 10ms in InitializeSparseNdw; 0ms in InitializeTheta; 0ms in CreateRegularizerAgents; 167ms in InferThetaAndUpdateNwtSparse; 51ms in CalculateScore(^^^ItemsProcessedScore^^^); ]
I0224 00:23:32.209585 20865 master_component.cc:1386] RegularizeModelArgs: rwt_target_name=rwt, pwt_source_name=pwt, nwt_source_name=nwt
I0224 00:23:32.209620 20865 master_component.cc:930] MasterComponent: start regularizing model pwt
I0224 00:23:32.213449 20869 processor.cc:717] No data in processing queue, waiting...
I0224 00:23:32.228685 20870 processor.cc:717] No data in processing queue, waiting...
I0224 00:23:32.244112 12535 c_interface.cc:560] Pass GetScoreValueArgs, score_name=^^^ItemsProcessedScore^^^ to MasterComponent::Request
I0224 00:23:32.244210 12535 c_interface.cc:231] ArtmCopyRequestedMessage is copying 46 bytes...
I0224 00:23:32.620877 20865 master_component.cc:956] MasterComponent: complete regularizing model pwt
I0224 00:23:32.620960 20865 master_component.cc:1399] NormalizeModelArgs: pwt_target_name=pwt, nwt_source_name=nwt, rwt_source_name=rwt
I0224 00:23:32.621579 20865 master_component.cc:960] MasterComponent: start normalizing model nwt
I0224 00:23:32.920893 20865 master_component.cc:988] MasterComponent: complete normalizing model nwt
I0224 00:23:33.227165 20865 master_component.cc:1423] DisposeModel rwt
I0224 00:23:33.244735 12535 c_interface.cc:560] Pass GetScoreValueArgs, score_name=^^^ItemsProcessedScore^^^ to MasterComponent::Request
I0224 00:23:33.244843 12535 c_interface.cc:231] ArtmCopyRequestedMessage is copying 46 bytes...
I0224 00:23:33.270918 20865 master_component.cc:1013] FitOffline: ItemsProcessed, num_items=1728, num_batches=18, token_weight=808522, token_weight_in_effect=808522
I0224 00:23:33.271512 12535 c_interface.cc:560] Pass GetScoreValueArgs, score_name=^^^ItemsProcessedScore^^^ to MasterComponent::Request
I0224 00:23:33.271596 12535 c_interface.cc:231] ArtmCopyRequestedMessage is copying 46 bytes...
I0224 00:23:33.272617 20865 c_interface.cc:387] Pass FitOfflineMasterModelArgs, batch_filename_size=18, batch_weight_size=18, num_collection_passes=1 to MN4artm4core15MasterComponentEFvRKNS_25FitOfflineMasterModelArgsEE
I0224 00:23:33.272722 20865 master_component.cc:1348] ProcessBatchesArgs: nwt_target_name=nwt, batch_filename_size=18, batch_size=0, batch_weight_size=18, pwt_source_name=pwt, num_document_passes=10, regularizer=(name:SparsePhi, tau:100000), class=(text:1), class=(author:1), reuse_theta=no, opt_for_avx=yes, predict_class_id=
I0224 00:23:33.431735 20870 processor.cc:724] Processing queue has data, processing started
I0224 00:23:33.433770 20869 processor.cc:724] Processing queue has data, processing started
I0224 00:23:33.447490 20870 processor.cc:803] Processor: start processing batch 6d4f6d29-c73d-4e17-9579-b2d15ddf0238 into model nwt
I0224 00:23:33.450337 20869 processor.cc:803] Processor: start processing batch bcf8f73e-e7e0-42fb-8ef1-f2249a59146a into model nwt
I0224 00:23:33.483162 20870 processor.cc:908] Processor: complete processing batch 6d4f6d29-c73d-4e17-9579-b2d15ddf0238 into model nwt
I0224 00:23:33.484041 20870 cuckoo_watch.h:45] 46ms in ProcessBatch(bathes/aaaaaa.batch) [including 6ms in LoadMessage; 1ms in InitializeSparseNdw; 0ms in InitializeTheta; 0ms in CreateRegularizerAgents; 25ms in InferThetaAndUpdateNwtSparse; 8ms in CalculateScore(^^^ItemsProcessedScore^^^); ]
I0224 00:23:33.493232 20870 processor.cc:803] Processor: start processing batch 1220b022-8e92-45f1-a6d4-f7412bd0657f into model nwt
I0224 00:23:33.523797 20869 processor.cc:908] Processor: complete processing batch bcf8f73e-e7e0-42fb-8ef1-f2249a59146a into model nwt
I0224 00:23:33.525276 20869 cuckoo_watch.h:45] 90ms in ProcessBatch(bathes/aaaaab.batch) [including 12ms in LoadMessage; 3ms in InitializeSparseNdw; 0ms in InitializeTheta; 0ms in CreateRegularizerAgents; 52ms in InferThetaAndUpdateNwtSparse; 17ms in CalculateScore(^^^ItemsProcessedScore^^^); ]
I0224 00:23:33.534677 20869 processor.cc:803] Processor: start processing batch bd74ba50-bdc3-4016-bfc9-a43c95e71e87 into model nwt
I0224 00:23:33.580924 20870 processor.cc:908] Processor: complete processing batch 1220b022-8e92-45f1-a6d4-f7412bd0657f into model nwt
I0224 00:23:33.582427 20870 cuckoo_watch.h:45] 98ms in ProcessBatch(bathes/aaaaac.batch) [including 5ms in LoadMessage; 3ms in InitializeSparseNdw; 0ms in InitializeTheta; 0ms in CreateRegularizerAgents; 63ms in InferThetaAndUpdateNwtSparse; 20ms in CalculateScore(^^^ItemsProcessedScore^^^); ]
I0224 00:23:33.591456 20870 processor.cc:803] Processor: start processing batch 7b3f2b6b-dc96-4862-b960-cd3f39eac849 into model nwt
I0224 00:23:33.616227 20869 processor.cc:908] Processor: complete processing batch bd74ba50-bdc3-4016-bfc9-a43c95e71e87 into model nwt
I0224 00:23:33.617799 20869 cuckoo_watch.h:45] 92ms in ProcessBatch(bathes/aaaaad.batch) [including 5ms in LoadMessage; 3ms in InitializeSparseNdw; 0ms in InitializeTheta; 0ms in CreateRegularizerAgents; 58ms in InferThetaAndUpdateNwtSparse; 19ms in CalculateScore(^^^ItemsProcessedScore^^^); ]
I0224 00:23:33.627950 20869 processor.cc:803] Processor: start processing batch bd0c276a-8e88-44c3-88ce-a0ee6996a17c into model nwt
I0224 00:23:33.663314 20870 processor.cc:908] Processor: complete processing batch 7b3f2b6b-dc96-4862-b960-cd3f39eac849 into model nwt
I0224 00:23:33.664791 20870 cuckoo_watch.h:45] 82ms in ProcessBatch(bathes/aaaaae.batch) [including 5ms in LoadMessage; 3ms in InitializeSparseNdw; 0ms in InitializeTheta; 0ms in CreateRegularizerAgents; 51ms in InferThetaAndUpdateNwtSparse; 17ms in CalculateScore(^^^ItemsProcessedScore^^^); ]
I0224 00:23:33.675657 20870 processor.cc:803] Processor: start processing batch cc4ebd10-706f-420b-93ce-013f7bf0cffa into model nwt
I0224 00:23:33.712515 20869 processor.cc:908] Processor: complete processing batch bd0c276a-8e88-44c3-88ce-a0ee6996a17c into model nwt
I0224 00:23:33.714196 20869 cuckoo_watch.h:45] 95ms in ProcessBatch(bathes/aaaaaf.batch) [including 6ms in LoadMessage; 3ms in InitializeSparseNdw; 0ms in InitializeTheta; 0ms in CreateRegularizerAgents; 60ms in InferThetaAndUpdateNwtSparse; 20ms in CalculateScore(^^^ItemsProcessedScore^^^); ]
I0224 00:23:33.724387 20869 processor.cc:803] Processor: start processing batch 95f685e5-14c1-43d9-bbf0-508a8cf4a4ab into model nwt
I0224 00:23:33.798841 20870 processor.cc:908] Processor: complete processing batch cc4ebd10-706f-420b-93ce-013f7bf0cffa into model nwt
I0224 00:23:33.801085 20870 cuckoo_watch.h:45] 135ms in ProcessBatch(bathes/aaaaag.batch) [including 7ms in LoadMessage; 5ms in InitializeSparseNdw; 0ms in InitializeTheta; 0ms in CreateRegularizerAgents; 89ms in InferThetaAndUpdateNwtSparse; 27ms in CalculateScore(^^^ItemsProcessedScore^^^); ]
I0224 00:23:33.810444 20870 processor.cc:803] Processor: start processing batch 1569872b-ec3e-40a2-9ce4-7c6165272236 into model nwt
I0224 00:23:33.826625 20869 processor.cc:908] Processor: complete processing batch 95f685e5-14c1-43d9-bbf0-508a8cf4a4ab into model nwt
I0224 00:23:33.828420 20869 cuckoo_watch.h:45] 114ms in ProcessBatch(bathes/aaaaah.batch) [including 6ms in LoadMessage; 4ms in InitializeSparseNdw; 0ms in InitializeTheta; 0ms in CreateRegularizerAgents; 73ms in InferThetaAndUpdateNwtSparse; 24ms in CalculateScore(^^^ItemsProcessedScore^^^); ]
I0224 00:23:33.841688 20869 processor.cc:803] Processor: start processing batch 19cb537e-2b26-4032-a266-8b50c8eaa339 into model nwt
I0224 00:23:33.938683 20870 processor.cc:908] Processor: complete processing batch 1569872b-ec3e-40a2-9ce4-7c6165272236 into model nwt
I0224 00:23:33.940407 20870 cuckoo_watch.h:45] 139ms in ProcessBatch(bathes/aaaaai.batch) [including 6ms in LoadMessage; 3ms in InitializeSparseNdw; 0ms in InitializeTheta; 0ms in CreateRegularizerAgents; 73ms in InferThetaAndUpdateNwtSparse; 50ms in CalculateScore(^^^ItemsProcessedScore^^^); ]
I0224 00:23:33.962152 20870 processor.cc:803] Processor: start processing batch 01682928-9fa4-47ab-813a-78764f1449c1 into model nwt
I0224 00:23:34.024809 20869 processor.cc:908] Processor: complete processing batch 19cb537e-2b26-4032-a266-8b50c8eaa339 into model nwt
I0224 00:23:34.027253 20869 cuckoo_watch.h:45] 198ms in ProcessBatch(bathes/aaaaaj.batch) [including 9ms in LoadMessage; 8ms in InitializeSparseNdw; 0ms in InitializeTheta; 0ms in CreateRegularizerAgents; 135ms in InferThetaAndUpdateNwtSparse; 39ms in CalculateScore(^^^ItemsProcessedScore^^^); ]
I0224 00:23:34.045665 20869 processor.cc:803] Processor: start processing batch a7f9d247-d8b6-46cd-988c-1114742eab41 into model nwt
I0224 00:23:34.272588 12535 c_interface.cc:560] Pass GetScoreValueArgs, score_name=^^^ItemsProcessedScore^^^ to MasterComponent::Request
I0224 00:23:34.272696 12535 c_interface.cc:231] ArtmCopyRequestedMessage is copying 46 bytes...
I0224 00:23:34.337280 20870 processor.cc:908] Processor: complete processing batch 01682928-9fa4-47ab-813a-78764f1449c1 into model nwt
I0224 00:23:34.341073 20870 cuckoo_watch.h:45] 400ms in ProcessBatch(bathes/aaaaak.batch) [including 18ms in LoadMessage; 18ms in InitializeSparseNdw; 0ms in InitializeTheta; 0ms in CreateRegularizerAgents; 265ms in InferThetaAndUpdateNwtSparse; 90ms in CalculateScore(^^^ItemsProcessedScore^^^); ]
I0224 00:23:34.361125 20870 processor.cc:803] Processor: start processing batch 2b4d6ad1-a5b1-4a8c-be17-6ab2943bb3c8 into model nwt
I0224 00:23:34.395428 20869 processor.cc:908] Processor: complete processing batch a7f9d247-d8b6-46cd-988c-1114742eab41 into model nwt
I0224 00:23:34.398717 20869 cuckoo_watch.h:45] 371ms in ProcessBatch(bathes/aaaaal.batch) [including 14ms in LoadMessage; 16ms in InitializeSparseNdw; 0ms in InitializeTheta; 0ms in CreateRegularizerAgents; 254ms in InferThetaAndUpdateNwtSparse; 78ms in CalculateScore(^^^ItemsProcessedScore^^^); ]
I0224 00:23:34.415911 20869 processor.cc:803] Processor: start processing batch a3fe39de-75fe-4809-843a-a6883f1e9df0 into model nwt
I0224 00:23:34.716096 20869 processor.cc:908] Processor: complete processing batch a3fe39de-75fe-4809-843a-a6883f1e9df0 into model nwt
I0224 00:23:34.719250 20869 cuckoo_watch.h:45] 320ms in ProcessBatch(bathes/aaaaan.batch) [including 13ms in LoadMessage; 14ms in InitializeSparseNdw; 0ms in InitializeTheta; 0ms in CreateRegularizerAgents; 218ms in InferThetaAndUpdateNwtSparse; 67ms in CalculateScore(^^^ItemsProcessedScore^^^); ]
I0224 00:23:34.734604 20869 processor.cc:803] Processor: start processing batch f72f4d76-4fde-4d63-ba7f-cf9369742dfc into model nwt
I0224 00:23:34.782527 20870 processor.cc:908] Processor: complete processing batch 2b4d6ad1-a5b1-4a8c-be17-6ab2943bb3c8 into model nwt
I0224 00:23:34.786128 20870 cuckoo_watch.h:45] 444ms in ProcessBatch(bathes/aaaaam.batch) [including 16ms in LoadMessage; 18ms in InitializeSparseNdw; 0ms in InitializeTheta; 0ms in CreateRegularizerAgents; 315ms in InferThetaAndUpdateNwtSparse; 87ms in CalculateScore(^^^ItemsProcessedScore^^^); ]
I0224 00:23:34.800760 20870 processor.cc:803] Processor: start processing batch 1ef16483-3b24-48f8-a94c-1f40e6f54aa3 into model nwt
I0224 00:23:34.978152 20869 processor.cc:908] Processor: complete processing batch f72f4d76-4fde-4d63-ba7f-cf9369742dfc into model nwt
I0224 00:23:34.981235 20869 cuckoo_watch.h:45] 261ms in ProcessBatch(bathes/aaaaao.batch) [including 12ms in LoadMessage; 11ms in InitializeSparseNdw; 0ms in InitializeTheta; 0ms in CreateRegularizerAgents; 173ms in InferThetaAndUpdateNwtSparse; 58ms in CalculateScore(^^^ItemsProcessedScore^^^); ]
I0224 00:23:34.988634 20869 processor.cc:803] Processor: start processing batch 6e97bab5-72d9-4cf9-a437-be115f11d9cc into model nwt
I0224 00:23:35.038967 20869 processor.cc:908] Processor: complete processing batch 6e97bab5-72d9-4cf9-a437-be115f11d9cc into model nwt
I0224 00:23:35.040266 20869 cuckoo_watch.h:45] 58ms in ProcessBatch(bathes/aaaaaq.batch) [including 4ms in LoadMessage; 2ms in InitializeSparseNdw; 0ms in InitializeTheta; 0ms in CreateRegularizerAgents; 36ms in InferThetaAndUpdateNwtSparse; 11ms in CalculateScore(^^^ItemsProcessedScore^^^); ]
I0224 00:23:35.044832 20869 processor.cc:803] Processor: start processing batch c041e298-89c3-46b2-9e0e-72e6f52f4b5e into model nwt
I0224 00:23:35.053912 20869 processor.cc:908] Processor: complete processing batch c041e298-89c3-46b2-9e0e-72e6f52f4b5e into model nwt
I0224 00:23:35.054352 20869 cuckoo_watch.h:45] 13ms in ProcessBatch(bathes/aaaaar.batch) [including 1ms in LoadMessage; 0ms in InitializeSparseNdw; 0ms in InitializeTheta; 0ms in CreateRegularizerAgents; 6ms in InferThetaAndUpdateNwtSparse; 2ms in CalculateScore(^^^ItemsProcessedScore^^^); ]
I0224 00:23:35.074059 20870 processor.cc:908] Processor: complete processing batch 1ef16483-3b24-48f8-a94c-1f40e6f54aa3 into model nwt
I0224 00:23:35.076855 20870 cuckoo_watch.h:45] 290ms in ProcessBatch(bathes/aaaaap.batch) [including 11ms in LoadMessage; 11ms in InitializeSparseNdw; 0ms in InitializeTheta; 0ms in CreateRegularizerAgents; 208ms in InferThetaAndUpdateNwtSparse; 53ms in CalculateScore(^^^ItemsProcessedScore^^^); ]
I0224 00:23:35.077378 20865 master_component.cc:1386] RegularizeModelArgs: rwt_target_name=rwt, pwt_source_name=pwt, nwt_source_name=nwt
I0224 00:23:35.077406 20865 master_component.cc:930] MasterComponent: start regularizing model pwt
I0224 00:23:35.083914 20869 processor.cc:717] No data in processing queue, waiting...
I0224 00:23:35.100668 20870 processor.cc:717] No data in processing queue, waiting...
I0224 00:23:35.273242 12535 c_interface.cc:560] Pass GetScoreValueArgs, score_name=^^^ItemsProcessedScore^^^ to MasterComponent::Request
I0224 00:23:35.273344 12535 c_interface.cc:231] ArtmCopyRequestedMessage is copying 46 bytes...
I0224 00:23:35.474845 20865 master_component.cc:956] MasterComponent: complete regularizing model pwt
I0224 00:23:35.474927 20865 master_component.cc:1399] NormalizeModelArgs: pwt_target_name=pwt, nwt_source_name=nwt, rwt_source_name=rwt
I0224 00:23:35.474944 20865 master_component.cc:960] MasterComponent: start normalizing model nwt
I0224 00:23:35.780243 20865 master_component.cc:988] MasterComponent: complete normalizing model nwt
I0224 00:23:36.081946 20865 master_component.cc:1423] DisposeModel rwt
I0224 00:23:36.126026 20865 master_component.cc:1013] FitOffline: ItemsProcessed, num_items=1728, num_batches=18, token_weight=808522, token_weight_in_effect=808522
I0224 00:23:36.126713 12535 c_interface.cc:560] Pass GetScoreValueArgs, score_name=^^^ItemsProcessedScore^^^ to MasterComponent::Request
I0224 00:23:36.126790 12535 c_interface.cc:231] ArtmCopyRequestedMessage is copying 46 bytes...
I0224 00:23:36.127950 20865 c_interface.cc:387] Pass FitOfflineMasterModelArgs, batch_filename_size=18, batch_weight_size=18, num_collection_passes=1 to MN4artm4core15MasterComponentEFvRKNS_25FitOfflineMasterModelArgsEE
I0224 00:23:36.128049 20865 master_component.cc:1348] ProcessBatchesArgs: nwt_target_name=nwt, batch_filename_size=18, batch_size=0, batch_weight_size=18, pwt_source_name=pwt, num_document_passes=10, regularizer=(name:SparsePhi, tau:100000), class=(text:1), class=(author:1), reuse_theta=no, opt_for_avx=yes, predict_class_id=
I0224 00:23:36.291436 20869 processor.cc:724] Processing queue has data, processing started
I0224 00:23:36.292666 20870 processor.cc:724] Processing queue has data, processing started
I0224 00:23:36.305562 20870 processor.cc:803] Processor: start processing batch 6d4f6d29-c73d-4e17-9579-b2d15ddf0238 into model nwt
I0224 00:23:36.307139 20869 processor.cc:803] Processor: start processing batch bcf8f73e-e7e0-42fb-8ef1-f2249a59146a into model nwt
I0224 00:23:36.343883 20870 processor.cc:908] Processor: complete processing batch 6d4f6d29-c73d-4e17-9579-b2d15ddf0238 into model nwt
I0224 00:23:36.344806 20870 cuckoo_watch.h:45] 50ms in ProcessBatch(bathes/aaaaaa.batch) [including 8ms in LoadMessage; 1ms in InitializeSparseNdw; 0ms in InitializeTheta; 0ms in CreateRegularizerAgents; 27ms in InferThetaAndUpdateNwtSparse; 9ms in CalculateScore(^^^ItemsProcessedScore^^^); ]
I0224 00:23:36.354081 20870 processor.cc:803] Processor: start processing batch 1220b022-8e92-45f1-a6d4-f7412bd0657f into model nwt
I0224 00:23:36.379508 20869 processor.cc:908] Processor: complete processing batch bcf8f73e-e7e0-42fb-8ef1-f2249a59146a into model nwt
I0224 00:23:36.380934 20869 cuckoo_watch.h:45] 88ms in ProcessBatch(bathes/aaaaab.batch) [including 11ms in LoadMessage; 2ms in InitializeSparseNdw; 0ms in InitializeTheta; 0ms in CreateRegularizerAgents; 52ms in InferThetaAndUpdateNwtSparse; 17ms in CalculateScore(^^^ItemsProcessedScore^^^); ]
I0224 00:23:36.389889 20869 processor.cc:803] Processor: start processing batch bd74ba50-bdc3-4016-bfc9-a43c95e71e87 into model nwt
I0224 00:23:36.445114 20870 processor.cc:908] Processor: complete processing batch 1220b022-8e92-45f1-a6d4-f7412bd0657f into model nwt
I0224 00:23:36.446641 20870 cuckoo_watch.h:45] 101ms in ProcessBatch(bathes/aaaaac.batch) [including 5ms in LoadMessage; 4ms in InitializeSparseNdw; 0ms in InitializeTheta; 0ms in CreateRegularizerAgents; 64ms in InferThetaAndUpdateNwtSparse; 22ms in CalculateScore(^^^ItemsProcessedScore^^^); ]
I0224 00:23:36.455742 20870 processor.cc:803] Processor: start processing batch 7b3f2b6b-dc96-4862-b960-cd3f39eac849 into model nwt
I0224 00:23:36.470055 20869 processor.cc:908] Processor: complete processing batch bd74ba50-bdc3-4016-bfc9-a43c95e71e87 into model nwt
