I0224 00:24:24.034209 20865 master_component.cc:1386] RegularizeModelArgs: rwt_target_name=rwt, pwt_source_name=pwt, nwt_source_name=nwt
I0224 00:24:24.034245 20865 master_component.cc:930] MasterComponent: start regularizing model pwt
I0224 00:24:24.054641 20869 processor.cc:717] No data in processing queue, waiting...
I0224 00:24:24.199939 12535 c_interface.cc:560] Pass GetScoreValueArgs, score_name=^^^ItemsProcessedScore^^^ to MasterComponent::Request
I0224 00:24:24.200042 12535 c_interface.cc:231] ArtmCopyRequestedMessage is copying 46 bytes...
I0224 00:24:24.435895 20865 master_component.cc:956] MasterComponent: complete regularizing model pwt
I0224 00:24:24.435974 20865 master_component.cc:1399] NormalizeModelArgs: pwt_target_name=pwt, nwt_source_name=nwt, rwt_source_name=rwt
I0224 00:24:24.435992 20865 master_component.cc:960] MasterComponent: start normalizing model nwt
I0224 00:24:24.735051 20865 master_component.cc:988] MasterComponent: complete normalizing model nwt
I0224 00:24:25.003815 20865 master_component.cc:1423] DisposeModel rwt
I0224 00:24:25.049170 20865 master_component.cc:1013] FitOffline: ItemsProcessed, num_items=1728, num_batches=18, token_weight=808522, token_weight_in_effect=808522
I0224 00:24:25.049881 12535 c_interface.cc:560] Pass GetScoreValueArgs, score_name=^^^ItemsProcessedScore^^^ to MasterComponent::Request
I0224 00:24:25.049957 12535 c_interface.cc:231] ArtmCopyRequestedMessage is copying 46 bytes...
I0224 00:24:25.051973 20865 c_interface.cc:387] Pass FitOfflineMasterModelArgs, batch_filename_size=18, batch_weight_size=18, num_collection_passes=1 to MN4artm4core15MasterComponentEFvRKNS_25FitOfflineMasterModelArgsEE
I0224 00:24:25.052083 20865 master_component.cc:1348] ProcessBatchesArgs: nwt_target_name=nwt, batch_filename_size=18, batch_size=0, batch_weight_size=18, pwt_source_name=pwt, num_document_passes=10, regularizer=(name:SparsePhi, tau:100000), class=(text:1), class=(author:1), reuse_theta=no, opt_for_avx=yes, predict_class_id=
I0224 00:24:25.211611 20870 processor.cc:724] Processing queue has data, processing started
I0224 00:24:25.215068 20869 processor.cc:724] Processing queue has data, processing started
I0224 00:24:25.227913 20869 processor.cc:803] Processor: start processing batch 6d4f6d29-c73d-4e17-9579-b2d15ddf0238 into model nwt
I0224 00:24:25.232231 20870 processor.cc:803] Processor: start processing batch bcf8f73e-e7e0-42fb-8ef1-f2249a59146a into model nwt
I0224 00:24:25.265504 20869 processor.cc:908] Processor: complete processing batch 6d4f6d29-c73d-4e17-9579-b2d15ddf0238 into model nwt
I0224 00:24:25.266381 20869 cuckoo_watch.h:45] 50ms in ProcessBatch(bathes/aaaaaa.batch) [including 8ms in LoadMessage; 1ms in InitializeSparseNdw; 0ms in InitializeTheta; 0ms in CreateRegularizerAgents; 27ms in InferThetaAndUpdateNwtSparse; 8ms in CalculateScore(^^^ItemsProcessedScore^^^); ]
I0224 00:24:25.276788 20869 processor.cc:803] Processor: start processing batch 1220b022-8e92-45f1-a6d4-f7412bd0657f into model nwt
I0224 00:24:25.319638 20870 processor.cc:908] Processor: complete processing batch bcf8f73e-e7e0-42fb-8ef1-f2249a59146a into model nwt
I0224 00:24:25.329548 20870 cuckoo_watch.h:45] 116ms in ProcessBatch(bathes/aaaaab.batch) [including 16ms in LoadMessage; 3ms in InitializeSparseNdw; 0ms in InitializeTheta; 0ms in CreateRegularizerAgents; 65ms in InferThetaAndUpdateNwtSparse; 18ms in CalculateScore(^^^ItemsProcessedScore^^^); ]
I0224 00:24:25.343857 20870 processor.cc:803] Processor: start processing batch bd74ba50-bdc3-4016-bfc9-a43c95e71e87 into model nwt
I0224 00:24:25.368325 20869 processor.cc:908] Processor: complete processing batch 1220b022-8e92-45f1-a6d4-f7412bd0657f into model nwt
I0224 00:24:25.369837 20869 cuckoo_watch.h:45] 103ms in ProcessBatch(bathes/aaaaac.batch) [including 7ms in LoadMessage; 3ms in InitializeSparseNdw; 0ms in InitializeTheta; 0ms in CreateRegularizerAgents; 67ms in InferThetaAndUpdateNwtSparse; 20ms in CalculateScore(^^^ItemsProcessedScore^^^); ]
I0224 00:24:25.379211 20869 processor.cc:803] Processor: start processing batch 7b3f2b6b-dc96-4862-b960-cd3f39eac849 into model nwt
I0224 00:24:25.428139 20870 processor.cc:908] Processor: complete processing batch bd74ba50-bdc3-4016-bfc9-a43c95e71e87 into model nwt
I0224 00:24:25.430004 20870 cuckoo_watch.h:45] 100ms in ProcessBatch(bathes/aaaaad.batch) [including 10ms in LoadMessage; 3ms in InitializeSparseNdw; 0ms in InitializeTheta; 0ms in CreateRegularizerAgents; 60ms in InferThetaAndUpdateNwtSparse; 19ms in CalculateScore(^^^ItemsProcessedScore^^^); ]
I0224 00:24:25.439972 20870 processor.cc:803] Processor: start processing batch bd0c276a-8e88-44c3-88ce-a0ee6996a17c into model nwt
I0224 00:24:25.454047 20869 processor.cc:908] Processor: complete processing batch 7b3f2b6b-dc96-4862-b960-cd3f39eac849 into model nwt
I0224 00:24:25.455571 20869 cuckoo_watch.h:45] 85ms in ProcessBatch(bathes/aaaaae.batch) [including 5ms in LoadMessage; 2ms in InitializeSparseNdw; 0ms in InitializeTheta; 0ms in CreateRegularizerAgents; 53ms in InferThetaAndUpdateNwtSparse; 18ms in CalculateScore(^^^ItemsProcessedScore^^^); ]
I0224 00:24:25.466450 20869 processor.cc:803] Processor: start processing batch cc4ebd10-706f-420b-93ce-013f7bf0cffa into model nwt
I0224 00:24:25.527601 20870 processor.cc:908] Processor: complete processing batch bd0c276a-8e88-44c3-88ce-a0ee6996a17c into model nwt
I0224 00:24:25.529335 20870 cuckoo_watch.h:45] 99ms in ProcessBatch(bathes/aaaaaf.batch) [including 6ms in LoadMessage; 3ms in InitializeSparseNdw; 0ms in InitializeTheta; 0ms in CreateRegularizerAgents; 63ms in InferThetaAndUpdateNwtSparse; 20ms in CalculateScore(^^^ItemsProcessedScore^^^); ]
I0224 00:24:25.541752 20870 processor.cc:803] Processor: start processing batch 95f685e5-14c1-43d9-bbf0-508a8cf4a4ab into model nwt
I0224 00:24:25.595818 20869 processor.cc:908] Processor: complete processing batch cc4ebd10-706f-420b-93ce-013f7bf0cffa into model nwt
I0224 00:24:25.597993 20869 cuckoo_watch.h:45] 142ms in ProcessBatch(bathes/aaaaag.batch) [including 7ms in LoadMessage; 5ms in InitializeSparseNdw; 0ms in InitializeTheta; 0ms in CreateRegularizerAgents; 95ms in InferThetaAndUpdateNwtSparse; 28ms in CalculateScore(^^^ItemsProcessedScore^^^); ]
I0224 00:24:25.607843 20869 processor.cc:803] Processor: start processing batch 1569872b-ec3e-40a2-9ce4-7c6165272236 into model nwt
I0224 00:24:25.647400 20870 processor.cc:908] Processor: complete processing batch 95f685e5-14c1-43d9-bbf0-508a8cf4a4ab into model nwt
I0224 00:24:25.649263 20870 cuckoo_watch.h:45] 119ms in ProcessBatch(bathes/aaaaah.batch) [including 8ms in LoadMessage; 4ms in InitializeSparseNdw; 0ms in InitializeTheta; 0ms in CreateRegularizerAgents; 77ms in InferThetaAndUpdateNwtSparse; 24ms in CalculateScore(^^^ItemsProcessedScore^^^); ]
I0224 00:24:25.662966 20870 processor.cc:803] Processor: start processing batch 19cb537e-2b26-4032-a266-8b50c8eaa339 into model nwt
I0224 00:24:25.697394 20869 processor.cc:908] Processor: complete processing batch 1569872b-ec3e-40a2-9ce4-7c6165272236 into model nwt
I0224 00:24:25.698985 20869 cuckoo_watch.h:45] 100ms in ProcessBatch(bathes/aaaaai.batch) [including 6ms in LoadMessage; 3ms in InitializeSparseNdw; 0ms in InitializeTheta; 0ms in CreateRegularizerAgents; 65ms in InferThetaAndUpdateNwtSparse; 19ms in CalculateScore(^^^ItemsProcessedScore^^^); ]
I0224 00:24:25.717774 20869 processor.cc:803] Processor: start processing batch 01682928-9fa4-47ab-813a-78764f1449c1 into model nwt
I0224 00:24:25.857311 20870 processor.cc:908] Processor: complete processing batch 19cb537e-2b26-4032-a266-8b50c8eaa339 into model nwt
I0224 00:24:25.859866 20870 cuckoo_watch.h:45] 210ms in ProcessBatch(bathes/aaaaaj.batch) [including 10ms in LoadMessage; 8ms in InitializeSparseNdw; 0ms in InitializeTheta; 0ms in CreateRegularizerAgents; 140ms in InferThetaAndUpdateNwtSparse; 44ms in CalculateScore(^^^ItemsProcessedScore^^^); ]
I0224 00:24:25.879748 20870 processor.cc:803] Processor: start processing batch a7f9d247-d8b6-46cd-988c-1114742eab41 into model nwt
I0224 00:24:26.051475 12535 c_interface.cc:560] Pass GetScoreValueArgs, score_name=^^^ItemsProcessedScore^^^ to MasterComponent::Request
I0224 00:24:26.051579 12535 c_interface.cc:231] ArtmCopyRequestedMessage is copying 46 bytes...
I0224 00:24:26.100673 20869 processor.cc:908] Processor: complete processing batch 01682928-9fa4-47ab-813a-78764f1449c1 into model nwt
I0224 00:24:26.104245 20869 cuckoo_watch.h:45] 405ms in ProcessBatch(bathes/aaaaak.batch) [including 15ms in LoadMessage; 18ms in InitializeSparseNdw; 0ms in InitializeTheta; 0ms in CreateRegularizerAgents; 283ms in InferThetaAndUpdateNwtSparse; 80ms in CalculateScore(^^^ItemsProcessedScore^^^); ]
I0224 00:24:26.123767 20869 processor.cc:803] Processor: start processing batch 2b4d6ad1-a5b1-4a8c-be17-6ab2943bb3c8 into model nwt
I0224 00:24:26.245790 20870 processor.cc:908] Processor: complete processing batch a7f9d247-d8b6-46cd-988c-1114742eab41 into model nwt
I0224 00:24:26.249214 20870 cuckoo_watch.h:45] 389ms in ProcessBatch(bathes/aaaaal.batch) [including 15ms in LoadMessage; 17ms in InitializeSparseNdw; 0ms in InitializeTheta; 0ms in CreateRegularizerAgents; 270ms in InferThetaAndUpdateNwtSparse; 77ms in CalculateScore(^^^ItemsProcessedScore^^^); ]
I0224 00:24:26.267925 20870 processor.cc:803] Processor: start processing batch a3fe39de-75fe-4809-843a-a6883f1e9df0 into model nwt
I0224 00:24:26.511061 20869 processor.cc:908] Processor: complete processing batch 2b4d6ad1-a5b1-4a8c-be17-6ab2943bb3c8 into model nwt
I0224 00:24:26.514838 20869 cuckoo_watch.h:45] 410ms in ProcessBatch(bathes/aaaaam.batch) [including 16ms in LoadMessage; 16ms in InitializeSparseNdw; 0ms in InitializeTheta; 0ms in CreateRegularizerAgents; 277ms in InferThetaAndUpdateNwtSparse; 92ms in CalculateScore(^^^ItemsProcessedScore^^^); ]
I0224 00:24:26.531157 20869 processor.cc:803] Processor: start processing batch f72f4d76-4fde-4d63-ba7f-cf9369742dfc into model nwt
I0224 00:24:26.594171 20870 processor.cc:908] Processor: complete processing batch a3fe39de-75fe-4809-843a-a6883f1e9df0 into model nwt
I0224 00:24:26.597468 20870 cuckoo_watch.h:45] 348ms in ProcessBatch(bathes/aaaaan.batch) [including 15ms in LoadMessage; 14ms in InitializeSparseNdw; 0ms in InitializeTheta; 0ms in CreateRegularizerAgents; 237ms in InferThetaAndUpdateNwtSparse; 73ms in CalculateScore(^^^ItemsProcessedScore^^^); ]
I0224 00:24:26.612766 20870 processor.cc:803] Processor: start processing batch 1ef16483-3b24-48f8-a94c-1f40e6f54aa3 into model nwt
I0224 00:24:26.782079 20869 processor.cc:908] Processor: complete processing batch f72f4d76-4fde-4d63-ba7f-cf9369742dfc into model nwt
I0224 00:24:26.785462 20869 cuckoo_watch.h:45] 269ms in ProcessBatch(bathes/aaaaao.batch) [including 12ms in LoadMessage; 11ms in InitializeSparseNdw; 0ms in InitializeTheta; 0ms in CreateRegularizerAgents; 179ms in InferThetaAndUpdateNwtSparse; 59ms in CalculateScore(^^^ItemsProcessedScore^^^); ]
I0224 00:24:26.793203 20869 processor.cc:803] Processor: start processing batch 6e97bab5-72d9-4cf9-a437-be115f11d9cc into model nwt
I0224 00:24:26.845674 20869 processor.cc:908] Processor: complete processing batch 6e97bab5-72d9-4cf9-a437-be115f11d9cc into model nwt
I0224 00:24:26.847308 20869 cuckoo_watch.h:45] 61ms in ProcessBatch(bathes/aaaaaq.batch) [including 4ms in LoadMessage; 1ms in InitializeSparseNdw; 0ms in InitializeTheta; 0ms in CreateRegularizerAgents; 37ms in InferThetaAndUpdateNwtSparse; 12ms in CalculateScore(^^^ItemsProcessedScore^^^); ]
I0224 00:24:26.852030 20869 processor.cc:803] Processor: start processing batch c041e298-89c3-46b2-9e0e-72e6f52f4b5e into model nwt
I0224 00:24:26.855548 20870 processor.cc:908] Processor: complete processing batch 1ef16483-3b24-48f8-a94c-1f40e6f54aa3 into model nwt
I0224 00:24:26.858382 20870 cuckoo_watch.h:45] 260ms in ProcessBatch(bathes/aaaaap.batch) [including 11ms in LoadMessage; 10ms in InitializeSparseNdw; 0ms in InitializeTheta; 0ms in CreateRegularizerAgents; 177ms in InferThetaAndUpdateNwtSparse; 54ms in CalculateScore(^^^ItemsProcessedScore^^^); ]
I0224 00:24:26.861973 20869 processor.cc:908] Processor: complete processing batch c041e298-89c3-46b2-9e0e-72e6f52f4b5e into model nwt
I0224 00:24:26.862463 20869 cuckoo_watch.h:45] 14ms in ProcessBatch(bathes/aaaaar.batch) [including 1ms in LoadMessage; 0ms in InitializeSparseNdw; 0ms in InitializeTheta; 0ms in CreateRegularizerAgents; 6ms in InferThetaAndUpdateNwtSparse; 2ms in CalculateScore(^^^ItemsProcessedScore^^^); ]
I0224 00:24:26.863332 20865 master_component.cc:1386] RegularizeModelArgs: rwt_target_name=rwt, pwt_source_name=pwt, nwt_source_name=nwt
I0224 00:24:26.863361 20865 master_component.cc:930] MasterComponent: start regularizing model pwt
I0224 00:24:26.878700 20870 processor.cc:717] No data in processing queue, waiting...
I0224 00:24:26.882838 20869 processor.cc:717] No data in processing queue, waiting...
I0224 00:24:27.052110 12535 c_interface.cc:560] Pass GetScoreValueArgs, score_name=^^^ItemsProcessedScore^^^ to MasterComponent::Request
I0224 00:24:27.052219 12535 c_interface.cc:231] ArtmCopyRequestedMessage is copying 46 bytes...
I0224 00:24:27.259572 20865 master_component.cc:956] MasterComponent: complete regularizing model pwt
I0224 00:24:27.259670 20865 master_component.cc:1399] NormalizeModelArgs: pwt_target_name=pwt, nwt_source_name=nwt, rwt_source_name=rwt
I0224 00:24:27.259687 20865 master_component.cc:960] MasterComponent: start normalizing model nwt
I0224 00:24:27.561009 20865 master_component.cc:988] MasterComponent: complete normalizing model nwt
I0224 00:24:27.832779 20865 master_component.cc:1423] DisposeModel rwt
I0224 00:24:27.878578 20865 master_component.cc:1013] FitOffline: ItemsProcessed, num_items=1728, num_batches=18, token_weight=808522, token_weight_in_effect=808522
I0224 00:24:27.879266 12535 c_interface.cc:560] Pass GetScoreValueArgs, score_name=^^^ItemsProcessedScore^^^ to MasterComponent::Request
I0224 00:24:27.879341 12535 c_interface.cc:231] ArtmCopyRequestedMessage is copying 46 bytes...
I0224 00:24:27.880797 20865 c_interface.cc:387] Pass FitOfflineMasterModelArgs, batch_filename_size=18, batch_weight_size=18, num_collection_passes=1 to MN4artm4core15MasterComponentEFvRKNS_25FitOfflineMasterModelArgsEE
I0224 00:24:27.880898 20865 master_component.cc:1348] ProcessBatchesArgs: nwt_target_name=nwt, batch_filename_size=18, batch_size=0, batch_weight_size=18, pwt_source_name=pwt, num_document_passes=10, regularizer=(name:SparsePhi, tau:100000), class=(text:1), class=(author:1), reuse_theta=no, opt_for_avx=yes, predict_class_id=
I0224 00:24:28.039893 20870 processor.cc:724] Processing queue has data, processing started
I0224 00:24:28.044811 20869 processor.cc:724] Processing queue has data, processing started
I0224 00:24:28.057845 20870 processor.cc:803] Processor: start processing batch 6d4f6d29-c73d-4e17-9579-b2d15ddf0238 into model nwt
I0224 00:24:28.063382 20869 processor.cc:803] Processor: start processing batch bcf8f73e-e7e0-42fb-8ef1-f2249a59146a into model nwt
I0224 00:24:28.095579 20870 processor.cc:908] Processor: complete processing batch 6d4f6d29-c73d-4e17-9579-b2d15ddf0238 into model nwt
I0224 00:24:28.096496 20870 cuckoo_watch.h:45] 55ms in ProcessBatch(bathes/aaaaaa.batch) [including 13ms in LoadMessage; 1ms in InitializeSparseNdw; 0ms in InitializeTheta; 0ms in CreateRegularizerAgents; 26ms in InferThetaAndUpdateNwtSparse; 9ms in CalculateScore(^^^ItemsProcessedScore^^^); ]
I0224 00:24:28.105824 20870 processor.cc:803] Processor: start processing batch 1220b022-8e92-45f1-a6d4-f7412bd0657f into model nwt
I0224 00:24:28.141440 20869 processor.cc:908] Processor: complete processing batch bcf8f73e-e7e0-42fb-8ef1-f2249a59146a into model nwt
I0224 00:24:28.143079 20869 cuckoo_watch.h:45] 97ms in ProcessBatch(bathes/aaaaab.batch) [including 14ms in LoadMessage; 3ms in InitializeSparseNdw; 0ms in InitializeTheta; 0ms in CreateRegularizerAgents; 56ms in InferThetaAndUpdateNwtSparse; 18ms in CalculateScore(^^^ItemsProcessedScore^^^); ]
I0224 00:24:28.152446 20869 processor.cc:803] Processor: start processing batch bd74ba50-bdc3-4016-bfc9-a43c95e71e87 into model nwt
I0224 00:24:28.192910 20870 processor.cc:908] Processor: complete processing batch 1220b022-8e92-45f1-a6d4-f7412bd0657f into model nwt
I0224 00:24:28.194403 20870 cuckoo_watch.h:45] 97ms in ProcessBatch(bathes/aaaaac.batch) [including 5ms in LoadMessage; 3ms in InitializeSparseNdw; 0ms in InitializeTheta; 0ms in CreateRegularizerAgents; 63ms in InferThetaAndUpdateNwtSparse; 20ms in CalculateScore(^^^ItemsProcessedScore^^^); ]
I0224 00:24:28.203289 20870 processor.cc:803] Processor: start processing batch 7b3f2b6b-dc96-4862-b960-cd3f39eac849 into model nwt
I0224 00:24:28.238206 20869 processor.cc:908] Processor: complete processing batch bd74ba50-bdc3-4016-bfc9-a43c95e71e87 into model nwt
I0224 00:24:28.239722 20869 cuckoo_watch.h:45] 96ms in ProcessBatch(bathes/aaaaad.batch) [including 5ms in LoadMessage; 3ms in InitializeSparseNdw; 0ms in InitializeTheta; 0ms in CreateRegularizerAgents; 62ms in InferThetaAndUpdateNwtSparse; 19ms in CalculateScore(^^^ItemsProcessedScore^^^); ]
I0224 00:24:28.249305 20869 processor.cc:803] Processor: start processing batch bd0c276a-8e88-44c3-88ce-a0ee6996a17c into model nwt
I0224 00:24:28.279846 20870 processor.cc:908] Processor: complete processing batch 7b3f2b6b-dc96-4862-b960-cd3f39eac849 into model nwt
I0224 00:24:28.281371 20870 cuckoo_watch.h:45] 86ms in ProcessBatch(bathes/aaaaae.batch) [including 5ms in LoadMessage; 3ms in InitializeSparseNdw; 0ms in InitializeTheta; 0ms in CreateRegularizerAgents; 53ms in InferThetaAndUpdateNwtSparse; 19ms in CalculateScore(^^^ItemsProcessedScore^^^); ]
I0224 00:24:28.292687 20870 processor.cc:803] Processor: start processing batch cc4ebd10-706f-420b-93ce-013f7bf0cffa into model nwt
I0224 00:24:28.348753 20869 processor.cc:908] Processor: complete processing batch bd0c276a-8e88-44c3-88ce-a0ee6996a17c into model nwt
I0224 00:24:28.350570 20869 cuckoo_watch.h:45] 110ms in ProcessBatch(bathes/aaaaaf.batch) [including 6ms in LoadMessage; 4ms in InitializeSparseNdw; 0ms in InitializeTheta; 0ms in CreateRegularizerAgents; 73ms in InferThetaAndUpdateNwtSparse; 20ms in CalculateScore(^^^ItemsProcessedScore^^^); ]
I0224 00:24:28.361485 20869 processor.cc:803] Processor: start processing batch 95f685e5-14c1-43d9-bbf0-508a8cf4a4ab into model nwt
I0224 00:24:28.423806 20870 processor.cc:908] Processor: complete processing batch cc4ebd10-706f-420b-93ce-013f7bf0cffa into model nwt
I0224 00:24:28.425771 20870 cuckoo_watch.h:45] 144ms in ProcessBatch(bathes/aaaaag.batch) [including 7ms in LoadMessage; 5ms in InitializeSparseNdw; 0ms in InitializeTheta; 0ms in CreateRegularizerAgents; 95ms in InferThetaAndUpdateNwtSparse; 29ms in CalculateScore(^^^ItemsProcessedScore^^^); ]
I0224 00:24:28.435569 20870 processor.cc:803] Processor: start processing batch 1569872b-ec3e-40a2-9ce4-7c6165272236 into model nwt
I0224 00:24:28.466809 20869 processor.cc:908] Processor: complete processing batch 95f685e5-14c1-43d9-bbf0-508a8cf4a4ab into model nwt
I0224 00:24:28.468782 20869 cuckoo_watch.h:45] 118ms in ProcessBatch(bathes/aaaaah.batch) [including 7ms in LoadMessage; 4ms in InitializeSparseNdw; 0ms in InitializeTheta; 0ms in CreateRegularizerAgents; 77ms in InferThetaAndUpdateNwtSparse; 23ms in CalculateScore(^^^ItemsProcessedScore^^^); ]
I0224 00:24:28.482213 20869 processor.cc:803] Processor: start processing batch 19cb537e-2b26-4032-a266-8b50c8eaa339 into model nwt
I0224 00:24:28.526481 20870 processor.cc:908] Processor: complete processing batch 1569872b-ec3e-40a2-9ce4-7c6165272236 into model nwt
I0224 00:24:28.529017 20870 cuckoo_watch.h:45] 103ms in ProcessBatch(bathes/aaaaai.batch) [including 5ms in LoadMessage; 3ms in InitializeSparseNdw; 0ms in InitializeTheta; 0ms in CreateRegularizerAgents; 65ms in InferThetaAndUpdateNwtSparse; 21ms in CalculateScore(^^^ItemsProcessedScore^^^); ]
I0224 00:24:28.550562 20870 processor.cc:803] Processor: start processing batch 01682928-9fa4-47ab-813a-78764f1449c1 into model nwt
I0224 00:24:28.685405 20869 processor.cc:908] Processor: complete processing batch 19cb537e-2b26-4032-a266-8b50c8eaa339 into model nwt
I0224 00:24:28.687844 20869 cuckoo_watch.h:45] 218ms in ProcessBatch(bathes/aaaaaj.batch) [including 9ms in LoadMessage; 8ms in InitializeSparseNdw; 0ms in InitializeTheta; 0ms in CreateRegularizerAgents; 153ms in InferThetaAndUpdateNwtSparse; 41ms in CalculateScore(^^^ItemsProcessedScore^^^); ]
I0224 00:24:28.706099 20869 processor.cc:803] Processor: start processing batch a7f9d247-d8b6-46cd-988c-1114742eab41 into model nwt
I0224 00:24:28.880321 12535 c_interface.cc:560] Pass GetScoreValueArgs, score_name=^^^ItemsProcessedScore^^^ to MasterComponent::Request
I0224 00:24:28.880424 12535 c_interface.cc:231] ArtmCopyRequestedMessage is copying 46 bytes...
I0224 00:24:28.931257 20870 processor.cc:908] Processor: complete processing batch 01682928-9fa4-47ab-813a-78764f1449c1 into model nwt
I0224 00:24:28.935070 20870 cuckoo_watch.h:45] 405ms in ProcessBatch(bathes/aaaaak.batch) [including 17ms in LoadMessage; 18ms in InitializeSparseNdw; 0ms in InitializeTheta; 0ms in CreateRegularizerAgents; 277ms in InferThetaAndUpdateNwtSparse; 84ms in CalculateScore(^^^ItemsProcessedScore^^^); ]
I0224 00:24:28.955226 20870 processor.cc:803] Processor: start processing batch 2b4d6ad1-a5b1-4a8c-be17-6ab2943bb3c8 into model nwt
I0224 00:24:29.081609 20869 processor.cc:908] Processor: complete processing batch a7f9d247-d8b6-46cd-988c-1114742eab41 into model nwt
I0224 00:24:29.084834 20869 cuckoo_watch.h:45] 396ms in ProcessBatch(bathes/aaaaal.batch) [including 14ms in LoadMessage; 16ms in InitializeSparseNdw; 0ms in InitializeTheta; 0ms in CreateRegularizerAgents; 268ms in InferThetaAndUpdateNwtSparse; 89ms in CalculateScore(^^^ItemsProcessedScore^^^); ]
I0224 00:24:29.102404 20869 processor.cc:803] Processor: start processing batch a3fe39de-75fe-4809-843a-a6883f1e9df0 into model nwt
I0224 00:24:29.339514 20870 processor.cc:908] Processor: complete processing batch 2b4d6ad1-a5b1-4a8c-be17-6ab2943bb3c8 into model nwt
I0224 00:24:29.343312 20870 cuckoo_watch.h:45] 408ms in ProcessBatch(bathes/aaaaam.batch) [including 16ms in LoadMessage; 17ms in InitializeSparseNdw; 0ms in InitializeTheta; 0ms in CreateRegularizerAgents; 280ms in InferThetaAndUpdateNwtSparse; 85ms in CalculateScore(^^^ItemsProcessedScore^^^); ]
I0224 00:24:29.360406 20870 processor.cc:803] Processor: start processing batch f72f4d76-4fde-4d63-ba7f-cf9369742dfc into model nwt
I0224 00:24:29.410645 20869 processor.cc:908] Processor: complete processing batch a3fe39de-75fe-4809-843a-a6883f1e9df0 into model nwt
I0224 00:24:29.413816 20869 cuckoo_watch.h:45] 328ms in ProcessBatch(bathes/aaaaan.batch) [including 13ms in LoadMessage; 13ms in InitializeSparseNdw; 0ms in InitializeTheta; 0ms in CreateRegularizerAgents; 224ms in InferThetaAndUpdateNwtSparse; 69ms in CalculateScore(^^^ItemsProcessedScore^^^); ]
I0224 00:24:29.428284 20869 processor.cc:803] Processor: start processing batch 1ef16483-3b24-48f8-a94c-1f40e6f54aa3 into model nwt
I0224 00:24:29.637549 20870 processor.cc:908] Processor: complete processing batch f72f4d76-4fde-4d63-ba7f-cf9369742dfc into model nwt
I0224 00:24:29.640894 20870 cuckoo_watch.h:45] 297ms in ProcessBatch(bathes/aaaaao.batch) [including 13ms in LoadMessage; 11ms in InitializeSparseNdw; 0ms in InitializeTheta; 0ms in CreateRegularizerAgents; 202ms in InferThetaAndUpdateNwtSparse; 62ms in CalculateScore(^^^ItemsProcessedScore^^^); ]
I0224 00:24:29.648910 20870 processor.cc:803] Processor: start processing batch 6e97bab5-72d9-4cf9-a437-be115f11d9cc into model nwt
I0224 00:24:29.674613 20869 processor.cc:908] Processor: complete processing batch 1ef16483-3b24-48f8-a94c-1f40e6f54aa3 into model nwt
I0224 00:24:29.677346 20869 cuckoo_watch.h:45] 263ms in ProcessBatch(bathes/aaaaap.batch) [including 11ms in LoadMessage; 10ms in InitializeSparseNdw; 0ms in InitializeTheta; 0ms in CreateRegularizerAgents; 182ms in InferThetaAndUpdateNwtSparse; 52ms in CalculateScore(^^^ItemsProcessedScore^^^); ]
I0224 00:24:29.682098 20869 processor.cc:803] Processor: start processing batch c041e298-89c3-46b2-9e0e-72e6f52f4b5e into model nwt
I0224 00:24:29.691627 20869 processor.cc:908] Processor: complete processing batch c041e298-89c3-46b2-9e0e-72e6f52f4b5e into model nwt
I0224 00:24:29.692011 20869 cuckoo_watch.h:45] 14ms in ProcessBatch(bathes/aaaaar.batch) [including 1ms in LoadMessage; 0ms in InitializeSparseNdw; 0ms in InitializeTheta; 0ms in CreateRegularizerAgents; 6ms in InferThetaAndUpdateNwtSparse; 2ms in CalculateScore(^^^ItemsProcessedScore^^^); ]
I0224 00:24:29.703320 20870 processor.cc:908] Processor: complete processing batch 6e97bab5-72d9-4cf9-a437-be115f11d9cc into model nwt
I0224 00:24:29.704844 20870 cuckoo_watch.h:45] 63ms in ProcessBatch(bathes/aaaaaq.batch) [including 4ms in LoadMessage; 2ms in InitializeSparseNdw; 0ms in InitializeTheta; 0ms in CreateRegularizerAgents; 40ms in InferThetaAndUpdateNwtSparse; 11ms in CalculateScore(^^^ItemsProcessedScore^^^); ]
I0224 00:24:29.705407 20865 master_component.cc:1386] RegularizeModelArgs: rwt_target_name=rwt, pwt_source_name=pwt, nwt_source_name=nwt
I0224 00:24:29.705443 20865 master_component.cc:930] MasterComponent: start regularizing model pwt
I0224 00:24:29.717774 20869 processor.cc:717] No data in processing queue, waiting...
I0224 00:24:29.725335 20870 processor.cc:717] No data in processing queue, waiting...
I0224 00:24:29.881024 12535 c_interface.cc:560] Pass GetScoreValueArgs, score_name=^^^ItemsProcessedScore^^^ to MasterComponent::Request
I0224 00:24:29.881171 12535 c_interface.cc:231] ArtmCopyRequestedMessage is copying 46 bytes...
I0224 00:24:30.099879 20865 master_component.cc:956] MasterComponent: complete regularizing model pwt
I0224 00:24:30.099956 20865 master_component.cc:1399] NormalizeModelArgs: pwt_target_name=pwt, nwt_source_name=nwt, rwt_source_name=rwt
I0224 00:24:30.100520 20865 master_component.cc:960] MasterComponent: start normalizing model nwt
I0224 00:24:30.400290 20865 master_component.cc:988] MasterComponent: complete normalizing model nwt
I0224 00:24:30.669513 20865 master_component.cc:1423] DisposeModel rwt
I0224 00:24:30.715761 20865 master_component.cc:1013] FitOffline: ItemsProcessed, num_items=1728, num_batches=18, token_weight=808522, token_weight_in_effect=808522
I0224 00:24:30.716483 12535 c_interface.cc:560] Pass GetScoreValueArgs, score_name=^^^ItemsProcessedScore^^^ to MasterComponent::Request
I0224 00:24:30.716560 12535 c_interface.cc:231] ArtmCopyRequestedMessage is copying 46 bytes...
I0224 00:24:30.717464 20865 c_interface.cc:387] Pass FitOfflineMasterModelArgs, batch_filename_size=18, batch_weight_size=18, num_collection_passes=1 to MN4artm4core15MasterComponentEFvRKNS_25FitOfflineMasterModelArgsEE
I0224 00:24:30.717561 20865 master_component.cc:1348] ProcessBatchesArgs: nwt_target_name=nwt, batch_filename_size=18, batch_size=0, batch_weight_size=18, pwt_source_name=pwt, num_document_passes=10, regularizer=(name:SparsePhi, tau:100000), class=(text:1), class=(author:1), reuse_theta=no, opt_for_avx=yes, predict_class_id=
I0224 00:24:30.877735 20870 processor.cc:724] Processing queue has data, processing started
I0224 00:24:30.880226 20869 processor.cc:724] Processing queue has data, processing started
I0224 00:24:30.893996 20869 processor.cc:803] Processor: start processing batch 6d4f6d29-c73d-4e17-9579-b2d15ddf0238 into model nwt
I0224 00:24:30.899878 20870 processor.cc:803] Processor: start processing batch bcf8f73e-e7e0-42fb-8ef1-f2249a59146a into model nwt
I0224 00:24:30.931850 20869 processor.cc:908] Processor: complete processing batch 6d4f6d29-c73d-4e17-9579-b2d15ddf0238 into model nwt
I0224 00:24:30.932734 20869 cuckoo_watch.h:45] 51ms in ProcessBatch(bathes/aaaaaa.batch) [including 8ms in LoadMessage; 1ms in InitializeSparseNdw; 0ms in InitializeTheta; 0ms in CreateRegularizerAgents; 27ms in InferThetaAndUpdateNwtSparse; 8ms in CalculateScore(^^^ItemsProcessedScore^^^); ]
I0224 00:24:30.942221 20869 processor.cc:803] Processor: start processing batch 1220b022-8e92-45f1-a6d4-f7412bd0657f into model nwt
I0224 00:24:30.977413 20870 processor.cc:908] Processor: complete processing batch bcf8f73e-e7e0-42fb-8ef1-f2249a59146a into model nwt
I0224 00:24:30.978853 20870 cuckoo_watch.h:45] 99ms in ProcessBatch(bathes/aaaaab.batch) [including 17ms in LoadMessage; 3ms in InitializeSparseNdw; 0ms in InitializeTheta; 0ms in CreateRegularizerAgents; 55ms in InferThetaAndUpdateNwtSparse; 18ms in CalculateScore(^^^ItemsProcessedScore^^^); ]
I0224 00:24:30.988361 20870 processor.cc:803] Processor: start processing batch bd74ba50-bdc3-4016-bfc9-a43c95e71e87 into model nwt
I0224 00:24:31.029616 20869 processor.cc:908] Processor: complete processing batch 1220b022-8e92-45f1-a6d4-f7412bd0657f into model nwt
I0224 00:24:31.031075 20869 cuckoo_watch.h:45] 98ms in ProcessBatch(bathes/aaaaac.batch) [including 5ms in LoadMessage; 3ms in InitializeSparseNdw; 0ms in InitializeTheta; 0ms in CreateRegularizerAgents; 64ms in InferThetaAndUpdateNwtSparse; 19ms in CalculateScore(^^^ItemsProcessedScore^^^); ]
I0224 00:24:31.040141 20869 processor.cc:803] Processor: start processing batch 7b3f2b6b-dc96-4862-b960-cd3f39eac849 into model nwt
I0224 00:24:31.075104 20870 processor.cc:908] Processor: complete processing batch bd74ba50-bdc3-4016-bfc9-a43c95e71e87 into model nwt
I0224 00:24:31.076912 20870 cuckoo_watch.h:45] 97ms in ProcessBatch(bathes/aaaaad.batch) [including 6ms in LoadMessage; 3ms in InitializeSparseNdw; 0ms in InitializeTheta; 0ms in CreateRegularizerAgents; 62ms in InferThetaAndUpdateNwtSparse; 20ms in CalculateScore(^^^ItemsProcessedScore^^^); ]
I0224 00:24:31.086623 20870 processor.cc:803] Processor: start processing batch bd0c276a-8e88-44c3-88ce-a0ee6996a17c into model nwt
I0224 00:24:31.114485 20869 processor.cc:908] Processor: complete processing batch 7b3f2b6b-dc96-4862-b960-cd3f39eac849 into model nwt
I0224 00:24:31.115953 20869 cuckoo_watch.h:45] 84ms in ProcessBatch(bathes/aaaaae.batch) [including 5ms in LoadMessage; 3ms in InitializeSparseNdw; 0ms in InitializeTheta; 0ms in CreateRegularizerAgents; 53ms in InferThetaAndUpdateNwtSparse; 17ms in CalculateScore(^^^ItemsProcessedScore^^^); ]
I0224 00:24:31.127401 20869 processor.cc:803] Processor: start processing batch cc4ebd10-706f-420b-93ce-013f7bf0cffa into model nwt
I0224 00:24:31.190539 20870 processor.cc:908] Processor: complete processing batch bd0c276a-8e88-44c3-88ce-a0ee6996a17c into model nwt
I0224 00:24:31.192196 20870 cuckoo_watch.h:45] 115ms in ProcessBatch(bathes/aaaaaf.batch) [including 6ms in LoadMessage; 3ms in InitializeSparseNdw; 0ms in InitializeTheta; 0ms in CreateRegularizerAgents; 78ms in InferThetaAndUpdateNwtSparse; 21ms in CalculateScore(^^^ItemsProcessedScore^^^); ]
I0224 00:24:31.202920 20870 processor.cc:803] Processor: start processing batch 95f685e5-14c1-43d9-bbf0-508a8cf4a4ab into model nwt
I0224 00:24:31.258281 20869 processor.cc:908] Processor: complete processing batch cc4ebd10-706f-420b-93ce-013f7bf0cffa into model nwt
I0224 00:24:31.260161 20869 cuckoo_watch.h:45] 143ms in ProcessBatch(bathes/aaaaag.batch) [including 7ms in LoadMessage; 5ms in InitializeSparseNdw; 0ms in InitializeTheta; 0ms in CreateRegularizerAgents; 95ms in InferThetaAndUpdateNwtSparse; 29ms in CalculateScore(^^^ItemsProcessedScore^^^); ]
I0224 00:24:31.270223 20869 processor.cc:803] Processor: start processing batch 1569872b-ec3e-40a2-9ce4-7c6165272236 into model nwt
I0224 00:24:31.320540 20870 processor.cc:908] Processor: complete processing batch 95f685e5-14c1-43d9-bbf0-508a8cf4a4ab into model nwt
I0224 00:24:31.322355 20870 cuckoo_watch.h:45] 130ms in ProcessBatch(bathes/aaaaah.batch) [including 7ms in LoadMessage; 4ms in InitializeSparseNdw; 0ms in InitializeTheta; 0ms in CreateRegularizerAgents; 88ms in InferThetaAndUpdateNwtSparse; 24ms in CalculateScore(^^^ItemsProcessedScore^^^); ]
I0224 00:24:31.336513 20870 processor.cc:803] Processor: start processing batch 19cb537e-2b26-4032-a266-8b50c8eaa339 into model nwt
I0224 00:24:31.359617 20869 processor.cc:908] Processor: complete processing batch 1569872b-ec3e-40a2-9ce4-7c6165272236 into model nwt
I0224 00:24:31.361233 20869 cuckoo_watch.h:45] 100ms in ProcessBatch(bathes/aaaaai.batch) [including 5ms in LoadMessage; 3ms in InitializeSparseNdw; 0ms in InitializeTheta; 0ms in CreateRegularizerAgents; 65ms in InferThetaAndUpdateNwtSparse; 20ms in CalculateScore(^^^ItemsProcessedScore^^^); ]
I0224 00:24:31.380224 20869 processor.cc:803] Processor: start processing batch 01682928-9fa4-47ab-813a-78764f1449c1 into model nwt
I0224 00:24:31.529479 20870 processor.cc:908] Processor: complete processing batch 19cb537e-2b26-4032-a266-8b50c8eaa339 into model nwt
I0224 00:24:31.532213 20870 cuckoo_watch.h:45] 209ms in ProcessBatch(bathes/aaaaaj.batch) [including 10ms in LoadMessage; 8ms in InitializeSparseNdw; 0ms in InitializeTheta; 0ms in CreateRegularizerAgents; 142ms in InferThetaAndUpdateNwtSparse; 41ms in CalculateScore(^^^ItemsProcessedScore^^^); ]
I0224 00:24:31.551184 20870 processor.cc:803] Processor: start processing batch a7f9d247-d8b6-46cd-988c-1114742eab41 into model nwt
I0224 00:24:31.717947 12535 c_interface.cc:560] Pass GetScoreValueArgs, score_name=^^^ItemsProcessedScore^^^ to MasterComponent::Request
I0224 00:24:31.718056 12535 c_interface.cc:231] ArtmCopyRequestedMessage is copying 46 bytes...
I0224 00:24:31.746956 20869 processor.cc:908] Processor: complete processing batch 01682928-9fa4-47ab-813a-78764f1449c1 into model nwt
I0224 00:24:31.750471 20869 cuckoo_watch.h:45] 389ms in ProcessBatch(bathes/aaaaak.batch) [including 15ms in LoadMessage; 17ms in InitializeSparseNdw; 0ms in InitializeTheta; 0ms in CreateRegularizerAgents; 265ms in InferThetaAndUpdateNwtSparse; 83ms in CalculateScore(^^^ItemsProcessedScore^^^); ]
I0224 00:24:31.769611 20869 processor.cc:803] Processor: start processing batch 2b4d6ad1-a5b1-4a8c-be17-6ab2943bb3c8 into model nwt
I0224 00:24:31.936632 20870 processor.cc:908] Processor: complete processing batch a7f9d247-d8b6-46cd-988c-1114742eab41 into model nwt
I0224 00:24:31.939985 20870 cuckoo_watch.h:45] 407ms in ProcessBatch(bathes/aaaaal.batch) [including 15ms in LoadMessage; 17ms in InitializeSparseNdw; 0ms in InitializeTheta; 0ms in CreateRegularizerAgents; 278ms in InferThetaAndUpdateNwtSparse; 88ms in CalculateScore(^^^ItemsProcessedScore^^^); ]
I0224 00:24:31.957762 20870 processor.cc:803] Processor: start processing batch a3fe39de-75fe-4809-843a-a6883f1e9df0 into model nwt
I0224 00:24:32.144785 20869 processor.cc:908] Processor: complete processing batch 2b4d6ad1-a5b1-4a8c-be17-6ab2943bb3c8 into model nwt
I0224 00:24:32.148267 20869 cuckoo_watch.h:45] 397ms in ProcessBatch(bathes/aaaaam.batch) [including 15ms in LoadMessage; 18ms in InitializeSparseNdw; 0ms in InitializeTheta; 0ms in CreateRegularizerAgents; 274ms in InferThetaAndUpdateNwtSparse; 81ms in CalculateScore(^^^ItemsProcessedScore^^^); ]
I0224 00:24:32.165094 20869 processor.cc:803] Processor: start processing batch f72f4d76-4fde-4d63-ba7f-cf9369742dfc into model nwt
I0224 00:24:32.282125 20870 processor.cc:908] Processor: complete processing batch a3fe39de-75fe-4809-843a-a6883f1e9df0 into model nwt
I0224 00:24:32.285346 20870 cuckoo_watch.h:45] 344ms in ProcessBatch(bathes/aaaaan.batch) [including 13ms in LoadMessage; 14ms in InitializeSparseNdw; 0ms in InitializeTheta; 0ms in CreateRegularizerAgents; 228ms in InferThetaAndUpdateNwtSparse; 80ms in CalculateScore(^^^ItemsProcessedScore^^^); ]
I0224 00:24:32.300159 20870 processor.cc:803] Processor: start processing batch 1ef16483-3b24-48f8-a94c-1f40e6f54aa3 into model nwt
I0224 00:24:32.445873 20869 processor.cc:908] Processor: complete processing batch f72f4d76-4fde-4d63-ba7f-cf9369742dfc into model nwt
I0224 00:24:32.448743 20869 cuckoo_watch.h:45] 300ms in ProcessBatch(bathes/aaaaao.batch) [including 13ms in LoadMessage; 11ms in InitializeSparseNdw; 0ms in InitializeTheta; 0ms in CreateRegularizerAgents; 190ms in InferThetaAndUpdateNwtSparse; 78ms in CalculateScore(^^^ItemsProcessedScore^^^); ]
I0224 00:24:32.456701 20869 processor.cc:803] Processor: start processing batch 6e97bab5-72d9-4cf9-a437-be115f11d9cc into model nwt
I0224 00:24:32.512152 20869 processor.cc:908] Processor: complete processing batch 6e97bab5-72d9-4cf9-a437-be115f11d9cc into model nwt
I0224 00:24:32.513406 20869 cuckoo_watch.h:45] 64ms in ProcessBatch(bathes/aaaaaq.batch) [including 4ms in LoadMessage; 2ms in InitializeSparseNdw; 0ms in InitializeTheta; 0ms in CreateRegularizerAgents; 41ms in InferThetaAndUpdateNwtSparse; 12ms in CalculateScore(^^^ItemsProcessedScore^^^); ]
I0224 00:24:32.523972 20869 processor.cc:803] Processor: start processing batch c041e298-89c3-46b2-9e0e-72e6f52f4b5e into model nwt
I0224 00:24:32.537672 20869 processor.cc:908] Processor: complete processing batch c041e298-89c3-46b2-9e0e-72e6f52f4b5e into model nwt
I0224 00:24:32.538095 20869 cuckoo_watch.h:45] 24ms in ProcessBatch(bathes/aaaaar.batch) [including 5ms in LoadMessage; 0ms in InitializeSparseNdw; 0ms in InitializeTheta; 0ms in CreateRegularizerAgents; 10ms in InferThetaAndUpdateNwtSparse; 2ms in CalculateScore(^^^ItemsProcessedScore^^^); ]
I0224 00:24:32.558917 20869 processor.cc:717] No data in processing queue, waiting...
I0224 00:24:32.616672 20870 processor.cc:908] Processor: complete processing batch 1ef16483-3b24-48f8-a94c-1f40e6f54aa3 into model nwt
I0224 00:24:32.619873 20870 cuckoo_watch.h:45] 334ms in ProcessBatch(bathes/aaaaap.batch) [including 11ms in LoadMessage; 10ms in InitializeSparseNdw; 0ms in InitializeTheta; 0ms in CreateRegularizerAgents; 239ms in InferThetaAndUpdateNwtSparse; 65ms in CalculateScore(^^^ItemsProcessedScore^^^); ]
I0224 00:24:32.620404 20865 master_component.cc:1386] RegularizeModelArgs: rwt_target_name=rwt, pwt_source_name=pwt, nwt_source_name=nwt
I0224 00:24:32.620432 20865 master_component.cc:930] MasterComponent: start regularizing model pwt
I0224 00:24:32.650267 20870 processor.cc:717] No data in processing queue, waiting...
I0224 00:24:32.718564 12535 c_interface.cc:560] Pass GetScoreValueArgs, score_name=^^^ItemsProcessedScore^^^ to MasterComponent::Request
I0224 00:24:32.718688 12535 c_interface.cc:231] ArtmCopyRequestedMessage is copying 46 bytes...
I0224 00:24:33.060825 20865 master_component.cc:956] MasterComponent: complete regularizing model pwt
I0224 00:24:33.061481 20865 master_component.cc:1399] NormalizeModelArgs: pwt_target_name=pwt, nwt_source_name=nwt, rwt_source_name=rwt
I0224 00:24:33.061511 20865 master_component.cc:960] MasterComponent: start normalizing model nwt
I0224 00:24:33.379496 20865 master_component.cc:988] MasterComponent: complete normalizing model nwt
I0224 00:24:33.648582 20865 master_component.cc:1423] DisposeModel rwt
I0224 00:24:33.694921 20865 master_component.cc:1013] FitOffline: ItemsProcessed, num_items=1728, num_batches=18, token_weight=808522, token_weight_in_effect=808522
I0224 00:24:33.695595 12535 c_interface.cc:560] Pass GetScoreValueArgs, score_name=^^^ItemsProcessedScore^^^ to MasterComponent::Request
I0224 00:24:33.695668 12535 c_interface.cc:231] ArtmCopyRequestedMessage is copying 46 bytes...
I0224 00:26:26.097632 12535 c_interface.cc:387] Pass MasterModelConfig: topic_name_size=30, class=(text:1), class=(author:1), score_config_size=3, num_processors=0, pwt_name=pwt, nwt_name=nwt, num_document_passes=10, regularizer=(SparsePhi:100000), regularizer=(SparsePhi2:-100000), reuse_theta=no, cache_theta=no, opt_for_avx=yes, disk_cache_path to MN4artm4core15MasterComponentEFvRKNS_17MasterModelConfigEE
I0224 00:26:26.151851 12535 instance.cc:401] MasterModelConfig.processors_count is automatically set to 2
I0224 00:26:26.151999 12535 instance.cc:232] Regularizer 'SparsePhi' was cold-reconfigured
I0224 00:26:26.152057 12535 instance.cc:232] Regularizer 'SparsePhi2' was cold-reconfigured
I0224 00:26:28.178483 20865 c_interface.cc:387] Pass FitOfflineMasterModelArgs, batch_filename_size=18, batch_weight_size=18, num_collection_passes=1 to MN4artm4core15MasterComponentEFvRKNS_25FitOfflineMasterModelArgsEE
I0224 00:26:28.178618 20865 master_component.cc:1348] ProcessBatchesArgs: nwt_target_name=nwt, batch_filename_size=18, batch_size=0, batch_weight_size=18, pwt_source_name=pwt, num_document_passes=10, regularizer=(name:SparsePhi, tau:100000), regularizer=(name:SparsePhi2, tau:-100000), class=(text:1), class=(author:1), reuse_theta=no, opt_for_avx=yes, predict_class_id=
I0224 00:26:28.387939 20869 processor.cc:724] Processing queue has data, processing started
I0224 00:26:28.391360 20870 processor.cc:724] Processing queue has data, processing started
I0224 00:26:28.412277 20869 processor.cc:803] Processor: start processing batch 6d4f6d29-c73d-4e17-9579-b2d15ddf0238 into model nwt
I0224 00:26:28.419670 20870 processor.cc:803] Processor: start processing batch bcf8f73e-e7e0-42fb-8ef1-f2249a59146a into model nwt
I0224 00:26:28.516053 20869 processor.cc:908] Processor: complete processing batch 6d4f6d29-c73d-4e17-9579-b2d15ddf0238 into model nwt
I0224 00:26:28.516963 20869 cuckoo_watch.h:45] 119ms in ProcessBatch(bathes/aaaaaa.batch) [including 12ms in LoadMessage; 1ms in InitializeSparseNdw; 0ms in InitializeTheta; 0ms in CreateRegularizerAgents; 88ms in InferThetaAndUpdateNwtSparse; 13ms in CalculateScore(^^^ItemsProcessedScore^^^); ]
I0224 00:26:28.542615 20869 processor.cc:803] Processor: start processing batch 1220b022-8e92-45f1-a6d4-f7412bd0657f into model nwt
I0224 00:26:28.600853 20870 processor.cc:908] Processor: complete processing batch bcf8f73e-e7e0-42fb-8ef1-f2249a59146a into model nwt
I0224 00:26:28.602356 20870 cuckoo_watch.h:45] 209ms in ProcessBatch(bathes/aaaaab.batch) [including 15ms in LoadMessage; 3ms in InitializeSparseNdw; 0ms in InitializeTheta; 0ms in CreateRegularizerAgents; 143ms in InferThetaAndUpdateNwtSparse; 33ms in CalculateScore(^^^ItemsProcessedScore^^^); ]
I0224 00:26:28.623464 20870 processor.cc:803] Processor: start processing batch bd74ba50-bdc3-4016-bfc9-a43c95e71e87 into model nwt
I0224 00:26:28.713126 20869 processor.cc:908] Processor: complete processing batch 1220b022-8e92-45f1-a6d4-f7412bd0657f into model nwt
I0224 00:26:28.714697 20869 cuckoo_watch.h:45] 197ms in ProcessBatch(bathes/aaaaac.batch) [including 21ms in LoadMessage; 3ms in InitializeSparseNdw; 0ms in InitializeTheta; 0ms in CreateRegularizerAgents; 136ms in InferThetaAndUpdateNwtSparse; 29ms in CalculateScore(^^^ItemsProcessedScore^^^); ]
I0224 00:26:28.724042 20869 processor.cc:803] Processor: start processing batch 7b3f2b6b-dc96-4862-b960-cd3f39eac849 into model nwt
I0224 00:26:28.739217 20870 processor.cc:908] Processor: complete processing batch bd74ba50-bdc3-4016-bfc9-a43c95e71e87 into model nwt
I0224 00:26:28.740741 20870 cuckoo_watch.h:45] 138ms in ProcessBatch(bathes/aaaaad.batch) [including 17ms in LoadMessage; 3ms in InitializeSparseNdw; 0ms in InitializeTheta; 0ms in CreateRegularizerAgents; 92ms in InferThetaAndUpdateNwtSparse; 19ms in CalculateScore(^^^ItemsProcessedScore^^^); ]
I0224 00:26:28.750602 20870 processor.cc:803] Processor: start processing batch bd0c276a-8e88-44c3-88ce-a0ee6996a17c into model nwt
I0224 00:26:28.800492 20869 processor.cc:908] Processor: complete processing batch 7b3f2b6b-dc96-4862-b960-cd3f39eac849 into model nwt
I0224 00:26:28.802119 20869 cuckoo_watch.h:45] 87ms in ProcessBatch(bathes/aaaaae.batch) [including 5ms in LoadMessage; 2ms in InitializeSparseNdw; 0ms in InitializeTheta; 0ms in CreateRegularizerAgents; 54ms in InferThetaAndUpdateNwtSparse; 19ms in CalculateScore(^^^ItemsProcessedScore^^^); ]
I0224 00:26:28.813340 20869 processor.cc:803] Processor: start processing batch cc4ebd10-706f-420b-93ce-013f7bf0cffa into model nwt
I0224 00:26:28.837632 20870 processor.cc:908] Processor: complete processing batch bd0c276a-8e88-44c3-88ce-a0ee6996a17c into model nwt
I0224 00:26:28.839262 20870 cuckoo_watch.h:45] 98ms in ProcessBatch(bathes/aaaaaf.batch) [including 6ms in LoadMessage; 3ms in InitializeSparseNdw; 0ms in InitializeTheta; 0ms in CreateRegularizerAgents; 62ms in InferThetaAndUpdateNwtSparse; 20ms in CalculateScore(^^^ItemsProcessedScore^^^); ]
I0224 00:26:28.849185 20870 processor.cc:803] Processor: start processing batch 95f685e5-14c1-43d9-bbf0-508a8cf4a4ab into model nwt
I0224 00:26:28.940294 20869 processor.cc:908] Processor: complete processing batch cc4ebd10-706f-420b-93ce-013f7bf0cffa into model nwt
I0224 00:26:28.942315 20869 cuckoo_watch.h:45] 140ms in ProcessBatch(bathes/aaaaag.batch) [including 7ms in LoadMessage; 5ms in InitializeSparseNdw; 0ms in InitializeTheta; 0ms in CreateRegularizerAgents; 91ms in InferThetaAndUpdateNwtSparse; 28ms in CalculateScore(^^^ItemsProcessedScore^^^); ]
I0224 00:26:28.951974 20869 processor.cc:803] Processor: start processing batch 1569872b-ec3e-40a2-9ce4-7c6165272236 into model nwt
I0224 00:26:28.956091 20870 processor.cc:908] Processor: complete processing batch 95f685e5-14c1-43d9-bbf0-508a8cf4a4ab into model nwt
I0224 00:26:28.957917 20870 cuckoo_watch.h:45] 118ms in ProcessBatch(bathes/aaaaah.batch) [including 6ms in LoadMessage; 4ms in InitializeSparseNdw; 0ms in InitializeTheta; 0ms in CreateRegularizerAgents; 78ms in InferThetaAndUpdateNwtSparse; 24ms in CalculateScore(^^^ItemsProcessedScore^^^); ]
I0224 00:26:28.971235 20870 processor.cc:803] Processor: start processing batch 19cb537e-2b26-4032-a266-8b50c8eaa339 into model nwt
I0224 00:26:29.041445 20869 processor.cc:908] Processor: complete processing batch 1569872b-ec3e-40a2-9ce4-7c6165272236 into model nwt
I0224 00:26:29.043256 20869 cuckoo_watch.h:45] 100ms in ProcessBatch(bathes/aaaaai.batch) [including 6ms in LoadMessage; 3ms in InitializeSparseNdw; 0ms in InitializeTheta; 0ms in CreateRegularizerAgents; 64ms in InferThetaAndUpdateNwtSparse; 21ms in CalculateScore(^^^ItemsProcessedScore^^^); ]
I0224 00:26:29.062850 20869 processor.cc:803] Processor: start processing batch 01682928-9fa4-47ab-813a-78764f1449c1 into model nwt
I0224 00:26:29.157829 20870 processor.cc:908] Processor: complete processing batch 19cb537e-2b26-4032-a266-8b50c8eaa339 into model nwt
I0224 00:26:29.160215 20870 cuckoo_watch.h:45] 202ms in ProcessBatch(bathes/aaaaaj.batch) [including 9ms in LoadMessage; 7ms in InitializeSparseNdw; 0ms in InitializeTheta; 0ms in CreateRegularizerAgents; 138ms in InferThetaAndUpdateNwtSparse; 40ms in CalculateScore(^^^ItemsProcessedScore^^^); ]
I0224 00:26:29.178803 20870 processor.cc:803] Processor: start processing batch a7f9d247-d8b6-46cd-988c-1114742eab41 into model nwt
I0224 00:26:29.188068 12535 c_interface.cc:560] Pass GetScoreValueArgs, score_name=^^^ItemsProcessedScore^^^ to MasterComponent::Request
I0224 00:26:29.188187 12535 c_interface.cc:231] ArtmCopyRequestedMessage is copying 46 bytes...
I0224 00:26:29.624790 20869 processor.cc:908] Processor: complete processing batch 01682928-9fa4-47ab-813a-78764f1449c1 into model nwt
I0224 00:26:29.635466 20869 cuckoo_watch.h:45] 591ms in ProcessBatch(bathes/aaaaak.batch) [including 15ms in LoadMessage; 18ms in InitializeSparseNdw; 0ms in InitializeTheta; 0ms in CreateRegularizerAgents; 386ms in InferThetaAndUpdateNwtSparse; 156ms in CalculateScore(^^^ItemsProcessedScore^^^); ]
I0224 00:26:29.693174 20869 processor.cc:803] Processor: start processing batch 2b4d6ad1-a5b1-4a8c-be17-6ab2943bb3c8 into model nwt
I0224 00:26:29.749903 20870 processor.cc:908] Processor: complete processing batch a7f9d247-d8b6-46cd-988c-1114742eab41 into model nwt
I0224 00:26:29.754391 20870 cuckoo_watch.h:45] 594ms in ProcessBatch(bathes/aaaaal.batch) [including 15ms in LoadMessage; 18ms in InitializeSparseNdw; 0ms in InitializeTheta; 0ms in CreateRegularizerAgents; 450ms in InferThetaAndUpdateNwtSparse; 101ms in CalculateScore(^^^ItemsProcessedScore^^^); ]
I0224 00:26:29.780206 20870 processor.cc:803] Processor: start processing batch a3fe39de-75fe-4809-843a-a6883f1e9df0 into model nwt
I0224 00:26:30.154482 20869 processor.cc:908] Processor: complete processing batch 2b4d6ad1-a5b1-4a8c-be17-6ab2943bb3c8 into model nwt
I0224 00:26:30.158577 20869 cuckoo_watch.h:45] 522ms in ProcessBatch(bathes/aaaaam.batch) [including 53ms in LoadMessage; 49ms in InitializeSparseNdw; 0ms in InitializeTheta; 0ms in CreateRegularizerAgents; 328ms in InferThetaAndUpdateNwtSparse; 83ms in CalculateScore(^^^ItemsProcessedScore^^^); ]
I0224 00:26:30.171679 20870 processor.cc:908] Processor: complete processing batch a3fe39de-75fe-4809-843a-a6883f1e9df0 into model nwt
I0224 00:26:30.174530 20869 processor.cc:803] Processor: start processing batch f72f4d76-4fde-4d63-ba7f-cf9369742dfc into model nwt
I0224 00:26:30.175207 20870 cuckoo_watch.h:45] 418ms in ProcessBatch(bathes/aaaaan.batch) [including 19ms in LoadMessage; 17ms in InitializeSparseNdw; 0ms in InitializeTheta; 0ms in CreateRegularizerAgents; 303ms in InferThetaAndUpdateNwtSparse; 70ms in CalculateScore(^^^ItemsProcessedScore^^^); ]
I0224 00:26:30.189477 12535 c_interface.cc:560] Pass GetScoreValueArgs, score_name=^^^ItemsProcessedScore^^^ to MasterComponent::Request
I0224 00:26:30.189586 12535 c_interface.cc:231] ArtmCopyRequestedMessage is copying 46 bytes...
I0224 00:26:30.192070 20870 processor.cc:803] Processor: start processing batch 1ef16483-3b24-48f8-a94c-1f40e6f54aa3 into model nwt
I0224 00:26:30.425142 20869 processor.cc:908] Processor: complete processing batch f72f4d76-4fde-4d63-ba7f-cf9369742dfc into model nwt
I0224 00:26:30.428934 20869 cuckoo_watch.h:45] 270ms in ProcessBatch(bathes/aaaaao.batch) [including 12ms in LoadMessage; 11ms in InitializeSparseNdw; 0ms in InitializeTheta; 0ms in CreateRegularizerAgents; 179ms in InferThetaAndUpdateNwtSparse; 59ms in CalculateScore(^^^ItemsProcessedScore^^^); ]
