I0224 00:26:42.255832 20869 processor.cc:803] Processor: start processing batch f72f4d76-4fde-4d63-ba7f-cf9369742dfc into model nwt
I0224 00:26:42.286249 20870 processor.cc:908] Processor: complete processing batch a3fe39de-75fe-4809-843a-a6883f1e9df0 into model nwt
I0224 00:26:42.289434 20870 cuckoo_watch.h:45] 335ms in ProcessBatch(bathes/aaaaan.batch) [including 13ms in LoadMessage; 14ms in InitializeSparseNdw; 0ms in InitializeTheta; 0ms in CreateRegularizerAgents; 226ms in InferThetaAndUpdateNwtSparse; 73ms in CalculateScore(^^^ItemsProcessedScore^^^); ]
I0224 00:26:42.304373 20870 processor.cc:803] Processor: start processing batch 1ef16483-3b24-48f8-a94c-1f40e6f54aa3 into model nwt
I0224 00:26:42.538604 20869 processor.cc:908] Processor: complete processing batch f72f4d76-4fde-4d63-ba7f-cf9369742dfc into model nwt
I0224 00:26:42.542294 20869 cuckoo_watch.h:45] 302ms in ProcessBatch(bathes/aaaaao.batch) [including 12ms in LoadMessage; 11ms in InitializeSparseNdw; 0ms in InitializeTheta; 0ms in CreateRegularizerAgents; 211ms in InferThetaAndUpdateNwtSparse; 59ms in CalculateScore(^^^ItemsProcessedScore^^^); ]
I0224 00:26:42.546305 20870 processor.cc:908] Processor: complete processing batch 1ef16483-3b24-48f8-a94c-1f40e6f54aa3 into model nwt
I0224 00:26:42.549423 20870 cuckoo_watch.h:45] 259ms in ProcessBatch(bathes/aaaaap.batch) [including 11ms in LoadMessage; 12ms in InitializeSparseNdw; 0ms in InitializeTheta; 0ms in CreateRegularizerAgents; 176ms in InferThetaAndUpdateNwtSparse; 52ms in CalculateScore(^^^ItemsProcessedScore^^^); ]
I0224 00:26:42.550613 20869 processor.cc:803] Processor: start processing batch 6e97bab5-72d9-4cf9-a437-be115f11d9cc into model nwt
I0224 00:26:42.555109 20870 processor.cc:803] Processor: start processing batch c041e298-89c3-46b2-9e0e-72e6f52f4b5e into model nwt
I0224 00:26:42.565024 20870 processor.cc:908] Processor: complete processing batch c041e298-89c3-46b2-9e0e-72e6f52f4b5e into model nwt
I0224 00:26:42.565467 20870 cuckoo_watch.h:45] 15ms in ProcessBatch(bathes/aaaaar.batch) [including 1ms in LoadMessage; 0ms in InitializeSparseNdw; 0ms in InitializeTheta; 0ms in CreateRegularizerAgents; 7ms in InferThetaAndUpdateNwtSparse; 2ms in CalculateScore(^^^ItemsProcessedScore^^^); ]
I0224 00:26:42.585965 20870 processor.cc:717] No data in processing queue, waiting...
I0224 00:26:42.602815 20869 processor.cc:908] Processor: complete processing batch 6e97bab5-72d9-4cf9-a437-be115f11d9cc into model nwt
I0224 00:26:42.604238 20869 cuckoo_watch.h:45] 61ms in ProcessBatch(bathes/aaaaaq.batch) [including 4ms in LoadMessage; 2ms in InitializeSparseNdw; 0ms in InitializeTheta; 0ms in CreateRegularizerAgents; 38ms in InferThetaAndUpdateNwtSparse; 11ms in CalculateScore(^^^ItemsProcessedScore^^^); ]
I0224 00:26:42.605319 20865 master_component.cc:1386] RegularizeModelArgs: rwt_target_name=rwt, pwt_source_name=pwt, nwt_source_name=nwt
I0224 00:26:42.605355 20865 master_component.cc:930] MasterComponent: start regularizing model pwt
I0224 00:26:42.624608 20869 processor.cc:717] No data in processing queue, waiting...
I0224 00:26:42.786811 12535 c_interface.cc:560] Pass GetScoreValueArgs, score_name=^^^ItemsProcessedScore^^^ to MasterComponent::Request
I0224 00:26:42.786936 12535 c_interface.cc:231] ArtmCopyRequestedMessage is copying 46 bytes...
I0224 00:26:43.138051 20865 master_component.cc:956] MasterComponent: complete regularizing model pwt
I0224 00:26:43.138124 20865 master_component.cc:1399] NormalizeModelArgs: pwt_target_name=pwt, nwt_source_name=nwt, rwt_source_name=rwt
I0224 00:26:43.138142 20865 master_component.cc:960] MasterComponent: start normalizing model nwt
I0224 00:26:43.424876 20865 master_component.cc:988] MasterComponent: complete normalizing model nwt
I0224 00:26:43.673316 20865 master_component.cc:1423] DisposeModel rwt
I0224 00:26:43.729071 20865 master_component.cc:1013] FitOffline: ItemsProcessed, num_items=1728, num_batches=18, token_weight=808522, token_weight_in_effect=808522
I0224 00:26:43.729702 12535 c_interface.cc:560] Pass GetScoreValueArgs, score_name=^^^ItemsProcessedScore^^^ to MasterComponent::Request
I0224 00:26:43.729781 12535 c_interface.cc:231] ArtmCopyRequestedMessage is copying 46 bytes...
I0224 00:26:43.733000 20865 c_interface.cc:387] Pass FitOfflineMasterModelArgs, batch_filename_size=18, batch_weight_size=18, num_collection_passes=1 to MN4artm4core15MasterComponentEFvRKNS_25FitOfflineMasterModelArgsEE
I0224 00:26:43.733147 20865 master_component.cc:1348] ProcessBatchesArgs: nwt_target_name=nwt, batch_filename_size=18, batch_size=0, batch_weight_size=18, pwt_source_name=pwt, num_document_passes=10, regularizer=(name:SparsePhi, tau:100000), regularizer=(name:SparsePhi2, tau:-100000), class=(text:1), class=(author:1), reuse_theta=no, opt_for_avx=yes, predict_class_id=
I0224 00:26:43.900950 20869 processor.cc:724] Processing queue has data, processing started
I0224 00:26:43.904569 20870 processor.cc:724] Processing queue has data, processing started
I0224 00:26:43.917990 20869 processor.cc:803] Processor: start processing batch 6d4f6d29-c73d-4e17-9579-b2d15ddf0238 into model nwt
I0224 00:26:43.920508 20870 processor.cc:803] Processor: start processing batch bcf8f73e-e7e0-42fb-8ef1-f2249a59146a into model nwt
I0224 00:26:43.956018 20869 processor.cc:908] Processor: complete processing batch 6d4f6d29-c73d-4e17-9579-b2d15ddf0238 into model nwt
I0224 00:26:43.956895 20869 cuckoo_watch.h:45] 45ms in ProcessBatch(bathes/aaaaaa.batch) [including 3ms in LoadMessage; 1ms in InitializeSparseNdw; 0ms in InitializeTheta; 0ms in CreateRegularizerAgents; 27ms in InferThetaAndUpdateNwtSparse; 8ms in CalculateScore(^^^ItemsProcessedScore^^^); ]
I0224 00:26:43.966778 20869 processor.cc:803] Processor: start processing batch 1220b022-8e92-45f1-a6d4-f7412bd0657f into model nwt
I0224 00:26:43.996090 20870 processor.cc:908] Processor: complete processing batch bcf8f73e-e7e0-42fb-8ef1-f2249a59146a into model nwt
I0224 00:26:43.997521 20870 cuckoo_watch.h:45] 91ms in ProcessBatch(bathes/aaaaab.batch) [including 11ms in LoadMessage; 3ms in InitializeSparseNdw; 0ms in InitializeTheta; 0ms in CreateRegularizerAgents; 55ms in InferThetaAndUpdateNwtSparse; 16ms in CalculateScore(^^^ItemsProcessedScore^^^); ]
I0224 00:26:44.006722 20870 processor.cc:803] Processor: start processing batch bd74ba50-bdc3-4016-bfc9-a43c95e71e87 into model nwt
I0224 00:26:44.058298 20869 processor.cc:908] Processor: complete processing batch 1220b022-8e92-45f1-a6d4-f7412bd0657f into model nwt
I0224 00:26:44.059953 20869 cuckoo_watch.h:45] 102ms in ProcessBatch(bathes/aaaaac.batch) [including 5ms in LoadMessage; 3ms in InitializeSparseNdw; 0ms in InitializeTheta; 0ms in CreateRegularizerAgents; 66ms in InferThetaAndUpdateNwtSparse; 20ms in CalculateScore(^^^ItemsProcessedScore^^^); ]
I0224 00:26:44.069586 20869 processor.cc:803] Processor: start processing batch 7b3f2b6b-dc96-4862-b960-cd3f39eac849 into model nwt
I0224 00:26:44.090785 20870 processor.cc:908] Processor: complete processing batch bd74ba50-bdc3-4016-bfc9-a43c95e71e87 into model nwt
I0224 00:26:44.092308 20870 cuckoo_watch.h:45] 94ms in ProcessBatch(bathes/aaaaad.batch) [including 5ms in LoadMessage; 3ms in InitializeSparseNdw; 0ms in InitializeTheta; 0ms in CreateRegularizerAgents; 61ms in InferThetaAndUpdateNwtSparse; 18ms in CalculateScore(^^^ItemsProcessedScore^^^); ]
I0224 00:26:44.101732 20870 processor.cc:803] Processor: start processing batch bd0c276a-8e88-44c3-88ce-a0ee6996a17c into model nwt
I0224 00:26:44.145828 20869 processor.cc:908] Processor: complete processing batch 7b3f2b6b-dc96-4862-b960-cd3f39eac849 into model nwt
I0224 00:26:44.147397 20869 cuckoo_watch.h:45] 87ms in ProcessBatch(bathes/aaaaae.batch) [including 5ms in LoadMessage; 2ms in InitializeSparseNdw; 0ms in InitializeTheta; 0ms in CreateRegularizerAgents; 55ms in InferThetaAndUpdateNwtSparse; 17ms in CalculateScore(^^^ItemsProcessedScore^^^); ]
I0224 00:26:44.159333 20869 processor.cc:803] Processor: start processing batch cc4ebd10-706f-420b-93ce-013f7bf0cffa into model nwt
I0224 00:26:44.187858 20870 processor.cc:908] Processor: complete processing batch bd0c276a-8e88-44c3-88ce-a0ee6996a17c into model nwt
I0224 00:26:44.189491 20870 cuckoo_watch.h:45] 97ms in ProcessBatch(bathes/aaaaaf.batch) [including 5ms in LoadMessage; 3ms in InitializeSparseNdw; 0ms in InitializeTheta; 0ms in CreateRegularizerAgents; 62ms in InferThetaAndUpdateNwtSparse; 19ms in CalculateScore(^^^ItemsProcessedScore^^^); ]
I0224 00:26:44.199524 20870 processor.cc:803] Processor: start processing batch 95f685e5-14c1-43d9-bbf0-508a8cf4a4ab into model nwt
I0224 00:26:44.291872 20869 processor.cc:908] Processor: complete processing batch cc4ebd10-706f-420b-93ce-013f7bf0cffa into model nwt
I0224 00:26:44.293849 20869 cuckoo_watch.h:45] 146ms in ProcessBatch(bathes/aaaaag.batch) [including 8ms in LoadMessage; 5ms in InitializeSparseNdw; 0ms in InitializeTheta; 0ms in CreateRegularizerAgents; 96ms in InferThetaAndUpdateNwtSparse; 30ms in CalculateScore(^^^ItemsProcessedScore^^^); ]
I0224 00:26:44.304008 20869 processor.cc:803] Processor: start processing batch 1569872b-ec3e-40a2-9ce4-7c6165272236 into model nwt
I0224 00:26:44.305106 20870 processor.cc:908] Processor: complete processing batch 95f685e5-14c1-43d9-bbf0-508a8cf4a4ab into model nwt
I0224 00:26:44.306866 20870 cuckoo_watch.h:45] 117ms in ProcessBatch(bathes/aaaaah.batch) [including 6ms in LoadMessage; 4ms in InitializeSparseNdw; 0ms in InitializeTheta; 0ms in CreateRegularizerAgents; 77ms in InferThetaAndUpdateNwtSparse; 23ms in CalculateScore(^^^ItemsProcessedScore^^^); ]
I0224 00:26:44.320397 20870 processor.cc:803] Processor: start processing batch 19cb537e-2b26-4032-a266-8b50c8eaa339 into model nwt
I0224 00:26:44.397480 20869 processor.cc:908] Processor: complete processing batch 1569872b-ec3e-40a2-9ce4-7c6165272236 into model nwt
I0224 00:26:44.399153 20869 cuckoo_watch.h:45] 105ms in ProcessBatch(bathes/aaaaai.batch) [including 6ms in LoadMessage; 3ms in InitializeSparseNdw; 0ms in InitializeTheta; 0ms in CreateRegularizerAgents; 69ms in InferThetaAndUpdateNwtSparse; 20ms in CalculateScore(^^^ItemsProcessedScore^^^); ]
I0224 00:26:44.419219 20869 processor.cc:803] Processor: start processing batch 01682928-9fa4-47ab-813a-78764f1449c1 into model nwt
I0224 00:26:44.504750 20870 processor.cc:908] Processor: complete processing batch 19cb537e-2b26-4032-a266-8b50c8eaa339 into model nwt
I0224 00:26:44.507128 20870 cuckoo_watch.h:45] 199ms in ProcessBatch(bathes/aaaaaj.batch) [including 9ms in LoadMessage; 8ms in InitializeSparseNdw; 0ms in InitializeTheta; 0ms in CreateRegularizerAgents; 137ms in InferThetaAndUpdateNwtSparse; 38ms in CalculateScore(^^^ItemsProcessedScore^^^); ]
I0224 00:26:44.525154 20870 processor.cc:803] Processor: start processing batch a7f9d247-d8b6-46cd-988c-1114742eab41 into model nwt
I0224 00:26:44.730753 12535 c_interface.cc:560] Pass GetScoreValueArgs, score_name=^^^ItemsProcessedScore^^^ to MasterComponent::Request
I0224 00:26:44.730859 12535 c_interface.cc:231] ArtmCopyRequestedMessage is copying 46 bytes...
I0224 00:26:44.796607 20869 processor.cc:908] Processor: complete processing batch 01682928-9fa4-47ab-813a-78764f1449c1 into model nwt
I0224 00:26:44.800388 20869 cuckoo_watch.h:45] 401ms in ProcessBatch(bathes/aaaaak.batch) [including 16ms in LoadMessage; 19ms in InitializeSparseNdw; 0ms in InitializeTheta; 0ms in CreateRegularizerAgents; 268ms in InferThetaAndUpdateNwtSparse; 89ms in CalculateScore(^^^ItemsProcessedScore^^^); ]
I0224 00:26:44.821840 20869 processor.cc:803] Processor: start processing batch 2b4d6ad1-a5b1-4a8c-be17-6ab2943bb3c8 into model nwt
I0224 00:26:44.872946 20870 processor.cc:908] Processor: complete processing batch a7f9d247-d8b6-46cd-988c-1114742eab41 into model nwt
I0224 00:26:44.876176 20870 cuckoo_watch.h:45] 368ms in ProcessBatch(bathes/aaaaal.batch) [including 14ms in LoadMessage; 16ms in InitializeSparseNdw; 0ms in InitializeTheta; 0ms in CreateRegularizerAgents; 254ms in InferThetaAndUpdateNwtSparse; 76ms in CalculateScore(^^^ItemsProcessedScore^^^); ]
I0224 00:26:44.893009 20870 processor.cc:803] Processor: start processing batch a3fe39de-75fe-4809-843a-a6883f1e9df0 into model nwt
I0224 00:26:45.193151 20870 processor.cc:908] Processor: complete processing batch a3fe39de-75fe-4809-843a-a6883f1e9df0 into model nwt
I0224 00:26:45.196306 20870 cuckoo_watch.h:45] 320ms in ProcessBatch(bathes/aaaaan.batch) [including 13ms in LoadMessage; 13ms in InitializeSparseNdw; 0ms in InitializeTheta; 0ms in CreateRegularizerAgents; 220ms in InferThetaAndUpdateNwtSparse; 65ms in CalculateScore(^^^ItemsProcessedScore^^^); ]
I0224 00:26:45.199725 20869 processor.cc:908] Processor: complete processing batch 2b4d6ad1-a5b1-4a8c-be17-6ab2943bb3c8 into model nwt
I0224 00:26:45.203589 20869 cuckoo_watch.h:45] 403ms in ProcessBatch(bathes/aaaaam.batch) [including 17ms in LoadMessage; 17ms in InitializeSparseNdw; 0ms in InitializeTheta; 0ms in CreateRegularizerAgents; 273ms in InferThetaAndUpdateNwtSparse; 85ms in CalculateScore(^^^ItemsProcessedScore^^^); ]
I0224 00:26:45.211904 20870 processor.cc:803] Processor: start processing batch f72f4d76-4fde-4d63-ba7f-cf9369742dfc into model nwt
I0224 00:26:45.219647 20869 processor.cc:803] Processor: start processing batch 1ef16483-3b24-48f8-a94c-1f40e6f54aa3 into model nwt
I0224 00:26:45.459403 20870 processor.cc:908] Processor: complete processing batch f72f4d76-4fde-4d63-ba7f-cf9369742dfc into model nwt
I0224 00:26:45.462267 20870 cuckoo_watch.h:45] 265ms in ProcessBatch(bathes/aaaaao.batch) [including 12ms in LoadMessage; 11ms in InitializeSparseNdw; 0ms in InitializeTheta; 0ms in CreateRegularizerAgents; 178ms in InferThetaAndUpdateNwtSparse; 56ms in CalculateScore(^^^ItemsProcessedScore^^^); ]
I0224 00:26:45.465895 20869 processor.cc:908] Processor: complete processing batch 1ef16483-3b24-48f8-a94c-1f40e6f54aa3 into model nwt
I0224 00:26:45.469597 20869 cuckoo_watch.h:45] 265ms in ProcessBatch(bathes/aaaaap.batch) [including 12ms in LoadMessage; 11ms in InitializeSparseNdw; 0ms in InitializeTheta; 0ms in CreateRegularizerAgents; 179ms in InferThetaAndUpdateNwtSparse; 55ms in CalculateScore(^^^ItemsProcessedScore^^^); ]
I0224 00:26:45.470440 20870 processor.cc:803] Processor: start processing batch 6e97bab5-72d9-4cf9-a437-be115f11d9cc into model nwt
I0224 00:26:45.474956 20869 processor.cc:803] Processor: start processing batch c041e298-89c3-46b2-9e0e-72e6f52f4b5e into model nwt
I0224 00:26:45.485328 20869 processor.cc:908] Processor: complete processing batch c041e298-89c3-46b2-9e0e-72e6f52f4b5e into model nwt
I0224 00:26:45.485816 20869 cuckoo_watch.h:45] 15ms in ProcessBatch(bathes/aaaaar.batch) [including 1ms in LoadMessage; 0ms in InitializeSparseNdw; 0ms in InitializeTheta; 0ms in CreateRegularizerAgents; 7ms in InferThetaAndUpdateNwtSparse; 2ms in CalculateScore(^^^ItemsProcessedScore^^^); ]
I0224 00:26:45.506374 20869 processor.cc:717] No data in processing queue, waiting...
I0224 00:26:45.521419 20870 processor.cc:908] Processor: complete processing batch 6e97bab5-72d9-4cf9-a437-be115f11d9cc into model nwt
I0224 00:26:45.522577 20870 cuckoo_watch.h:45] 59ms in ProcessBatch(bathes/aaaaaq.batch) [including 4ms in LoadMessage; 2ms in InitializeSparseNdw; 0ms in InitializeTheta; 0ms in CreateRegularizerAgents; 37ms in InferThetaAndUpdateNwtSparse; 10ms in CalculateScore(^^^ItemsProcessedScore^^^); ]
I0224 00:26:45.523777 20865 master_component.cc:1386] RegularizeModelArgs: rwt_target_name=rwt, pwt_source_name=pwt, nwt_source_name=nwt
I0224 00:26:45.523809 20865 master_component.cc:930] MasterComponent: start regularizing model pwt
I0224 00:26:45.543104 20870 processor.cc:717] No data in processing queue, waiting...
I0224 00:26:45.731367 12535 c_interface.cc:560] Pass GetScoreValueArgs, score_name=^^^ItemsProcessedScore^^^ to MasterComponent::Request
I0224 00:26:45.731469 12535 c_interface.cc:231] ArtmCopyRequestedMessage is copying 46 bytes...
I0224 00:26:46.062064 20865 master_component.cc:956] MasterComponent: complete regularizing model pwt
I0224 00:26:46.062145 20865 master_component.cc:1399] NormalizeModelArgs: pwt_target_name=pwt, nwt_source_name=nwt, rwt_source_name=rwt
I0224 00:26:46.062163 20865 master_component.cc:960] MasterComponent: start normalizing model nwt
I0224 00:26:46.351150 20865 master_component.cc:988] MasterComponent: complete normalizing model nwt
I0224 00:26:46.599701 20865 master_component.cc:1423] DisposeModel rwt
I0224 00:26:46.654139 20865 master_component.cc:1013] FitOffline: ItemsProcessed, num_items=1728, num_batches=18, token_weight=808522, token_weight_in_effect=808522
I0224 00:26:46.654768 12535 c_interface.cc:560] Pass GetScoreValueArgs, score_name=^^^ItemsProcessedScore^^^ to MasterComponent::Request
I0224 00:26:46.654847 12535 c_interface.cc:231] ArtmCopyRequestedMessage is copying 46 bytes...
I0224 00:26:46.658762 20865 c_interface.cc:387] Pass FitOfflineMasterModelArgs, batch_filename_size=18, batch_weight_size=18, num_collection_passes=1 to MN4artm4core15MasterComponentEFvRKNS_25FitOfflineMasterModelArgsEE
I0224 00:26:46.658885 20865 master_component.cc:1348] ProcessBatchesArgs: nwt_target_name=nwt, batch_filename_size=18, batch_size=0, batch_weight_size=18, pwt_source_name=pwt, num_document_passes=10, regularizer=(name:SparsePhi, tau:100000), regularizer=(name:SparsePhi2, tau:-100000), class=(text:1), class=(author:1), reuse_theta=no, opt_for_avx=yes, predict_class_id=
I0224 00:26:46.827858 20869 processor.cc:724] Processing queue has data, processing started
I0224 00:26:46.831784 20870 processor.cc:724] Processing queue has data, processing started
I0224 00:26:46.843789 20869 processor.cc:803] Processor: start processing batch 6d4f6d29-c73d-4e17-9579-b2d15ddf0238 into model nwt
I0224 00:26:46.848176 20870 processor.cc:803] Processor: start processing batch bcf8f73e-e7e0-42fb-8ef1-f2249a59146a into model nwt
I0224 00:26:46.882789 20869 processor.cc:908] Processor: complete processing batch 6d4f6d29-c73d-4e17-9579-b2d15ddf0238 into model nwt
I0224 00:26:46.883663 20869 cuckoo_watch.h:45] 46ms in ProcessBatch(bathes/aaaaaa.batch) [including 3ms in LoadMessage; 1ms in InitializeSparseNdw; 0ms in InitializeTheta; 0ms in CreateRegularizerAgents; 27ms in InferThetaAndUpdateNwtSparse; 8ms in CalculateScore(^^^ItemsProcessedScore^^^); ]
I0224 00:26:46.892885 20869 processor.cc:803] Processor: start processing batch 1220b022-8e92-45f1-a6d4-f7412bd0657f into model nwt
I0224 00:26:46.924712 20870 processor.cc:908] Processor: complete processing batch bcf8f73e-e7e0-42fb-8ef1-f2249a59146a into model nwt
I0224 00:26:46.926134 20870 cuckoo_watch.h:45] 93ms in ProcessBatch(bathes/aaaaab.batch) [including 12ms in LoadMessage; 3ms in InitializeSparseNdw; 0ms in InitializeTheta; 0ms in CreateRegularizerAgents; 56ms in InferThetaAndUpdateNwtSparse; 17ms in CalculateScore(^^^ItemsProcessedScore^^^); ]
I0224 00:26:46.935916 20870 processor.cc:803] Processor: start processing batch bd74ba50-bdc3-4016-bfc9-a43c95e71e87 into model nwt
I0224 00:26:46.981199 20869 processor.cc:908] Processor: complete processing batch 1220b022-8e92-45f1-a6d4-f7412bd0657f into model nwt
I0224 00:26:46.982707 20869 cuckoo_watch.h:45] 98ms in ProcessBatch(bathes/aaaaac.batch) [including 5ms in LoadMessage; 3ms in InitializeSparseNdw; 0ms in InitializeTheta; 0ms in CreateRegularizerAgents; 65ms in InferThetaAndUpdateNwtSparse; 19ms in CalculateScore(^^^ItemsProcessedScore^^^); ]
I0224 00:26:46.991292 20869 processor.cc:803] Processor: start processing batch 7b3f2b6b-dc96-4862-b960-cd3f39eac849 into model nwt
I0224 00:26:47.023066 20870 processor.cc:908] Processor: complete processing batch bd74ba50-bdc3-4016-bfc9-a43c95e71e87 into model nwt
I0224 00:26:47.024627 20870 cuckoo_watch.h:45] 98ms in ProcessBatch(bathes/aaaaad.batch) [including 6ms in LoadMessage; 3ms in InitializeSparseNdw; 0ms in InitializeTheta; 0ms in CreateRegularizerAgents; 63ms in InferThetaAndUpdateNwtSparse; 19ms in CalculateScore(^^^ItemsProcessedScore^^^); ]
I0224 00:26:47.035133 20870 processor.cc:803] Processor: start processing batch bd0c276a-8e88-44c3-88ce-a0ee6996a17c into model nwt
I0224 00:26:47.064611 20869 processor.cc:908] Processor: complete processing batch 7b3f2b6b-dc96-4862-b960-cd3f39eac849 into model nwt
I0224 00:26:47.066083 20869 cuckoo_watch.h:45] 83ms in ProcessBatch(bathes/aaaaae.batch) [including 5ms in LoadMessage; 2ms in InitializeSparseNdw; 0ms in InitializeTheta; 0ms in CreateRegularizerAgents; 53ms in InferThetaAndUpdateNwtSparse; 17ms in CalculateScore(^^^ItemsProcessedScore^^^); ]
I0224 00:26:47.076583 20869 processor.cc:803] Processor: start processing batch cc4ebd10-706f-420b-93ce-013f7bf0cffa into model nwt
I0224 00:26:47.126392 20870 processor.cc:908] Processor: complete processing batch bd0c276a-8e88-44c3-88ce-a0ee6996a17c into model nwt
I0224 00:26:47.128028 20870 cuckoo_watch.h:45] 103ms in ProcessBatch(bathes/aaaaaf.batch) [including 6ms in LoadMessage; 3ms in InitializeSparseNdw; 0ms in InitializeTheta; 0ms in CreateRegularizerAgents; 65ms in InferThetaAndUpdateNwtSparse; 21ms in CalculateScore(^^^ItemsProcessedScore^^^); ]
I0224 00:26:47.138775 20870 processor.cc:803] Processor: start processing batch 95f685e5-14c1-43d9-bbf0-508a8cf4a4ab into model nwt
I0224 00:26:47.203698 20869 processor.cc:908] Processor: complete processing batch cc4ebd10-706f-420b-93ce-013f7bf0cffa into model nwt
I0224 00:26:47.205646 20869 cuckoo_watch.h:45] 139ms in ProcessBatch(bathes/aaaaag.batch) [including 7ms in LoadMessage; 5ms in InitializeSparseNdw; 0ms in InitializeTheta; 0ms in CreateRegularizerAgents; 93ms in InferThetaAndUpdateNwtSparse; 28ms in CalculateScore(^^^ItemsProcessedScore^^^); ]
I0224 00:26:47.215279 20869 processor.cc:803] Processor: start processing batch 1569872b-ec3e-40a2-9ce4-7c6165272236 into model nwt
I0224 00:26:47.248893 20870 processor.cc:908] Processor: complete processing batch 95f685e5-14c1-43d9-bbf0-508a8cf4a4ab into model nwt
I0224 00:26:47.250726 20870 cuckoo_watch.h:45] 122ms in ProcessBatch(bathes/aaaaah.batch) [including 7ms in LoadMessage; 4ms in InitializeSparseNdw; 0ms in InitializeTheta; 0ms in CreateRegularizerAgents; 81ms in InferThetaAndUpdateNwtSparse; 23ms in CalculateScore(^^^ItemsProcessedScore^^^); ]
I0224 00:26:47.264570 20870 processor.cc:803] Processor: start processing batch 19cb537e-2b26-4032-a266-8b50c8eaa339 into model nwt
I0224 00:26:47.303424 20869 processor.cc:908] Processor: complete processing batch 1569872b-ec3e-40a2-9ce4-7c6165272236 into model nwt
I0224 00:26:47.304991 20869 cuckoo_watch.h:45] 99ms in ProcessBatch(bathes/aaaaai.batch) [including 6ms in LoadMessage; 3ms in InitializeSparseNdw; 0ms in InitializeTheta; 0ms in CreateRegularizerAgents; 64ms in InferThetaAndUpdateNwtSparse; 19ms in CalculateScore(^^^ItemsProcessedScore^^^); ]
I0224 00:26:47.323542 20869 processor.cc:803] Processor: start processing batch 01682928-9fa4-47ab-813a-78764f1449c1 into model nwt
I0224 00:26:47.460412 20870 processor.cc:908] Processor: complete processing batch 19cb537e-2b26-4032-a266-8b50c8eaa339 into model nwt
I0224 00:26:47.463217 20870 cuckoo_watch.h:45] 212ms in ProcessBatch(bathes/aaaaaj.batch) [including 10ms in LoadMessage; 8ms in InitializeSparseNdw; 0ms in InitializeTheta; 0ms in CreateRegularizerAgents; 145ms in InferThetaAndUpdateNwtSparse; 41ms in CalculateScore(^^^ItemsProcessedScore^^^); ]
I0224 00:26:47.482467 20870 processor.cc:803] Processor: start processing batch a7f9d247-d8b6-46cd-988c-1114742eab41 into model nwt
I0224 00:26:47.655794 12535 c_interface.cc:560] Pass GetScoreValueArgs, score_name=^^^ItemsProcessedScore^^^ to MasterComponent::Request
I0224 00:26:47.655894 12535 c_interface.cc:231] ArtmCopyRequestedMessage is copying 46 bytes...
I0224 00:26:47.682879 20869 processor.cc:908] Processor: complete processing batch 01682928-9fa4-47ab-813a-78764f1449c1 into model nwt
I0224 00:26:47.686487 20869 cuckoo_watch.h:45] 381ms in ProcessBatch(bathes/aaaaak.batch) [including 15ms in LoadMessage; 17ms in InitializeSparseNdw; 0ms in InitializeTheta; 0ms in CreateRegularizerAgents; 263ms in InferThetaAndUpdateNwtSparse; 77ms in CalculateScore(^^^ItemsProcessedScore^^^); ]
I0224 00:26:47.705772 20869 processor.cc:803] Processor: start processing batch 2b4d6ad1-a5b1-4a8c-be17-6ab2943bb3c8 into model nwt
I0224 00:26:47.849262 20870 processor.cc:908] Processor: complete processing batch a7f9d247-d8b6-46cd-988c-1114742eab41 into model nwt
I0224 00:26:47.852591 20870 cuckoo_watch.h:45] 389ms in ProcessBatch(bathes/aaaaal.batch) [including 15ms in LoadMessage; 17ms in InitializeSparseNdw; 0ms in InitializeTheta; 0ms in CreateRegularizerAgents; 268ms in InferThetaAndUpdateNwtSparse; 81ms in CalculateScore(^^^ItemsProcessedScore^^^); ]
I0224 00:26:47.870438 20870 processor.cc:803] Processor: start processing batch a3fe39de-75fe-4809-843a-a6883f1e9df0 into model nwt
I0224 00:26:48.074826 20869 processor.cc:908] Processor: complete processing batch 2b4d6ad1-a5b1-4a8c-be17-6ab2943bb3c8 into model nwt
I0224 00:26:48.078296 20869 cuckoo_watch.h:45] 391ms in ProcessBatch(bathes/aaaaam.batch) [including 15ms in LoadMessage; 17ms in InitializeSparseNdw; 0ms in InitializeTheta; 0ms in CreateRegularizerAgents; 268ms in InferThetaAndUpdateNwtSparse; 82ms in CalculateScore(^^^ItemsProcessedScore^^^); ]
I0224 00:26:48.094041 20869 processor.cc:803] Processor: start processing batch f72f4d76-4fde-4d63-ba7f-cf9369742dfc into model nwt
I0224 00:26:48.190062 20870 processor.cc:908] Processor: complete processing batch a3fe39de-75fe-4809-843a-a6883f1e9df0 into model nwt
I0224 00:26:48.193290 20870 cuckoo_watch.h:45] 340ms in ProcessBatch(bathes/aaaaan.batch) [including 13ms in LoadMessage; 14ms in InitializeSparseNdw; 0ms in InitializeTheta; 0ms in CreateRegularizerAgents; 234ms in InferThetaAndUpdateNwtSparse; 71ms in CalculateScore(^^^ItemsProcessedScore^^^); ]
I0224 00:26:48.209432 20870 processor.cc:803] Processor: start processing batch 1ef16483-3b24-48f8-a94c-1f40e6f54aa3 into model nwt
I0224 00:26:48.384447 20869 processor.cc:908] Processor: complete processing batch f72f4d76-4fde-4d63-ba7f-cf9369742dfc into model nwt
I0224 00:26:48.395910 20869 cuckoo_watch.h:45] 317ms in ProcessBatch(bathes/aaaaao.batch) [including 12ms in LoadMessage; 11ms in InitializeSparseNdw; 0ms in InitializeTheta; 0ms in CreateRegularizerAgents; 181ms in InferThetaAndUpdateNwtSparse; 97ms in CalculateScore(^^^ItemsProcessedScore^^^); ]
I0224 00:26:48.417618 20869 processor.cc:803] Processor: start processing batch 6e97bab5-72d9-4cf9-a437-be115f11d9cc into model nwt
I0224 00:26:48.538841 20869 processor.cc:908] Processor: complete processing batch 6e97bab5-72d9-4cf9-a437-be115f11d9cc into model nwt
I0224 00:26:48.543586 20869 cuckoo_watch.h:45] 144ms in ProcessBatch(bathes/aaaaaq.batch) [including 14ms in LoadMessage; 4ms in InitializeSparseNdw; 0ms in InitializeTheta; 0ms in CreateRegularizerAgents; 86ms in InferThetaAndUpdateNwtSparse; 30ms in CalculateScore(^^^ItemsProcessedScore^^^); ]
I0224 00:26:48.545025 20870 processor.cc:908] Processor: complete processing batch 1ef16483-3b24-48f8-a94c-1f40e6f54aa3 into model nwt
I0224 00:26:48.550953 20870 cuckoo_watch.h:45] 357ms in ProcessBatch(bathes/aaaaap.batch) [including 12ms in LoadMessage; 10ms in InitializeSparseNdw; 0ms in InitializeTheta; 0ms in CreateRegularizerAgents; 200ms in InferThetaAndUpdateNwtSparse; 122ms in CalculateScore(^^^ItemsProcessedScore^^^); ]
I0224 00:26:48.551955 20869 processor.cc:803] Processor: start processing batch c041e298-89c3-46b2-9e0e-72e6f52f4b5e into model nwt
I0224 00:26:48.564774 20869 processor.cc:908] Processor: complete processing batch c041e298-89c3-46b2-9e0e-72e6f52f4b5e into model nwt
I0224 00:26:48.565284 20869 cuckoo_watch.h:45] 21ms in ProcessBatch(bathes/aaaaar.batch) [including 2ms in LoadMessage; 0ms in InitializeSparseNdw; 0ms in InitializeTheta; 0ms in CreateRegularizerAgents; 7ms in InferThetaAndUpdateNwtSparse; 4ms in CalculateScore(^^^ItemsProcessedScore^^^); ]
I0224 00:26:48.566057 20865 master_component.cc:1386] RegularizeModelArgs: rwt_target_name=rwt, pwt_source_name=pwt, nwt_source_name=nwt
I0224 00:26:48.566088 20865 master_component.cc:930] MasterComponent: start regularizing model pwt
I0224 00:26:48.583433 20870 processor.cc:717] No data in processing queue, waiting...
I0224 00:26:48.593225 20869 processor.cc:717] No data in processing queue, waiting...
I0224 00:26:48.656399 12535 c_interface.cc:560] Pass GetScoreValueArgs, score_name=^^^ItemsProcessedScore^^^ to MasterComponent::Request
I0224 00:26:48.656502 12535 c_interface.cc:231] ArtmCopyRequestedMessage is copying 46 bytes...
I0224 00:26:49.105296 20865 master_component.cc:956] MasterComponent: complete regularizing model pwt
I0224 00:26:49.105382 20865 master_component.cc:1399] NormalizeModelArgs: pwt_target_name=pwt, nwt_source_name=nwt, rwt_source_name=rwt
I0224 00:26:49.105401 20865 master_component.cc:960] MasterComponent: start normalizing model nwt
I0224 00:26:49.395881 20865 master_component.cc:988] MasterComponent: complete normalizing model nwt
I0224 00:26:49.657013 12535 c_interface.cc:560] Pass GetScoreValueArgs, score_name=^^^ItemsProcessedScore^^^ to MasterComponent::Request
I0224 00:26:49.657158 12535 c_interface.cc:231] ArtmCopyRequestedMessage is copying 46 bytes...
I0224 00:26:49.658588 20865 master_component.cc:1423] DisposeModel rwt
I0224 00:26:49.714331 20865 master_component.cc:1013] FitOffline: ItemsProcessed, num_items=1728, num_batches=18, token_weight=808522, token_weight_in_effect=808522
I0224 00:26:49.714965 12535 c_interface.cc:560] Pass GetScoreValueArgs, score_name=^^^ItemsProcessedScore^^^ to MasterComponent::Request
I0224 00:26:49.715042 12535 c_interface.cc:231] ArtmCopyRequestedMessage is copying 46 bytes...
I0224 00:26:49.719080 20865 c_interface.cc:387] Pass FitOfflineMasterModelArgs, batch_filename_size=18, batch_weight_size=18, num_collection_passes=1 to MN4artm4core15MasterComponentEFvRKNS_25FitOfflineMasterModelArgsEE
I0224 00:26:49.720528 20865 master_component.cc:1348] ProcessBatchesArgs: nwt_target_name=nwt, batch_filename_size=18, batch_size=0, batch_weight_size=18, pwt_source_name=pwt, num_document_passes=10, regularizer=(name:SparsePhi, tau:100000), regularizer=(name:SparsePhi2, tau:-100000), class=(text:1), class=(author:1), reuse_theta=no, opt_for_avx=yes, predict_class_id=
I0224 00:26:49.893406 20870 processor.cc:724] Processing queue has data, processing started
I0224 00:26:49.897092 20869 processor.cc:724] Processing queue has data, processing started
I0224 00:26:49.908488 20870 processor.cc:803] Processor: start processing batch 6d4f6d29-c73d-4e17-9579-b2d15ddf0238 into model nwt
I0224 00:26:49.915603 20869 processor.cc:803] Processor: start processing batch bcf8f73e-e7e0-42fb-8ef1-f2249a59146a into model nwt
I0224 00:26:49.946566 20870 processor.cc:908] Processor: complete processing batch 6d4f6d29-c73d-4e17-9579-b2d15ddf0238 into model nwt
I0224 00:26:49.947453 20870 cuckoo_watch.h:45] 52ms in ProcessBatch(bathes/aaaaaa.batch) [including 10ms in LoadMessage; 1ms in InitializeSparseNdw; 0ms in InitializeTheta; 0ms in CreateRegularizerAgents; 27ms in InferThetaAndUpdateNwtSparse; 8ms in CalculateScore(^^^ItemsProcessedScore^^^); ]
I0224 00:26:49.956403 20870 processor.cc:803] Processor: start processing batch 1220b022-8e92-45f1-a6d4-f7412bd0657f into model nwt
I0224 00:26:49.993583 20869 processor.cc:908] Processor: complete processing batch bcf8f73e-e7e0-42fb-8ef1-f2249a59146a into model nwt
I0224 00:26:49.995054 20869 cuckoo_watch.h:45] 96ms in ProcessBatch(bathes/aaaaab.batch) [including 13ms in LoadMessage; 3ms in InitializeSparseNdw; 0ms in InitializeTheta; 0ms in CreateRegularizerAgents; 56ms in InferThetaAndUpdateNwtSparse; 17ms in CalculateScore(^^^ItemsProcessedScore^^^); ]
I0224 00:26:50.004916 20869 processor.cc:803] Processor: start processing batch bd74ba50-bdc3-4016-bfc9-a43c95e71e87 into model nwt
I0224 00:26:50.046532 20870 processor.cc:908] Processor: complete processing batch 1220b022-8e92-45f1-a6d4-f7412bd0657f into model nwt
I0224 00:26:50.048025 20870 cuckoo_watch.h:45] 100ms in ProcessBatch(bathes/aaaaac.batch) [including 5ms in LoadMessage; 3ms in InitializeSparseNdw; 0ms in InitializeTheta; 0ms in CreateRegularizerAgents; 66ms in InferThetaAndUpdateNwtSparse; 19ms in CalculateScore(^^^ItemsProcessedScore^^^); ]
I0224 00:26:50.056809 20870 processor.cc:803] Processor: start processing batch 7b3f2b6b-dc96-4862-b960-cd3f39eac849 into model nwt
I0224 00:26:50.092576 20869 processor.cc:908] Processor: complete processing batch bd74ba50-bdc3-4016-bfc9-a43c95e71e87 into model nwt
I0224 00:26:50.094130 20869 cuckoo_watch.h:45] 98ms in ProcessBatch(bathes/aaaaad.batch) [including 6ms in LoadMessage; 3ms in InitializeSparseNdw; 0ms in InitializeTheta; 0ms in CreateRegularizerAgents; 65ms in InferThetaAndUpdateNwtSparse; 18ms in CalculateScore(^^^ItemsProcessedScore^^^); ]
I0224 00:26:50.104259 20869 processor.cc:803] Processor: start processing batch bd0c276a-8e88-44c3-88ce-a0ee6996a17c into model nwt
I0224 00:26:50.131779 20870 processor.cc:908] Processor: complete processing batch 7b3f2b6b-dc96-4862-b960-cd3f39eac849 into model nwt
I0224 00:26:50.133340 20870 cuckoo_watch.h:45] 85ms in ProcessBatch(bathes/aaaaae.batch) [including 5ms in LoadMessage; 3ms in InitializeSparseNdw; 0ms in InitializeTheta; 0ms in CreateRegularizerAgents; 54ms in InferThetaAndUpdateNwtSparse; 16ms in CalculateScore(^^^ItemsProcessedScore^^^); ]
I0224 00:26:50.143950 20870 processor.cc:803] Processor: start processing batch cc4ebd10-706f-420b-93ce-013f7bf0cffa into model nwt
I0224 00:26:50.193464 20869 processor.cc:908] Processor: complete processing batch bd0c276a-8e88-44c3-88ce-a0ee6996a17c into model nwt
I0224 00:26:50.195915 20869 cuckoo_watch.h:45] 101ms in ProcessBatch(bathes/aaaaaf.batch) [including 6ms in LoadMessage; 3ms in InitializeSparseNdw; 0ms in InitializeTheta; 0ms in CreateRegularizerAgents; 64ms in InferThetaAndUpdateNwtSparse; 20ms in CalculateScore(^^^ItemsProcessedScore^^^); ]
I0224 00:26:50.206725 20869 processor.cc:803] Processor: start processing batch 95f685e5-14c1-43d9-bbf0-508a8cf4a4ab into model nwt
I0224 00:26:50.270438 20870 processor.cc:908] Processor: complete processing batch cc4ebd10-706f-420b-93ce-013f7bf0cffa into model nwt
I0224 00:26:50.272297 20870 cuckoo_watch.h:45] 138ms in ProcessBatch(bathes/aaaaag.batch) [including 7ms in LoadMessage; 5ms in InitializeSparseNdw; 0ms in InitializeTheta; 0ms in CreateRegularizerAgents; 93ms in InferThetaAndUpdateNwtSparse; 27ms in CalculateScore(^^^ItemsProcessedScore^^^); ]
I0224 00:26:50.281956 20870 processor.cc:803] Processor: start processing batch 1569872b-ec3e-40a2-9ce4-7c6165272236 into model nwt
I0224 00:26:50.317466 20869 processor.cc:908] Processor: complete processing batch 95f685e5-14c1-43d9-bbf0-508a8cf4a4ab into model nwt
I0224 00:26:50.319294 20869 cuckoo_watch.h:45] 123ms in ProcessBatch(bathes/aaaaah.batch) [including 7ms in LoadMessage; 4ms in InitializeSparseNdw; 0ms in InitializeTheta; 0ms in CreateRegularizerAgents; 81ms in InferThetaAndUpdateNwtSparse; 24ms in CalculateScore(^^^ItemsProcessedScore^^^); ]
I0224 00:26:50.334697 20869 processor.cc:803] Processor: start processing batch 19cb537e-2b26-4032-a266-8b50c8eaa339 into model nwt
I0224 00:26:50.371618 20870 processor.cc:908] Processor: complete processing batch 1569872b-ec3e-40a2-9ce4-7c6165272236 into model nwt
I0224 00:26:50.373219 20870 cuckoo_watch.h:45] 100ms in ProcessBatch(bathes/aaaaai.batch) [including 6ms in LoadMessage; 3ms in InitializeSparseNdw; 0ms in InitializeTheta; 0ms in CreateRegularizerAgents; 65ms in InferThetaAndUpdateNwtSparse; 20ms in CalculateScore(^^^ItemsProcessedScore^^^); ]
I0224 00:26:50.391862 20870 processor.cc:803] Processor: start processing batch 01682928-9fa4-47ab-813a-78764f1449c1 into model nwt
I0224 00:26:50.528627 20869 processor.cc:908] Processor: complete processing batch 19cb537e-2b26-4032-a266-8b50c8eaa339 into model nwt
I0224 00:26:50.531090 20869 cuckoo_watch.h:45] 211ms in ProcessBatch(bathes/aaaaaj.batch) [including 11ms in LoadMessage; 8ms in InitializeSparseNdw; 0ms in InitializeTheta; 0ms in CreateRegularizerAgents; 142ms in InferThetaAndUpdateNwtSparse; 42ms in CalculateScore(^^^ItemsProcessedScore^^^); ]
I0224 00:26:50.549693 20869 processor.cc:803] Processor: start processing batch a7f9d247-d8b6-46cd-988c-1114742eab41 into model nwt
I0224 00:26:50.716013 12535 c_interface.cc:560] Pass GetScoreValueArgs, score_name=^^^ItemsProcessedScore^^^ to MasterComponent::Request
I0224 00:26:50.716120 12535 c_interface.cc:231] ArtmCopyRequestedMessage is copying 46 bytes...
I0224 00:26:50.750051 20870 processor.cc:908] Processor: complete processing batch 01682928-9fa4-47ab-813a-78764f1449c1 into model nwt
I0224 00:26:50.753666 20870 cuckoo_watch.h:45] 380ms in ProcessBatch(bathes/aaaaak.batch) [including 15ms in LoadMessage; 18ms in InitializeSparseNdw; 0ms in InitializeTheta; 0ms in CreateRegularizerAgents; 261ms in InferThetaAndUpdateNwtSparse; 78ms in CalculateScore(^^^ItemsProcessedScore^^^); ]
I0224 00:26:50.773110 20870 processor.cc:803] Processor: start processing batch 2b4d6ad1-a5b1-4a8c-be17-6ab2943bb3c8 into model nwt
I0224 00:26:50.912385 20869 processor.cc:908] Processor: complete processing batch a7f9d247-d8b6-46cd-988c-1114742eab41 into model nwt
I0224 00:26:50.915701 20869 cuckoo_watch.h:45] 384ms in ProcessBatch(bathes/aaaaal.batch) [including 14ms in LoadMessage; 17ms in InitializeSparseNdw; 0ms in InitializeTheta; 0ms in CreateRegularizerAgents; 267ms in InferThetaAndUpdateNwtSparse; 77ms in CalculateScore(^^^ItemsProcessedScore^^^); ]
I0224 00:26:50.933485 20869 processor.cc:803] Processor: start processing batch a3fe39de-75fe-4809-843a-a6883f1e9df0 into model nwt
I0224 00:26:51.137651 20870 processor.cc:908] Processor: complete processing batch 2b4d6ad1-a5b1-4a8c-be17-6ab2943bb3c8 into model nwt
I0224 00:26:51.141098 20870 cuckoo_watch.h:45] 387ms in ProcessBatch(bathes/aaaaam.batch) [including 15ms in LoadMessage; 17ms in InitializeSparseNdw; 0ms in InitializeTheta; 0ms in CreateRegularizerAgents; 265ms in InferThetaAndUpdateNwtSparse; 81ms in CalculateScore(^^^ItemsProcessedScore^^^); ]
I0224 00:26:51.157022 20870 processor.cc:803] Processor: start processing batch f72f4d76-4fde-4d63-ba7f-cf9369742dfc into model nwt
I0224 00:26:51.253284 20869 processor.cc:908] Processor: complete processing batch a3fe39de-75fe-4809-843a-a6883f1e9df0 into model nwt
I0224 00:26:51.256511 20869 cuckoo_watch.h:45] 340ms in ProcessBatch(bathes/aaaaan.batch) [including 13ms in LoadMessage; 14ms in InitializeSparseNdw; 0ms in InitializeTheta; 0ms in CreateRegularizerAgents; 235ms in InferThetaAndUpdateNwtSparse; 70ms in CalculateScore(^^^ItemsProcessedScore^^^); ]
I0224 00:26:51.272130 20869 processor.cc:803] Processor: start processing batch 1ef16483-3b24-48f8-a94c-1f40e6f54aa3 into model nwt
I0224 00:26:51.407773 20870 processor.cc:908] Processor: complete processing batch f72f4d76-4fde-4d63-ba7f-cf9369742dfc into model nwt
I0224 00:26:51.410810 20870 cuckoo_watch.h:45] 269ms in ProcessBatch(bathes/aaaaao.batch) [including 12ms in LoadMessage; 11ms in InitializeSparseNdw; 0ms in InitializeTheta; 0ms in CreateRegularizerAgents; 182ms in InferThetaAndUpdateNwtSparse; 56ms in CalculateScore(^^^ItemsProcessedScore^^^); ]
I0224 00:26:51.418620 20870 processor.cc:803] Processor: start processing batch 6e97bab5-72d9-4cf9-a437-be115f11d9cc into model nwt
I0224 00:26:51.474782 20870 processor.cc:908] Processor: complete processing batch 6e97bab5-72d9-4cf9-a437-be115f11d9cc into model nwt
I0224 00:26:51.475976 20870 cuckoo_watch.h:45] 64ms in ProcessBatch(bathes/aaaaaq.batch) [including 4ms in LoadMessage; 1ms in InitializeSparseNdw; 0ms in InitializeTheta; 0ms in CreateRegularizerAgents; 41ms in InferThetaAndUpdateNwtSparse; 12ms in CalculateScore(^^^ItemsProcessedScore^^^); ]
I0224 00:26:51.480563 20870 processor.cc:803] Processor: start processing batch c041e298-89c3-46b2-9e0e-72e6f52f4b5e into model nwt
I0224 00:26:51.490384 20870 processor.cc:908] Processor: complete processing batch c041e298-89c3-46b2-9e0e-72e6f52f4b5e into model nwt
I0224 00:26:51.490778 20870 cuckoo_watch.h:45] 14ms in ProcessBatch(bathes/aaaaar.batch) [including 1ms in LoadMessage; 0ms in InitializeSparseNdw; 0ms in InitializeTheta; 0ms in CreateRegularizerAgents; 7ms in InferThetaAndUpdateNwtSparse; 2ms in CalculateScore(^^^ItemsProcessedScore^^^); ]
I0224 00:26:51.511023 20870 processor.cc:717] No data in processing queue, waiting...
I0224 00:26:51.520371 20869 processor.cc:908] Processor: complete processing batch 1ef16483-3b24-48f8-a94c-1f40e6f54aa3 into model nwt
I0224 00:26:51.523036 20869 cuckoo_watch.h:45] 266ms in ProcessBatch(bathes/aaaaap.batch) [including 11ms in LoadMessage; 10ms in InitializeSparseNdw; 0ms in InitializeTheta; 0ms in CreateRegularizerAgents; 184ms in InferThetaAndUpdateNwtSparse; 52ms in CalculateScore(^^^ItemsProcessedScore^^^); ]
I0224 00:26:51.524415 20865 master_component.cc:1386] RegularizeModelArgs: rwt_target_name=rwt, pwt_source_name=pwt, nwt_source_name=nwt
I0224 00:26:51.524451 20865 master_component.cc:930] MasterComponent: start regularizing model pwt
I0224 00:26:51.543411 20869 processor.cc:717] No data in processing queue, waiting...
I0224 00:26:51.716629 12535 c_interface.cc:560] Pass GetScoreValueArgs, score_name=^^^ItemsProcessedScore^^^ to MasterComponent::Request
I0224 00:26:51.716734 12535 c_interface.cc:231] ArtmCopyRequestedMessage is copying 46 bytes...
I0224 00:26:52.063582 20865 master_component.cc:956] MasterComponent: complete regularizing model pwt
I0224 00:26:52.063663 20865 master_component.cc:1399] NormalizeModelArgs: pwt_target_name=pwt, nwt_source_name=nwt, rwt_source_name=rwt
I0224 00:26:52.063681 20865 master_component.cc:960] MasterComponent: start normalizing model nwt
I0224 00:26:52.356253 20865 master_component.cc:988] MasterComponent: complete normalizing model nwt
I0224 00:26:52.619547 20865 master_component.cc:1423] DisposeModel rwt
I0224 00:26:52.675127 20865 master_component.cc:1013] FitOffline: ItemsProcessed, num_items=1728, num_batches=18, token_weight=808522, token_weight_in_effect=808522
I0224 00:26:52.675770 12535 c_interface.cc:560] Pass GetScoreValueArgs, score_name=^^^ItemsProcessedScore^^^ to MasterComponent::Request
I0224 00:26:52.676415 12535 c_interface.cc:231] ArtmCopyRequestedMessage is copying 46 bytes...
I0224 00:26:52.680886 20865 c_interface.cc:387] Pass FitOfflineMasterModelArgs, batch_filename_size=18, batch_weight_size=18, num_collection_passes=1 to MN4artm4core15MasterComponentEFvRKNS_25FitOfflineMasterModelArgsEE
I0224 00:26:52.681432 20865 master_component.cc:1348] ProcessBatchesArgs: nwt_target_name=nwt, batch_filename_size=18, batch_size=0, batch_weight_size=18, pwt_source_name=pwt, num_document_passes=10, regularizer=(name:SparsePhi, tau:100000), regularizer=(name:SparsePhi2, tau:-100000), class=(text:1), class=(author:1), reuse_theta=no, opt_for_avx=yes, predict_class_id=
I0224 00:26:52.853109 20869 processor.cc:724] Processing queue has data, processing started
I0224 00:26:52.855777 20870 processor.cc:724] Processing queue has data, processing started
I0224 00:26:52.869784 20869 processor.cc:803] Processor: start processing batch 6d4f6d29-c73d-4e17-9579-b2d15ddf0238 into model nwt
I0224 00:26:52.874351 20870 processor.cc:803] Processor: start processing batch bcf8f73e-e7e0-42fb-8ef1-f2249a59146a into model nwt
I0224 00:26:52.908691 20869 processor.cc:908] Processor: complete processing batch 6d4f6d29-c73d-4e17-9579-b2d15ddf0238 into model nwt
I0224 00:26:52.909612 20869 cuckoo_watch.h:45] 51ms in ProcessBatch(bathes/aaaaaa.batch) [including 7ms in LoadMessage; 1ms in InitializeSparseNdw; 0ms in InitializeTheta; 0ms in CreateRegularizerAgents; 27ms in InferThetaAndUpdateNwtSparse; 9ms in CalculateScore(^^^ItemsProcessedScore^^^); ]
I0224 00:26:52.918705 20869 processor.cc:803] Processor: start processing batch 1220b022-8e92-45f1-a6d4-f7412bd0657f into model nwt
I0224 00:26:52.951218 20870 processor.cc:908] Processor: complete processing batch bcf8f73e-e7e0-42fb-8ef1-f2249a59146a into model nwt
I0224 00:26:52.952667 20870 cuckoo_watch.h:45] 95ms in ProcessBatch(bathes/aaaaab.batch) [including 14ms in LoadMessage; 2ms in InitializeSparseNdw; 0ms in InitializeTheta; 0ms in CreateRegularizerAgents; 56ms in InferThetaAndUpdateNwtSparse; 17ms in CalculateScore(^^^ItemsProcessedScore^^^); ]
I0224 00:26:52.962330 20870 processor.cc:803] Processor: start processing batch bd74ba50-bdc3-4016-bfc9-a43c95e71e87 into model nwt
I0224 00:26:53.007889 20869 processor.cc:908] Processor: complete processing batch 1220b022-8e92-45f1-a6d4-f7412bd0657f into model nwt
I0224 00:26:53.009424 20869 cuckoo_watch.h:45] 99ms in ProcessBatch(bathes/aaaaac.batch) [including 5ms in LoadMessage; 3ms in InitializeSparseNdw; 0ms in InitializeTheta; 0ms in CreateRegularizerAgents; 64ms in InferThetaAndUpdateNwtSparse; 20ms in CalculateScore(^^^ItemsProcessedScore^^^); ]
I0224 00:26:53.018314 20869 processor.cc:803] Processor: start processing batch 7b3f2b6b-dc96-4862-b960-cd3f39eac849 into model nwt
I0224 00:26:53.049572 20870 processor.cc:908] Processor: complete processing batch bd74ba50-bdc3-4016-bfc9-a43c95e71e87 into model nwt
I0224 00:26:53.051158 20870 cuckoo_watch.h:45] 98ms in ProcessBatch(bathes/aaaaad.batch) [including 6ms in LoadMessage; 3ms in InitializeSparseNdw; 0ms in InitializeTheta; 0ms in CreateRegularizerAgents; 63ms in InferThetaAndUpdateNwtSparse; 19ms in CalculateScore(^^^ItemsProcessedScore^^^); ]
I0224 00:26:53.061261 20870 processor.cc:803] Processor: start processing batch bd0c276a-8e88-44c3-88ce-a0ee6996a17c into model nwt
I0224 00:26:53.092691 20869 processor.cc:908] Processor: complete processing batch 7b3f2b6b-dc96-4862-b960-cd3f39eac849 into model nwt
I0224 00:26:53.094177 20869 cuckoo_watch.h:45] 84ms in ProcessBatch(bathes/aaaaae.batch) [including 5ms in LoadMessage; 2ms in InitializeSparseNdw; 0ms in InitializeTheta; 0ms in CreateRegularizerAgents; 52ms in InferThetaAndUpdateNwtSparse; 18ms in CalculateScore(^^^ItemsProcessedScore^^^); ]
I0224 00:26:53.104986 20869 processor.cc:803] Processor: start processing batch cc4ebd10-706f-420b-93ce-013f7bf0cffa into model nwt
I0224 00:26:53.151067 20870 processor.cc:908] Processor: complete processing batch bd0c276a-8e88-44c3-88ce-a0ee6996a17c into model nwt
I0224 00:26:53.153254 20870 cuckoo_watch.h:45] 102ms in ProcessBatch(bathes/aaaaaf.batch) [including 6ms in LoadMessage; 3ms in InitializeSparseNdw; 0ms in InitializeTheta; 0ms in CreateRegularizerAgents; 65ms in InferThetaAndUpdateNwtSparse; 20ms in CalculateScore(^^^ItemsProcessedScore^^^); ]
I0224 00:26:53.163604 20870 processor.cc:803] Processor: start processing batch 95f685e5-14c1-43d9-bbf0-508a8cf4a4ab into model nwt
I0224 00:26:53.233568 20869 processor.cc:908] Processor: complete processing batch cc4ebd10-706f-420b-93ce-013f7bf0cffa into model nwt
I0224 00:26:53.235642 20869 cuckoo_watch.h:45] 141ms in ProcessBatch(bathes/aaaaag.batch) [including 7ms in LoadMessage; 5ms in InitializeSparseNdw; 0ms in InitializeTheta; 0ms in CreateRegularizerAgents; 93ms in InferThetaAndUpdateNwtSparse; 29ms in CalculateScore(^^^ItemsProcessedScore^^^); ]
I0224 00:26:53.245841 20869 processor.cc:803] Processor: start processing batch 1569872b-ec3e-40a2-9ce4-7c6165272236 into model nwt
I0224 00:26:53.272171 20870 processor.cc:908] Processor: complete processing batch 95f685e5-14c1-43d9-bbf0-508a8cf4a4ab into model nwt
I0224 00:26:53.273941 20870 cuckoo_watch.h:45] 120ms in ProcessBatch(bathes/aaaaah.batch) [including 6ms in LoadMessage; 4ms in InitializeSparseNdw; 0ms in InitializeTheta; 0ms in CreateRegularizerAgents; 81ms in InferThetaAndUpdateNwtSparse; 23ms in CalculateScore(^^^ItemsProcessedScore^^^); ]
I0224 00:26:53.287184 20870 processor.cc:803] Processor: start processing batch 19cb537e-2b26-4032-a266-8b50c8eaa339 into model nwt
I0224 00:26:53.336263 20869 processor.cc:908] Processor: complete processing batch 1569872b-ec3e-40a2-9ce4-7c6165272236 into model nwt
I0224 00:26:53.337934 20869 cuckoo_watch.h:45] 102ms in ProcessBatch(bathes/aaaaai.batch) [including 6ms in LoadMessage; 3ms in InitializeSparseNdw; 0ms in InitializeTheta; 0ms in CreateRegularizerAgents; 65ms in InferThetaAndUpdateNwtSparse; 21ms in CalculateScore(^^^ItemsProcessedScore^^^); ]
I0224 00:26:53.357623 20869 processor.cc:803] Processor: start processing batch 01682928-9fa4-47ab-813a-78764f1449c1 into model nwt
I0224 00:26:53.480947 20870 processor.cc:908] Processor: complete processing batch 19cb537e-2b26-4032-a266-8b50c8eaa339 into model nwt
I0224 00:26:53.483338 20870 cuckoo_watch.h:45] 209ms in ProcessBatch(bathes/aaaaaj.batch) [including 9ms in LoadMessage; 8ms in InitializeSparseNdw; 0ms in InitializeTheta; 0ms in CreateRegularizerAgents; 145ms in InferThetaAndUpdateNwtSparse; 40ms in CalculateScore(^^^ItemsProcessedScore^^^); ]
I0224 00:26:53.501752 20870 processor.cc:803] Processor: start processing batch a7f9d247-d8b6-46cd-988c-1114742eab41 into model nwt
I0224 00:26:53.677472 12535 c_interface.cc:560] Pass GetScoreValueArgs, score_name=^^^ItemsProcessedScore^^^ to MasterComponent::Request
I0224 00:26:53.677579 12535 c_interface.cc:231] ArtmCopyRequestedMessage is copying 46 bytes...
I0224 00:26:53.731086 20869 processor.cc:908] Processor: complete processing batch 01682928-9fa4-47ab-813a-78764f1449c1 into model nwt
I0224 00:26:53.734952 20869 cuckoo_watch.h:45] 396ms in ProcessBatch(bathes/aaaaak.batch) [including 16ms in LoadMessage; 18ms in InitializeSparseNdw; 0ms in InitializeTheta; 0ms in CreateRegularizerAgents; 271ms in InferThetaAndUpdateNwtSparse; 83ms in CalculateScore(^^^ItemsProcessedScore^^^); ]
