Log file created at: 2018/02/23 23:31:20
Running on machine: cruigo-Compaq-CQ58-Notebook-PC
Log line format: [IWEF]mmdd hh:mm:ss.uuuuuu threadid file:line] msg
I0223 23:31:20.379763 12535 c_interface.cc:127] Logging enabled to .
I0223 23:31:20.417505 12535 c_interface.cc:128] BigARTM version: v0.9.0
I0223 23:31:20.417630 12535 c_interface.cc:272] Creating MasterModel (id=1)...
E0223 23:31:20.421965 12535 c_interface.cc:59] DiskReadException :  File lestures.txt does not exist.
I0223 23:31:41.416450 12535 c_interface.cc:272] Creating MasterModel (id=2)...
I0223 23:31:41.429765 12535 collection_parser.cc:557] CollectionParserConfig.num_threads is automatically set to 2
I0223 23:31:45.475757 12535 c_interface.cc:373] Pass de259e06-371d-45d3-9996-80218f8ee237 to MN4artm4core15MasterComponentEFvRKNSt7__cxx1112basic_stringIcSt11char_traitsIcESaIcEEEE
I0223 23:31:45.476116 12535 c_interface.cc:387] Pass GatherDictionaryArgs: dictionary_target_name=de259e06-371d-45d3-9996-80218f8ee237, data_path=bathes, symmetric_cooc_values=0 to MN4artm4core15MasterComponentEFvRKNS_20GatherDictionaryArgsEE
I0223 23:31:45.480787 12535 dictionary_operations.cc:261] Found 18 batches in 'bathes' folder
I0223 23:31:45.860869 12535 dictionary_operations.cc:325] Find 26866 unique tokens in 1728 items
I0223 23:31:45.976030 12535 dictionary_operations.cc:589] Dictionary name='de259e06-371d-45d3-9996-80218f8ee237' contains entries: author:539; text:26327; 
I0223 23:37:59.076083 12535 instance.cc:401] MasterModelConfig.processors_count is automatically set to 2
I0223 23:37:59.076845 12535 c_interface.cc:272] Creating MasterModel (id=3)...
I0223 23:37:59.107789 20870 processor.cc:701] Processor thread started
I0223 23:37:59.107908 20869 processor.cc:701] Processor thread started
I0223 23:37:59.128808 20870 processor.cc:717] No data in processing queue, waiting...
I0223 23:37:59.128872 20869 processor.cc:717] No data in processing queue, waiting...
I0224 00:13:09.902743 12535 c_interface.cc:272] Creating MasterModel (id=4)...
I0224 00:13:09.987702 12535 c_interface.cc:373] Pass 54fedc77-050f-44da-aa4b-1c82029a2364 to MN4artm4core15MasterComponentEFvRKNSt7__cxx1112basic_stringIcSt11char_traitsIcESaIcEEEE
I0224 00:13:09.988098 12535 c_interface.cc:387] Pass GatherDictionaryArgs: dictionary_target_name=54fedc77-050f-44da-aa4b-1c82029a2364, data_path=bathes, symmetric_cooc_values=0 to MN4artm4core15MasterComponentEFvRKNS_20GatherDictionaryArgsEE
I0224 00:13:10.005976 12535 dictionary_operations.cc:261] Found 18 batches in 'bathes' folder
I0224 00:13:10.664352 12535 dictionary_operations.cc:325] Find 26866 unique tokens in 1728 items
I0224 00:13:10.774511 12535 dictionary_operations.cc:589] Dictionary name='54fedc77-050f-44da-aa4b-1c82029a2364' contains entries: author:539; text:26327; 
I0224 00:13:10.775089 12535 c_interface.cc:373] Pass pwt to MN4artm4core15MasterComponentEFvRKNSt7__cxx1112basic_stringIcSt11char_traitsIcESaIcEEEE
I0224 00:13:10.775173 12535 c_interface.cc:373] Pass nwt to MN4artm4core15MasterComponentEFvRKNSt7__cxx1112basic_stringIcSt11char_traitsIcESaIcEEEE
I0224 00:13:10.828135 12535 c_interface.cc:387] Pass InitializeModelArgs: model_name=pwt, dictionary_name=54fedc77-050f-44da-aa4b-1c82029a2364, topic_name_size=30 to MN4artm4core15MasterComponentEFvRKNS_19InitializeModelArgsEE
I0224 00:13:11.242424 12535 master_component.cc:627] InitializeModel() created matrix pwt with 30 topics and 26866 tokens; 
I0224 00:13:11.242846 12535 c_interface.cc:387] Pass InitializeModelArgs: model_name=nwt, dictionary_name=54fedc77-050f-44da-aa4b-1c82029a2364, topic_name_size=30 to MN4artm4core15MasterComponentEFvRKNS_19InitializeModelArgsEE
I0224 00:13:11.653632 12535 master_component.cc:627] InitializeModel() created matrix nwt with 30 topics and 26866 tokens; 
I0224 00:13:11.709568 12535 phi_matrix_operations.cc:84] RetrieveExternalTopicModel() with 30 topics, 26866 tokens
I0224 00:13:11.796844 12535 c_interface.cc:231] ArtmCopyRequestedMessage is copying 825334 bytes...
I0224 00:14:42.170794 12535 c_interface.cc:387] Pass MasterModelConfig: topic_name_size=30, class=(text:1), class=(author:1), score_config_size=2, num_processors=0, pwt_name=pwt, nwt_name=nwt, num_document_passes=10, reuse_theta=no, cache_theta=no, opt_for_avx=yes, disk_cache_path to MN4artm4core15MasterComponentEFvRKNS_17MasterModelConfigEE
I0224 00:14:42.212249 12535 instance.cc:401] MasterModelConfig.processors_count is automatically set to 2
I0224 00:14:42.273586 12535 c_interface.cc:387] Pass MasterModelConfig: topic_name_size=30, class=(text:1), class=(author:1), score_config_size=3, num_processors=0, pwt_name=pwt, nwt_name=nwt, num_document_passes=10, reuse_theta=no, cache_theta=no, opt_for_avx=yes, disk_cache_path to MN4artm4core15MasterComponentEFvRKNS_17MasterModelConfigEE
I0224 00:14:42.273660 12535 instance.cc:401] MasterModelConfig.processors_count is automatically set to 2
I0224 00:19:27.619057 12535 c_interface.cc:387] Pass MasterModelConfig: topic_name_size=30, class=(text:1), class=(author:1), score_config_size=3, num_processors=0, pwt_name=pwt, nwt_name=nwt, num_document_passes=10, regularizer=(SparsePhi:100000), reuse_theta=no, cache_theta=no, opt_for_avx=yes, disk_cache_path to MN4artm4core15MasterComponentEFvRKNS_17MasterModelConfigEE
I0224 00:19:27.619474 12535 instance.cc:401] MasterModelConfig.processors_count is automatically set to 2
I0224 00:19:27.619596 12535 instance.cc:232] Regularizer 'SparsePhi' was cold-reconfigured
I0224 00:22:59.972086 20865 c_interface.cc:387] Pass FitOfflineMasterModelArgs, batch_filename_size=18, batch_weight_size=18, num_collection_passes=1 to MN4artm4core15MasterComponentEFvRKNS_25FitOfflineMasterModelArgsEE
I0224 00:22:59.972496 20865 master_component.cc:1348] ProcessBatchesArgs: nwt_target_name=nwt, batch_filename_size=18, batch_size=0, batch_weight_size=18, pwt_source_name=pwt, num_document_passes=10, regularizer=(name:SparsePhi, tau:100000), class=(text:1), class=(author:1), reuse_theta=no, opt_for_avx=yes, predict_class_id=
I0224 00:23:00.118502 20869 processor.cc:724] Processing queue has data, processing started
I0224 00:23:00.118584 20870 processor.cc:724] Processing queue has data, processing started
I0224 00:23:00.133139 20869 processor.cc:803] Processor: start processing batch 6d4f6d29-c73d-4e17-9579-b2d15ddf0238 into model nwt
I0224 00:23:00.139353 20870 processor.cc:803] Processor: start processing batch bcf8f73e-e7e0-42fb-8ef1-f2249a59146a into model nwt
I0224 00:23:00.183759 20869 processor.cc:908] Processor: complete processing batch 6d4f6d29-c73d-4e17-9579-b2d15ddf0238 into model nwt
I0224 00:23:00.185019 20869 cuckoo_watch.h:45] 65ms in ProcessBatch(bathes/aaaaaa.batch) [including 11ms in LoadMessage; 1ms in InitializeSparseNdw; 0ms in InitializeTheta; 0ms in CreateRegularizerAgents; 39ms in InferThetaAndUpdateNwtSparse; 9ms in CalculateScore(^^^ItemsProcessedScore^^^); ]
I0224 00:23:00.193990 20869 processor.cc:803] Processor: start processing batch 1220b022-8e92-45f1-a6d4-f7412bd0657f into model nwt
I0224 00:23:00.224342 20870 processor.cc:908] Processor: complete processing batch bcf8f73e-e7e0-42fb-8ef1-f2249a59146a into model nwt
I0224 00:23:00.225850 20870 cuckoo_watch.h:45] 106ms in ProcessBatch(bathes/aaaaab.batch) [including 16ms in LoadMessage; 11ms in InitializeSparseNdw; 0ms in InitializeTheta; 0ms in CreateRegularizerAgents; 55ms in InferThetaAndUpdateNwtSparse; 17ms in CalculateScore(^^^ItemsProcessedScore^^^); ]
I0224 00:23:00.235565 20870 processor.cc:803] Processor: start processing batch bd74ba50-bdc3-4016-bfc9-a43c95e71e87 into model nwt
I0224 00:23:00.281689 20869 processor.cc:908] Processor: complete processing batch 1220b022-8e92-45f1-a6d4-f7412bd0657f into model nwt
I0224 00:23:00.283195 20869 cuckoo_watch.h:45] 98ms in ProcessBatch(bathes/aaaaac.batch) [including 5ms in LoadMessage; 3ms in InitializeSparseNdw; 0ms in InitializeTheta; 0ms in CreateRegularizerAgents; 61ms in InferThetaAndUpdateNwtSparse; 21ms in CalculateScore(^^^ItemsProcessedScore^^^); ]
I0224 00:23:00.292244 20869 processor.cc:803] Processor: start processing batch 7b3f2b6b-dc96-4862-b960-cd3f39eac849 into model nwt
I0224 00:23:00.319016 20870 processor.cc:908] Processor: complete processing batch bd74ba50-bdc3-4016-bfc9-a43c95e71e87 into model nwt
I0224 00:23:00.320574 20870 cuckoo_watch.h:45] 94ms in ProcessBatch(bathes/aaaaad.batch) [including 6ms in LoadMessage; 3ms in InitializeSparseNdw; 0ms in InitializeTheta; 0ms in CreateRegularizerAgents; 60ms in InferThetaAndUpdateNwtSparse; 19ms in CalculateScore(^^^ItemsProcessedScore^^^); ]
I0224 00:23:00.330621 20870 processor.cc:803] Processor: start processing batch bd0c276a-8e88-44c3-88ce-a0ee6996a17c into model nwt
I0224 00:23:00.361963 20869 processor.cc:908] Processor: complete processing batch 7b3f2b6b-dc96-4862-b960-cd3f39eac849 into model nwt
I0224 00:23:00.363394 20869 cuckoo_watch.h:45] 80ms in ProcessBatch(bathes/aaaaae.batch) [including 6ms in LoadMessage; 2ms in InitializeSparseNdw; 0ms in InitializeTheta; 0ms in CreateRegularizerAgents; 49ms in InferThetaAndUpdateNwtSparse; 17ms in CalculateScore(^^^ItemsProcessedScore^^^); ]
I0224 00:23:00.375744 20869 processor.cc:803] Processor: start processing batch cc4ebd10-706f-420b-93ce-013f7bf0cffa into model nwt
I0224 00:23:00.415482 20870 processor.cc:908] Processor: complete processing batch bd0c276a-8e88-44c3-88ce-a0ee6996a17c into model nwt
I0224 00:23:00.417181 20870 cuckoo_watch.h:45] 96ms in ProcessBatch(bathes/aaaaaf.batch) [including 6ms in LoadMessage; 3ms in InitializeSparseNdw; 0ms in InitializeTheta; 0ms in CreateRegularizerAgents; 60ms in InferThetaAndUpdateNwtSparse; 20ms in CalculateScore(^^^ItemsProcessedScore^^^); ]
I0224 00:23:00.427649 20870 processor.cc:803] Processor: start processing batch 95f685e5-14c1-43d9-bbf0-508a8cf4a4ab into model nwt
I0224 00:23:00.498742 20869 processor.cc:908] Processor: complete processing batch cc4ebd10-706f-420b-93ce-013f7bf0cffa into model nwt
I0224 00:23:00.500906 20869 cuckoo_watch.h:45] 137ms in ProcessBatch(bathes/aaaaag.batch) [including 9ms in LoadMessage; 5ms in InitializeSparseNdw; 0ms in InitializeTheta; 0ms in CreateRegularizerAgents; 88ms in InferThetaAndUpdateNwtSparse; 28ms in CalculateScore(^^^ItemsProcessedScore^^^); ]
I0224 00:23:00.511004 20869 processor.cc:803] Processor: start processing batch 1569872b-ec3e-40a2-9ce4-7c6165272236 into model nwt
I0224 00:23:00.529090 20870 processor.cc:908] Processor: complete processing batch 95f685e5-14c1-43d9-bbf0-508a8cf4a4ab into model nwt
I0224 00:23:00.530866 20870 cuckoo_watch.h:45] 113ms in ProcessBatch(bathes/aaaaah.batch) [including 7ms in LoadMessage; 4ms in InitializeSparseNdw; 0ms in InitializeTheta; 0ms in CreateRegularizerAgents; 72ms in InferThetaAndUpdateNwtSparse; 23ms in CalculateScore(^^^ItemsProcessedScore^^^); ]
I0224 00:23:00.545357 20870 processor.cc:803] Processor: start processing batch 19cb537e-2b26-4032-a266-8b50c8eaa339 into model nwt
I0224 00:23:00.613953 20869 processor.cc:908] Processor: complete processing batch 1569872b-ec3e-40a2-9ce4-7c6165272236 into model nwt
I0224 00:23:00.615502 20869 cuckoo_watch.h:45] 114ms in ProcessBatch(bathes/aaaaai.batch) [including 6ms in LoadMessage; 3ms in InitializeSparseNdw; 0ms in InitializeTheta; 0ms in CreateRegularizerAgents; 69ms in InferThetaAndUpdateNwtSparse; 29ms in CalculateScore(^^^ItemsProcessedScore^^^); ]
I0224 00:23:00.644740 20869 processor.cc:803] Processor: start processing batch 01682928-9fa4-47ab-813a-78764f1449c1 into model nwt
I0224 00:23:00.728607 20870 processor.cc:908] Processor: complete processing batch 19cb537e-2b26-4032-a266-8b50c8eaa339 into model nwt
I0224 00:23:00.731040 20870 cuckoo_watch.h:45] 200ms in ProcessBatch(bathes/aaaaaj.batch) [including 11ms in LoadMessage; 8ms in InitializeSparseNdw; 0ms in InitializeTheta; 0ms in CreateRegularizerAgents; 133ms in InferThetaAndUpdateNwtSparse; 40ms in CalculateScore(^^^ItemsProcessedScore^^^); ]
I0224 00:23:00.749881 20870 processor.cc:803] Processor: start processing batch a7f9d247-d8b6-46cd-988c-1114742eab41 into model nwt
I0224 00:23:00.953210 12535 c_interface.cc:560] Pass GetScoreValueArgs, score_name=^^^ItemsProcessedScore^^^ to MasterComponent::Request
I0224 00:23:00.956156 12535 c_interface.cc:231] ArtmCopyRequestedMessage is copying 46 bytes...
I0224 00:23:01.057628 20869 processor.cc:908] Processor: complete processing batch 01682928-9fa4-47ab-813a-78764f1449c1 into model nwt
I0224 00:23:01.061385 20869 cuckoo_watch.h:45] 445ms in ProcessBatch(bathes/aaaaak.batch) [including 26ms in LoadMessage; 37ms in InitializeSparseNdw; 0ms in InitializeTheta; 0ms in CreateRegularizerAgents; 294ms in InferThetaAndUpdateNwtSparse; 80ms in CalculateScore(^^^ItemsProcessedScore^^^); ]
I0224 00:23:01.083588 20869 processor.cc:803] Processor: start processing batch 2b4d6ad1-a5b1-4a8c-be17-6ab2943bb3c8 into model nwt
I0224 00:23:01.096127 20870 processor.cc:908] Processor: complete processing batch a7f9d247-d8b6-46cd-988c-1114742eab41 into model nwt
I0224 00:23:01.099460 20870 cuckoo_watch.h:45] 368ms in ProcessBatch(bathes/aaaaal.batch) [including 15ms in LoadMessage; 16ms in InitializeSparseNdw; 0ms in InitializeTheta; 0ms in CreateRegularizerAgents; 251ms in InferThetaAndUpdateNwtSparse; 77ms in CalculateScore(^^^ItemsProcessedScore^^^); ]
I0224 00:23:01.117171 20870 processor.cc:803] Processor: start processing batch a3fe39de-75fe-4809-843a-a6883f1e9df0 into model nwt
I0224 00:23:01.489948 20870 processor.cc:908] Processor: complete processing batch a3fe39de-75fe-4809-843a-a6883f1e9df0 into model nwt
I0224 00:23:01.496541 20870 cuckoo_watch.h:45] 396ms in ProcessBatch(bathes/aaaaan.batch) [including 14ms in LoadMessage; 14ms in InitializeSparseNdw; 0ms in InitializeTheta; 0ms in CreateRegularizerAgents; 221ms in InferThetaAndUpdateNwtSparse; 136ms in CalculateScore(^^^ItemsProcessedScore^^^); ]
I0224 00:23:01.528283 20870 processor.cc:803] Processor: start processing batch f72f4d76-4fde-4d63-ba7f-cf9369742dfc into model nwt
I0224 00:23:01.751237 20869 processor.cc:908] Processor: complete processing batch 2b4d6ad1-a5b1-4a8c-be17-6ab2943bb3c8 into model nwt
I0224 00:23:01.758029 20869 cuckoo_watch.h:45] 696ms in ProcessBatch(bathes/aaaaam.batch) [including 18ms in LoadMessage; 20ms in InitializeSparseNdw; 0ms in InitializeTheta; 0ms in CreateRegularizerAgents; 458ms in InferThetaAndUpdateNwtSparse; 187ms in CalculateScore(^^^ItemsProcessedScore^^^); ]
I0224 00:23:01.788614 20869 processor.cc:803] Processor: start processing batch 1ef16483-3b24-48f8-a94c-1f40e6f54aa3 into model nwt
I0224 00:23:01.961297 12535 c_interface.cc:560] Pass GetScoreValueArgs, score_name=^^^ItemsProcessedScore^^^ to MasterComponent::Request
I0224 00:23:01.961401 12535 c_interface.cc:231] ArtmCopyRequestedMessage is copying 46 bytes...
I0224 00:23:02.063016 20870 processor.cc:908] Processor: complete processing batch f72f4d76-4fde-4d63-ba7f-cf9369742dfc into model nwt
I0224 00:23:02.069388 20870 cuckoo_watch.h:45] 570ms in ProcessBatch(bathes/aaaaao.batch) [including 25ms in LoadMessage; 24ms in InitializeSparseNdw; 0ms in InitializeTheta; 0ms in CreateRegularizerAgents; 377ms in InferThetaAndUpdateNwtSparse; 132ms in CalculateScore(^^^ItemsProcessedScore^^^); ]
I0224 00:23:02.085825 20870 processor.cc:803] Processor: start processing batch 6e97bab5-72d9-4cf9-a437-be115f11d9cc into model nwt
I0224 00:23:02.180382 20870 processor.cc:908] Processor: complete processing batch 6e97bab5-72d9-4cf9-a437-be115f11d9cc into model nwt
I0224 00:23:02.181717 20870 cuckoo_watch.h:45] 111ms in ProcessBatch(bathes/aaaaaq.batch) [including 11ms in LoadMessage; 4ms in InitializeSparseNdw; 0ms in InitializeTheta; 0ms in CreateRegularizerAgents; 71ms in InferThetaAndUpdateNwtSparse; 18ms in CalculateScore(^^^ItemsProcessedScore^^^); ]
I0224 00:23:02.199010 20870 processor.cc:803] Processor: start processing batch c041e298-89c3-46b2-9e0e-72e6f52f4b5e into model nwt
I0224 00:23:02.212020 20869 processor.cc:908] Processor: complete processing batch 1ef16483-3b24-48f8-a94c-1f40e6f54aa3 into model nwt
I0224 00:23:02.214680 20869 cuckoo_watch.h:45] 456ms in ProcessBatch(bathes/aaaaap.batch) [including 27ms in LoadMessage; 24ms in InitializeSparseNdw; 0ms in InitializeTheta; 0ms in CreateRegularizerAgents; 345ms in InferThetaAndUpdateNwtSparse; 53ms in CalculateScore(^^^ItemsProcessedScore^^^); ]
I0224 00:23:02.220886 20870 processor.cc:908] Processor: complete processing batch c041e298-89c3-46b2-9e0e-72e6f52f4b5e into model nwt
I0224 00:23:02.221261 20870 cuckoo_watch.h:45] 39ms in ProcessBatch(bathes/aaaaar.batch) [including 1ms in LoadMessage; 0ms in InitializeSparseNdw; 0ms in InitializeTheta; 0ms in CreateRegularizerAgents; 19ms in InferThetaAndUpdateNwtSparse; 2ms in CalculateScore(^^^ItemsProcessedScore^^^); ]
I0224 00:23:02.221490 20865 master_component.cc:1386] RegularizeModelArgs: rwt_target_name=rwt, pwt_source_name=pwt, nwt_source_name=nwt
I0224 00:23:02.221516 20865 master_component.cc:930] MasterComponent: start regularizing model pwt
I0224 00:23:02.242349 20869 processor.cc:717] No data in processing queue, waiting...
I0224 00:23:02.247768 20870 processor.cc:717] No data in processing queue, waiting...
I0224 00:23:02.633517 20865 master_component.cc:956] MasterComponent: complete regularizing model pwt
I0224 00:23:02.633597 20865 master_component.cc:1399] NormalizeModelArgs: pwt_target_name=pwt, nwt_source_name=nwt, rwt_source_name=rwt
I0224 00:23:02.633617 20865 master_component.cc:960] MasterComponent: start normalizing model nwt
I0224 00:23:02.893254 20865 master_component.cc:988] MasterComponent: complete normalizing model nwt
I0224 00:23:02.962122 12535 c_interface.cc:560] Pass GetScoreValueArgs, score_name=^^^ItemsProcessedScore^^^ to MasterComponent::Request
I0224 00:23:02.962230 12535 c_interface.cc:231] ArtmCopyRequestedMessage is copying 46 bytes...
I0224 00:23:03.186780 20865 master_component.cc:1423] DisposeModel rwt
I0224 00:23:03.221671 20865 master_component.cc:1013] FitOffline: ItemsProcessed, num_items=1728, num_batches=18, token_weight=808522, token_weight_in_effect=808522
I0224 00:23:03.222846 12535 c_interface.cc:560] Pass GetScoreValueArgs, score_name=^^^ItemsProcessedScore^^^ to MasterComponent::Request
I0224 00:23:03.222981 12535 c_interface.cc:231] ArtmCopyRequestedMessage is copying 46 bytes...
I0224 00:23:03.224295 20865 c_interface.cc:387] Pass FitOfflineMasterModelArgs, batch_filename_size=18, batch_weight_size=18, num_collection_passes=1 to MN4artm4core15MasterComponentEFvRKNS_25FitOfflineMasterModelArgsEE
I0224 00:23:03.224411 20865 master_component.cc:1348] ProcessBatchesArgs: nwt_target_name=nwt, batch_filename_size=18, batch_size=0, batch_weight_size=18, pwt_source_name=pwt, num_document_passes=10, regularizer=(name:SparsePhi, tau:100000), class=(text:1), class=(author:1), reuse_theta=no, opt_for_avx=yes, predict_class_id=
I0224 00:23:03.362203 20870 processor.cc:724] Processing queue has data, processing started
I0224 00:23:03.363713 20869 processor.cc:724] Processing queue has data, processing started
I0224 00:23:03.371992 20870 processor.cc:803] Processor: start processing batch 6d4f6d29-c73d-4e17-9579-b2d15ddf0238 into model nwt
I0224 00:23:03.386601 20869 processor.cc:803] Processor: start processing batch bcf8f73e-e7e0-42fb-8ef1-f2249a59146a into model nwt
I0224 00:23:03.423372 20870 processor.cc:908] Processor: complete processing batch 6d4f6d29-c73d-4e17-9579-b2d15ddf0238 into model nwt
I0224 00:23:03.424244 20870 cuckoo_watch.h:45] 60ms in ProcessBatch(bathes/aaaaaa.batch) [including 5ms in LoadMessage; 1ms in InitializeSparseNdw; 0ms in InitializeTheta; 0ms in CreateRegularizerAgents; 40ms in InferThetaAndUpdateNwtSparse; 9ms in CalculateScore(^^^ItemsProcessedScore^^^); ]
I0224 00:23:03.432890 20870 processor.cc:803] Processor: start processing batch 1220b022-8e92-45f1-a6d4-f7412bd0657f into model nwt
I0224 00:23:03.462903 20869 processor.cc:908] Processor: complete processing batch bcf8f73e-e7e0-42fb-8ef1-f2249a59146a into model nwt
I0224 00:23:03.464352 20869 cuckoo_watch.h:45] 99ms in ProcessBatch(bathes/aaaaab.batch) [including 18ms in LoadMessage; 3ms in InitializeSparseNdw; 0ms in InitializeTheta; 0ms in CreateRegularizerAgents; 53ms in InferThetaAndUpdateNwtSparse; 19ms in CalculateScore(^^^ItemsProcessedScore^^^); ]
I0224 00:23:03.473682 20869 processor.cc:803] Processor: start processing batch bd74ba50-bdc3-4016-bfc9-a43c95e71e87 into model nwt
I0224 00:23:03.518321 20870 processor.cc:908] Processor: complete processing batch 1220b022-8e92-45f1-a6d4-f7412bd0657f into model nwt
I0224 00:23:03.519801 20870 cuckoo_watch.h:45] 95ms in ProcessBatch(bathes/aaaaac.batch) [including 5ms in LoadMessage; 3ms in InitializeSparseNdw; 0ms in InitializeTheta; 0ms in CreateRegularizerAgents; 62ms in InferThetaAndUpdateNwtSparse; 19ms in CalculateScore(^^^ItemsProcessedScore^^^); ]
I0224 00:23:03.529132 20870 processor.cc:803] Processor: start processing batch 7b3f2b6b-dc96-4862-b960-cd3f39eac849 into model nwt
I0224 00:23:03.553601 20869 processor.cc:908] Processor: complete processing batch bd74ba50-bdc3-4016-bfc9-a43c95e71e87 into model nwt
I0224 00:23:03.555177 20869 cuckoo_watch.h:45] 90ms in ProcessBatch(bathes/aaaaad.batch) [including 5ms in LoadMessage; 3ms in InitializeSparseNdw; 0ms in InitializeTheta; 0ms in CreateRegularizerAgents; 57ms in InferThetaAndUpdateNwtSparse; 18ms in CalculateScore(^^^ItemsProcessedScore^^^); ]
I0224 00:23:03.564373 20869 processor.cc:803] Processor: start processing batch bd0c276a-8e88-44c3-88ce-a0ee6996a17c into model nwt
I0224 00:23:03.640969 20870 processor.cc:908] Processor: complete processing batch 7b3f2b6b-dc96-4862-b960-cd3f39eac849 into model nwt
I0224 00:23:03.642529 20870 cuckoo_watch.h:45] 122ms in ProcessBatch(bathes/aaaaae.batch) [including 5ms in LoadMessage; 2ms in InitializeSparseNdw; 0ms in InitializeTheta; 0ms in CreateRegularizerAgents; 79ms in InferThetaAndUpdateNwtSparse; 29ms in CalculateScore(^^^ItemsProcessedScore^^^); ]
I0224 00:23:03.649215 20869 processor.cc:908] Processor: complete processing batch bd0c276a-8e88-44c3-88ce-a0ee6996a17c into model nwt
I0224 00:23:03.651497 20869 cuckoo_watch.h:45] 96ms in ProcessBatch(bathes/aaaaaf.batch) [including 6ms in LoadMessage; 3ms in InitializeSparseNdw; 0ms in InitializeTheta; 0ms in CreateRegularizerAgents; 60ms in InferThetaAndUpdateNwtSparse; 20ms in CalculateScore(^^^ItemsProcessedScore^^^); ]
I0224 00:23:03.654764 20870 processor.cc:803] Processor: start processing batch cc4ebd10-706f-420b-93ce-013f7bf0cffa into model nwt
I0224 00:23:03.661708 20869 processor.cc:803] Processor: start processing batch 95f685e5-14c1-43d9-bbf0-508a8cf4a4ab into model nwt
I0224 00:23:03.759680 20869 processor.cc:908] Processor: complete processing batch 95f685e5-14c1-43d9-bbf0-508a8cf4a4ab into model nwt
I0224 00:23:03.761464 20869 cuckoo_watch.h:45] 109ms in ProcessBatch(bathes/aaaaah.batch) [including 6ms in LoadMessage; 4ms in InitializeSparseNdw; 0ms in InitializeTheta; 0ms in CreateRegularizerAgents; 70ms in InferThetaAndUpdateNwtSparse; 23ms in CalculateScore(^^^ItemsProcessedScore^^^); ]
I0224 00:23:03.770283 20869 processor.cc:803] Processor: start processing batch 1569872b-ec3e-40a2-9ce4-7c6165272236 into model nwt
I0224 00:23:03.780639 20870 processor.cc:908] Processor: complete processing batch cc4ebd10-706f-420b-93ce-013f7bf0cffa into model nwt
I0224 00:23:03.782553 20870 cuckoo_watch.h:45] 139ms in ProcessBatch(bathes/aaaaag.batch) [including 8ms in LoadMessage; 5ms in InitializeSparseNdw; 0ms in InitializeTheta; 0ms in CreateRegularizerAgents; 89ms in InferThetaAndUpdateNwtSparse; 30ms in CalculateScore(^^^ItemsProcessedScore^^^); ]
I0224 00:23:03.795625 20870 processor.cc:803] Processor: start processing batch 19cb537e-2b26-4032-a266-8b50c8eaa339 into model nwt
I0224 00:23:03.851984 20869 processor.cc:908] Processor: complete processing batch 1569872b-ec3e-40a2-9ce4-7c6165272236 into model nwt
I0224 00:23:03.853550 20869 cuckoo_watch.h:45] 92ms in ProcessBatch(bathes/aaaaai.batch) [including 5ms in LoadMessage; 3ms in InitializeSparseNdw; 0ms in InitializeTheta; 0ms in CreateRegularizerAgents; 58ms in InferThetaAndUpdateNwtSparse; 19ms in CalculateScore(^^^ItemsProcessedScore^^^); ]
I0224 00:23:03.873896 20869 processor.cc:803] Processor: start processing batch 01682928-9fa4-47ab-813a-78764f1449c1 into model nwt
I0224 00:23:03.982462 20870 processor.cc:908] Processor: complete processing batch 19cb537e-2b26-4032-a266-8b50c8eaa339 into model nwt
I0224 00:23:03.985108 20870 cuckoo_watch.h:45] 202ms in ProcessBatch(bathes/aaaaaj.batch) [including 9ms in LoadMessage; 9ms in InitializeSparseNdw; 0ms in InitializeTheta; 0ms in CreateRegularizerAgents; 136ms in InferThetaAndUpdateNwtSparse; 40ms in CalculateScore(^^^ItemsProcessedScore^^^); ]
I0224 00:23:04.006371 20870 processor.cc:803] Processor: start processing batch a7f9d247-d8b6-46cd-988c-1114742eab41 into model nwt
I0224 00:23:04.224159 12535 c_interface.cc:560] Pass GetScoreValueArgs, score_name=^^^ItemsProcessedScore^^^ to MasterComponent::Request
I0224 00:23:04.224261 12535 c_interface.cc:231] ArtmCopyRequestedMessage is copying 46 bytes...
I0224 00:23:04.225852 20869 processor.cc:908] Processor: complete processing batch 01682928-9fa4-47ab-813a-78764f1449c1 into model nwt
I0224 00:23:04.229375 20869 cuckoo_watch.h:45] 375ms in ProcessBatch(bathes/aaaaak.batch) [including 15ms in LoadMessage; 17ms in InitializeSparseNdw; 0ms in InitializeTheta; 0ms in CreateRegularizerAgents; 254ms in InferThetaAndUpdateNwtSparse; 79ms in CalculateScore(^^^ItemsProcessedScore^^^); ]
I0224 00:23:04.247805 20869 processor.cc:803] Processor: start processing batch 2b4d6ad1-a5b1-4a8c-be17-6ab2943bb3c8 into model nwt
I0224 00:23:04.413679 20870 processor.cc:908] Processor: complete processing batch a7f9d247-d8b6-46cd-988c-1114742eab41 into model nwt
I0224 00:23:04.416939 20870 cuckoo_watch.h:45] 431ms in ProcessBatch(bathes/aaaaal.batch) [including 17ms in LoadMessage; 17ms in InitializeSparseNdw; 0ms in InitializeTheta; 0ms in CreateRegularizerAgents; 310ms in InferThetaAndUpdateNwtSparse; 79ms in CalculateScore(^^^ItemsProcessedScore^^^); ]
I0224 00:23:04.435550 20870 processor.cc:803] Processor: start processing batch a3fe39de-75fe-4809-843a-a6883f1e9df0 into model nwt
I0224 00:23:04.599743 20869 processor.cc:908] Processor: complete processing batch 2b4d6ad1-a5b1-4a8c-be17-6ab2943bb3c8 into model nwt
I0224 00:23:04.603118 20869 cuckoo_watch.h:45] 373ms in ProcessBatch(bathes/aaaaam.batch) [including 15ms in LoadMessage; 17ms in InitializeSparseNdw; 0ms in InitializeTheta; 0ms in CreateRegularizerAgents; 257ms in InferThetaAndUpdateNwtSparse; 77ms in CalculateScore(^^^ItemsProcessedScore^^^); ]
I0224 00:23:04.618028 20869 processor.cc:803] Processor: start processing batch f72f4d76-4fde-4d63-ba7f-cf9369742dfc into model nwt
I0224 00:23:04.775616 20870 processor.cc:908] Processor: complete processing batch a3fe39de-75fe-4809-843a-a6883f1e9df0 into model nwt
I0224 00:23:04.778913 20870 cuckoo_watch.h:45] 361ms in ProcessBatch(bathes/aaaaan.batch) [including 14ms in LoadMessage; 14ms in InitializeSparseNdw; 0ms in InitializeTheta; 0ms in CreateRegularizerAgents; 252ms in InferThetaAndUpdateNwtSparse; 72ms in CalculateScore(^^^ItemsProcessedScore^^^); ]
I0224 00:23:04.794519 20870 processor.cc:803] Processor: start processing batch 1ef16483-3b24-48f8-a94c-1f40e6f54aa3 into model nwt
I0224 00:23:04.870584 20869 processor.cc:908] Processor: complete processing batch f72f4d76-4fde-4d63-ba7f-cf9369742dfc into model nwt
I0224 00:23:04.873375 20869 cuckoo_watch.h:45] 270ms in ProcessBatch(bathes/aaaaao.batch) [including 11ms in LoadMessage; 11ms in InitializeSparseNdw; 0ms in InitializeTheta; 0ms in CreateRegularizerAgents; 186ms in InferThetaAndUpdateNwtSparse; 54ms in CalculateScore(^^^ItemsProcessedScore^^^); ]
I0224 00:23:04.881799 20869 processor.cc:803] Processor: start processing batch 6e97bab5-72d9-4cf9-a437-be115f11d9cc into model nwt
I0224 00:23:04.934000 20869 processor.cc:908] Processor: complete processing batch 6e97bab5-72d9-4cf9-a437-be115f11d9cc into model nwt
I0224 00:23:04.935158 20869 cuckoo_watch.h:45] 61ms in ProcessBatch(bathes/aaaaaq.batch) [including 5ms in LoadMessage; 1ms in InitializeSparseNdw; 0ms in InitializeTheta; 0ms in CreateRegularizerAgents; 38ms in InferThetaAndUpdateNwtSparse; 11ms in CalculateScore(^^^ItemsProcessedScore^^^); ]
I0224 00:23:04.939574 20869 processor.cc:803] Processor: start processing batch c041e298-89c3-46b2-9e0e-72e6f52f4b5e into model nwt
I0224 00:23:04.948657 20869 processor.cc:908] Processor: complete processing batch c041e298-89c3-46b2-9e0e-72e6f52f4b5e into model nwt
I0224 00:23:04.949020 20869 cuckoo_watch.h:45] 13ms in ProcessBatch(bathes/aaaaar.batch) [including 1ms in LoadMessage; 0ms in InitializeSparseNdw; 0ms in InitializeTheta; 0ms in CreateRegularizerAgents; 6ms in InferThetaAndUpdateNwtSparse; 2ms in CalculateScore(^^^ItemsProcessedScore^^^); ]
I0224 00:23:05.014024 20869 processor.cc:717] No data in processing queue, waiting...
I0224 00:23:05.093247 20870 processor.cc:908] Processor: complete processing batch 1ef16483-3b24-48f8-a94c-1f40e6f54aa3 into model nwt
I0224 00:23:05.095983 20870 cuckoo_watch.h:45] 316ms in ProcessBatch(bathes/aaaaap.batch) [including 12ms in LoadMessage; 10ms in InitializeSparseNdw; 0ms in InitializeTheta; 0ms in CreateRegularizerAgents; 234ms in InferThetaAndUpdateNwtSparse; 52ms in CalculateScore(^^^ItemsProcessedScore^^^); ]
I0224 00:23:05.096961 20865 master_component.cc:1386] RegularizeModelArgs: rwt_target_name=rwt, pwt_source_name=pwt, nwt_source_name=nwt
I0224 00:23:05.096989 20865 master_component.cc:930] MasterComponent: start regularizing model pwt
I0224 00:23:05.122576 20870 processor.cc:717] No data in processing queue, waiting...
I0224 00:23:05.224795 12535 c_interface.cc:560] Pass GetScoreValueArgs, score_name=^^^ItemsProcessedScore^^^ to MasterComponent::Request
I0224 00:23:05.224903 12535 c_interface.cc:231] ArtmCopyRequestedMessage is copying 46 bytes...
I0224 00:23:05.519418 20865 master_component.cc:956] MasterComponent: complete regularizing model pwt
I0224 00:23:05.519501 20865 master_component.cc:1399] NormalizeModelArgs: pwt_target_name=pwt, nwt_source_name=nwt, rwt_source_name=rwt
I0224 00:23:05.520020 20865 master_component.cc:960] MasterComponent: start normalizing model nwt
I0224 00:23:05.774135 20865 master_component.cc:988] MasterComponent: complete normalizing model nwt
I0224 00:23:06.058928 20865 master_component.cc:1423] DisposeModel rwt
I0224 00:23:06.094796 20865 master_component.cc:1013] FitOffline: ItemsProcessed, num_items=1728, num_batches=18, token_weight=808522, token_weight_in_effect=808522
I0224 00:23:06.095443 12535 c_interface.cc:560] Pass GetScoreValueArgs, score_name=^^^ItemsProcessedScore^^^ to MasterComponent::Request
I0224 00:23:06.095517 12535 c_interface.cc:231] ArtmCopyRequestedMessage is copying 46 bytes...
I0224 00:23:06.096575 20865 c_interface.cc:387] Pass FitOfflineMasterModelArgs, batch_filename_size=18, batch_weight_size=18, num_collection_passes=1 to MN4artm4core15MasterComponentEFvRKNS_25FitOfflineMasterModelArgsEE
I0224 00:23:06.096673 20865 master_component.cc:1348] ProcessBatchesArgs: nwt_target_name=nwt, batch_filename_size=18, batch_size=0, batch_weight_size=18, pwt_source_name=pwt, num_document_passes=10, regularizer=(name:SparsePhi, tau:100000), class=(text:1), class=(author:1), reuse_theta=no, opt_for_avx=yes, predict_class_id=
I0224 00:23:06.236409 20870 processor.cc:724] Processing queue has data, processing started
I0224 00:23:06.238360 20869 processor.cc:724] Processing queue has data, processing started
I0224 00:23:06.255602 20869 processor.cc:803] Processor: start processing batch bcf8f73e-e7e0-42fb-8ef1-f2249a59146a into model nwt
I0224 00:23:06.255602 20870 processor.cc:803] Processor: start processing batch 6d4f6d29-c73d-4e17-9579-b2d15ddf0238 into model nwt
I0224 00:23:06.297135 20870 processor.cc:908] Processor: complete processing batch 6d4f6d29-c73d-4e17-9579-b2d15ddf0238 into model nwt
I0224 00:23:06.298034 20870 cuckoo_watch.h:45] 60ms in ProcessBatch(bathes/aaaaaa.batch) [including 14ms in LoadMessage; 1ms in InitializeSparseNdw; 0ms in InitializeTheta; 0ms in CreateRegularizerAgents; 30ms in InferThetaAndUpdateNwtSparse; 8ms in CalculateScore(^^^ItemsProcessedScore^^^); ]
I0224 00:23:06.307145 20870 processor.cc:803] Processor: start processing batch 1220b022-8e92-45f1-a6d4-f7412bd0657f into model nwt
I0224 00:23:06.341961 20869 processor.cc:908] Processor: complete processing batch bcf8f73e-e7e0-42fb-8ef1-f2249a59146a into model nwt
I0224 00:23:06.343423 20869 cuckoo_watch.h:45] 103ms in ProcessBatch(bathes/aaaaab.batch) [including 12ms in LoadMessage; 3ms in InitializeSparseNdw; 0ms in InitializeTheta; 0ms in CreateRegularizerAgents; 65ms in InferThetaAndUpdateNwtSparse; 17ms in CalculateScore(^^^ItemsProcessedScore^^^); ]
I0224 00:23:06.352336 20869 processor.cc:803] Processor: start processing batch bd74ba50-bdc3-4016-bfc9-a43c95e71e87 into model nwt
I0224 00:23:06.396104 20870 processor.cc:908] Processor: complete processing batch 1220b022-8e92-45f1-a6d4-f7412bd0657f into model nwt
I0224 00:23:06.397680 20870 cuckoo_watch.h:45] 99ms in ProcessBatch(bathes/aaaaac.batch) [including 5ms in LoadMessage; 4ms in InitializeSparseNdw; 0ms in InitializeTheta; 0ms in CreateRegularizerAgents; 62ms in InferThetaAndUpdateNwtSparse; 21ms in CalculateScore(^^^ItemsProcessedScore^^^); ]
I0224 00:23:06.406522 20870 processor.cc:803] Processor: start processing batch 7b3f2b6b-dc96-4862-b960-cd3f39eac849 into model nwt
I0224 00:23:06.431584 20869 processor.cc:908] Processor: complete processing batch bd74ba50-bdc3-4016-bfc9-a43c95e71e87 into model nwt
I0224 00:23:06.433167 20869 cuckoo_watch.h:45] 89ms in ProcessBatch(bathes/aaaaad.batch) [including 5ms in LoadMessage; 3ms in InitializeSparseNdw; 0ms in InitializeTheta; 0ms in CreateRegularizerAgents; 56ms in InferThetaAndUpdateNwtSparse; 18ms in CalculateScore(^^^ItemsProcessedScore^^^); ]
I0224 00:23:06.442225 20869 processor.cc:803] Processor: start processing batch bd0c276a-8e88-44c3-88ce-a0ee6996a17c into model nwt
I0224 00:23:06.476877 20870 processor.cc:908] Processor: complete processing batch 7b3f2b6b-dc96-4862-b960-cd3f39eac849 into model nwt
I0224 00:23:06.478965 20870 cuckoo_watch.h:45] 81ms in ProcessBatch(bathes/aaaaae.batch) [including 5ms in LoadMessage; 2ms in InitializeSparseNdw; 0ms in InitializeTheta; 0ms in CreateRegularizerAgents; 50ms in InferThetaAndUpdateNwtSparse; 17ms in CalculateScore(^^^ItemsProcessedScore^^^); ]
I0224 00:23:06.490006 20870 processor.cc:803] Processor: start processing batch cc4ebd10-706f-420b-93ce-013f7bf0cffa into model nwt
I0224 00:23:06.524986 20869 processor.cc:908] Processor: complete processing batch bd0c276a-8e88-44c3-88ce-a0ee6996a17c into model nwt
I0224 00:23:06.526631 20869 cuckoo_watch.h:45] 93ms in ProcessBatch(bathes/aaaaaf.batch) [including 5ms in LoadMessage; 3ms in InitializeSparseNdw; 0ms in InitializeTheta; 0ms in CreateRegularizerAgents; 58ms in InferThetaAndUpdateNwtSparse; 20ms in CalculateScore(^^^ItemsProcessedScore^^^); ]
I0224 00:23:06.536211 20869 processor.cc:803] Processor: start processing batch 95f685e5-14c1-43d9-bbf0-508a8cf4a4ab into model nwt
I0224 00:23:06.616713 20870 processor.cc:908] Processor: complete processing batch cc4ebd10-706f-420b-93ce-013f7bf0cffa into model nwt
I0224 00:23:06.618649 20870 cuckoo_watch.h:45] 139ms in ProcessBatch(bathes/aaaaag.batch) [including 7ms in LoadMessage; 5ms in InitializeSparseNdw; 0ms in InitializeTheta; 0ms in CreateRegularizerAgents; 91ms in InferThetaAndUpdateNwtSparse; 29ms in CalculateScore(^^^ItemsProcessedScore^^^); ]
I0224 00:23:06.635509 20869 processor.cc:908] Processor: complete processing batch 95f685e5-14c1-43d9-bbf0-508a8cf4a4ab into model nwt
I0224 00:23:06.637308 20869 cuckoo_watch.h:45] 110ms in ProcessBatch(bathes/aaaaah.batch) [including 6ms in LoadMessage; 4ms in InitializeSparseNdw; 0ms in InitializeTheta; 0ms in CreateRegularizerAgents; 70ms in InferThetaAndUpdateNwtSparse; 24ms in CalculateScore(^^^ItemsProcessedScore^^^); ]
I0224 00:23:06.639042 20870 processor.cc:803] Processor: start processing batch 1569872b-ec3e-40a2-9ce4-7c6165272236 into model nwt
I0224 00:23:06.650197 20869 processor.cc:803] Processor: start processing batch 19cb537e-2b26-4032-a266-8b50c8eaa339 into model nwt
I0224 00:23:06.726161 20870 processor.cc:908] Processor: complete processing batch 1569872b-ec3e-40a2-9ce4-7c6165272236 into model nwt
I0224 00:23:06.727763 20870 cuckoo_watch.h:45] 109ms in ProcessBatch(bathes/aaaaai.batch) [including 5ms in LoadMessage; 3ms in InitializeSparseNdw; 0ms in InitializeTheta; 0ms in CreateRegularizerAgents; 61ms in InferThetaAndUpdateNwtSparse; 21ms in CalculateScore(^^^ItemsProcessedScore^^^); ]
I0224 00:23:06.777381 20870 processor.cc:803] Processor: start processing batch 01682928-9fa4-47ab-813a-78764f1449c1 into model nwt
I0224 00:23:06.829004 20869 processor.cc:908] Processor: complete processing batch 19cb537e-2b26-4032-a266-8b50c8eaa339 into model nwt
I0224 00:23:06.831380 20869 cuckoo_watch.h:45] 193ms in ProcessBatch(bathes/aaaaaj.batch) [including 9ms in LoadMessage; 7ms in InitializeSparseNdw; 0ms in InitializeTheta; 0ms in CreateRegularizerAgents; 131ms in InferThetaAndUpdateNwtSparse; 38ms in CalculateScore(^^^ItemsProcessedScore^^^); ]
I0224 00:23:06.848937 20869 processor.cc:803] Processor: start processing batch a7f9d247-d8b6-46cd-988c-1114742eab41 into model nwt
I0224 00:23:07.096516 12535 c_interface.cc:560] Pass GetScoreValueArgs, score_name=^^^ItemsProcessedScore^^^ to MasterComponent::Request
I0224 00:23:07.096621 12535 c_interface.cc:231] ArtmCopyRequestedMessage is copying 46 bytes...
I0224 00:23:07.148335 20870 processor.cc:908] Processor: complete processing batch 01682928-9fa4-47ab-813a-78764f1449c1 into model nwt
I0224 00:23:07.151906 20870 cuckoo_watch.h:45] 424ms in ProcessBatch(bathes/aaaaak.batch) [including 45ms in LoadMessage; 21ms in InitializeSparseNdw; 0ms in InitializeTheta; 0ms in CreateRegularizerAgents; 264ms in InferThetaAndUpdateNwtSparse; 84ms in CalculateScore(^^^ItemsProcessedScore^^^); ]
I0224 00:23:07.173655 20870 processor.cc:803] Processor: start processing batch 2b4d6ad1-a5b1-4a8c-be17-6ab2943bb3c8 into model nwt
I0224 00:23:07.189466 20869 processor.cc:908] Processor: complete processing batch a7f9d247-d8b6-46cd-988c-1114742eab41 into model nwt
I0224 00:23:07.193239 20869 cuckoo_watch.h:45] 361ms in ProcessBatch(bathes/aaaaal.batch) [including 14ms in LoadMessage; 16ms in InitializeSparseNdw; 0ms in InitializeTheta; 0ms in CreateRegularizerAgents; 246ms in InferThetaAndUpdateNwtSparse; 77ms in CalculateScore(^^^ItemsProcessedScore^^^); ]
I0224 00:23:07.209828 20869 processor.cc:803] Processor: start processing batch a3fe39de-75fe-4809-843a-a6883f1e9df0 into model nwt
I0224 00:23:07.520048 20869 processor.cc:908] Processor: complete processing batch a3fe39de-75fe-4809-843a-a6883f1e9df0 into model nwt
I0224 00:23:07.523252 20869 cuckoo_watch.h:45] 329ms in ProcessBatch(bathes/aaaaan.batch) [including 13ms in LoadMessage; 13ms in InitializeSparseNdw; 0ms in InitializeTheta; 0ms in CreateRegularizerAgents; 225ms in InferThetaAndUpdateNwtSparse; 70ms in CalculateScore(^^^ItemsProcessedScore^^^); ]
I0224 00:23:07.539014 20869 processor.cc:803] Processor: start processing batch f72f4d76-4fde-4d63-ba7f-cf9369742dfc into model nwt
I0224 00:23:07.571689 20870 processor.cc:908] Processor: complete processing batch 2b4d6ad1-a5b1-4a8c-be17-6ab2943bb3c8 into model nwt
I0224 00:23:07.575103 20870 cuckoo_watch.h:45] 423ms in ProcessBatch(bathes/aaaaam.batch) [including 17ms in LoadMessage; 18ms in InitializeSparseNdw; 0ms in InitializeTheta; 0ms in CreateRegularizerAgents; 297ms in InferThetaAndUpdateNwtSparse; 81ms in CalculateScore(^^^ItemsProcessedScore^^^); ]
I0224 00:23:07.590149 20870 processor.cc:803] Processor: start processing batch 1ef16483-3b24-48f8-a94c-1f40e6f54aa3 into model nwt
I0224 00:23:07.787377 20869 processor.cc:908] Processor: complete processing batch f72f4d76-4fde-4d63-ba7f-cf9369742dfc into model nwt
I0224 00:23:07.790187 20869 cuckoo_watch.h:45] 266ms in ProcessBatch(bathes/aaaaao.batch) [including 12ms in LoadMessage; 11ms in InitializeSparseNdw; 0ms in InitializeTheta; 0ms in CreateRegularizerAgents; 178ms in InferThetaAndUpdateNwtSparse; 57ms in CalculateScore(^^^ItemsProcessedScore^^^); ]
I0224 00:23:07.808616 20869 processor.cc:803] Processor: start processing batch 6e97bab5-72d9-4cf9-a437-be115f11d9cc into model nwt
I0224 00:23:07.837086 20870 processor.cc:908] Processor: complete processing batch 1ef16483-3b24-48f8-a94c-1f40e6f54aa3 into model nwt
I0224 00:23:07.839980 20870 cuckoo_watch.h:45] 264ms in ProcessBatch(bathes/aaaaap.batch) [including 11ms in LoadMessage; 12ms in InitializeSparseNdw; 0ms in InitializeTheta; 0ms in CreateRegularizerAgents; 175ms in InferThetaAndUpdateNwtSparse; 58ms in CalculateScore(^^^ItemsProcessedScore^^^); ]
I0224 00:23:07.844686 20870 processor.cc:803] Processor: start processing batch c041e298-89c3-46b2-9e0e-72e6f52f4b5e into model nwt
I0224 00:23:07.853904 20870 processor.cc:908] Processor: complete processing batch c041e298-89c3-46b2-9e0e-72e6f52f4b5e into model nwt
I0224 00:23:07.854293 20870 cuckoo_watch.h:45] 14ms in ProcessBatch(bathes/aaaaar.batch) [including 1ms in LoadMessage; 0ms in InitializeSparseNdw; 0ms in InitializeTheta; 0ms in CreateRegularizerAgents; 6ms in InferThetaAndUpdateNwtSparse; 2ms in CalculateScore(^^^ItemsProcessedScore^^^); ]
I0224 00:23:07.875088 20870 processor.cc:717] No data in processing queue, waiting...
I0224 00:23:07.886602 20869 processor.cc:908] Processor: complete processing batch 6e97bab5-72d9-4cf9-a437-be115f11d9cc into model nwt
I0224 00:23:07.887704 20869 cuckoo_watch.h:45] 97ms in ProcessBatch(bathes/aaaaaq.batch) [including 15ms in LoadMessage; 8ms in InitializeSparseNdw; 0ms in InitializeTheta; 0ms in CreateRegularizerAgents; 58ms in InferThetaAndUpdateNwtSparse; 11ms in CalculateScore(^^^ItemsProcessedScore^^^); ]
I0224 00:23:07.888111 20865 master_component.cc:1386] RegularizeModelArgs: rwt_target_name=rwt, pwt_source_name=pwt, nwt_source_name=nwt
I0224 00:23:07.888149 20865 master_component.cc:930] MasterComponent: start regularizing model pwt
I0224 00:23:07.908169 20869 processor.cc:717] No data in processing queue, waiting...
I0224 00:23:08.097146 12535 c_interface.cc:560] Pass GetScoreValueArgs, score_name=^^^ItemsProcessedScore^^^ to MasterComponent::Request
I0224 00:23:08.097846 12535 c_interface.cc:231] ArtmCopyRequestedMessage is copying 46 bytes...
I0224 00:23:08.261124 20865 master_component.cc:956] MasterComponent: complete regularizing model pwt
I0224 00:23:08.261196 20865 master_component.cc:1399] NormalizeModelArgs: pwt_target_name=pwt, nwt_source_name=nwt, rwt_source_name=rwt
I0224 00:23:08.261214 20865 master_component.cc:960] MasterComponent: start normalizing model nwt
I0224 00:23:08.515241 20865 master_component.cc:988] MasterComponent: complete normalizing model nwt
I0224 00:23:08.802441 20865 master_component.cc:1423] DisposeModel rwt
I0224 00:23:08.839949 20865 master_component.cc:1013] FitOffline: ItemsProcessed, num_items=1728, num_batches=18, token_weight=808522, token_weight_in_effect=808522
I0224 00:23:08.840613 12535 c_interface.cc:560] Pass GetScoreValueArgs, score_name=^^^ItemsProcessedScore^^^ to MasterComponent::Request
I0224 00:23:08.840687 12535 c_interface.cc:231] ArtmCopyRequestedMessage is copying 46 bytes...
I0224 00:23:08.841758 20865 c_interface.cc:387] Pass FitOfflineMasterModelArgs, batch_filename_size=18, batch_weight_size=18, num_collection_passes=1 to MN4artm4core15MasterComponentEFvRKNS_25FitOfflineMasterModelArgsEE
I0224 00:23:08.841857 20865 master_component.cc:1348] ProcessBatchesArgs: nwt_target_name=nwt, batch_filename_size=18, batch_size=0, batch_weight_size=18, pwt_source_name=pwt, num_document_passes=10, regularizer=(name:SparsePhi, tau:100000), class=(text:1), class=(author:1), reuse_theta=no, opt_for_avx=yes, predict_class_id=
I0224 00:23:08.990255 20869 processor.cc:724] Processing queue has data, processing started
I0224 00:23:08.991927 20870 processor.cc:724] Processing queue has data, processing started
I0224 00:23:09.004992 20869 processor.cc:803] Processor: start processing batch 6d4f6d29-c73d-4e17-9579-b2d15ddf0238 into model nwt
I0224 00:23:09.009886 20870 processor.cc:803] Processor: start processing batch bcf8f73e-e7e0-42fb-8ef1-f2249a59146a into model nwt
I0224 00:23:09.053272 20869 processor.cc:908] Processor: complete processing batch 6d4f6d29-c73d-4e17-9579-b2d15ddf0238 into model nwt
I0224 00:23:09.054159 20869 cuckoo_watch.h:45] 62ms in ProcessBatch(bathes/aaaaaa.batch) [including 10ms in LoadMessage; 1ms in InitializeSparseNdw; 0ms in InitializeTheta; 0ms in CreateRegularizerAgents; 36ms in InferThetaAndUpdateNwtSparse; 9ms in CalculateScore(^^^ItemsProcessedScore^^^); ]
I0224 00:23:09.063467 20869 processor.cc:803] Processor: start processing batch 1220b022-8e92-45f1-a6d4-f7412bd0657f into model nwt
I0224 00:23:09.083930 20870 processor.cc:908] Processor: complete processing batch bcf8f73e-e7e0-42fb-8ef1-f2249a59146a into model nwt
I0224 00:23:09.085433 20870 cuckoo_watch.h:45] 92ms in ProcessBatch(bathes/aaaaab.batch) [including 13ms in LoadMessage; 3ms in InitializeSparseNdw; 0ms in InitializeTheta; 0ms in CreateRegularizerAgents; 52ms in InferThetaAndUpdateNwtSparse; 17ms in CalculateScore(^^^ItemsProcessedScore^^^); ]
I0224 00:23:09.095208 20870 processor.cc:803] Processor: start processing batch bd74ba50-bdc3-4016-bfc9-a43c95e71e87 into model nwt
I0224 00:23:09.149205 20869 processor.cc:908] Processor: complete processing batch 1220b022-8e92-45f1-a6d4-f7412bd0657f into model nwt
I0224 00:23:09.150671 20869 cuckoo_watch.h:45] 96ms in ProcessBatch(bathes/aaaaac.batch) [including 5ms in LoadMessage; 3ms in InitializeSparseNdw; 0ms in InitializeTheta; 0ms in CreateRegularizerAgents; 62ms in InferThetaAndUpdateNwtSparse; 19ms in CalculateScore(^^^ItemsProcessedScore^^^); ]
I0224 00:23:09.159282 20869 processor.cc:803] Processor: start processing batch 7b3f2b6b-dc96-4862-b960-cd3f39eac849 into model nwt
I0224 00:23:09.176672 20870 processor.cc:908] Processor: complete processing batch bd74ba50-bdc3-4016-bfc9-a43c95e71e87 into model nwt
I0224 00:23:09.178243 20870 cuckoo_watch.h:45] 92ms in ProcessBatch(bathes/aaaaad.batch) [including 6ms in LoadMessage; 3ms in InitializeSparseNdw; 0ms in InitializeTheta; 0ms in CreateRegularizerAgents; 57ms in InferThetaAndUpdateNwtSparse; 20ms in CalculateScore(^^^ItemsProcessedScore^^^); ]
I0224 00:23:09.188385 20870 processor.cc:803] Processor: start processing batch bd0c276a-8e88-44c3-88ce-a0ee6996a17c into model nwt
I0224 00:23:09.230134 20869 processor.cc:908] Processor: complete processing batch 7b3f2b6b-dc96-4862-b960-cd3f39eac849 into model nwt
I0224 00:23:09.231590 20869 cuckoo_watch.h:45] 80ms in ProcessBatch(bathes/aaaaae.batch) [including 5ms in LoadMessage; 2ms in InitializeSparseNdw; 0ms in InitializeTheta; 0ms in CreateRegularizerAgents; 50ms in InferThetaAndUpdateNwtSparse; 17ms in CalculateScore(^^^ItemsProcessedScore^^^); ]
I0224 00:23:09.242383 20869 processor.cc:803] Processor: start processing batch cc4ebd10-706f-420b-93ce-013f7bf0cffa into model nwt
I0224 00:23:09.271661 20870 processor.cc:908] Processor: complete processing batch bd0c276a-8e88-44c3-88ce-a0ee6996a17c into model nwt
I0224 00:23:09.273329 20870 cuckoo_watch.h:45] 94ms in ProcessBatch(bathes/aaaaaf.batch) [including 6ms in LoadMessage; 3ms in InitializeSparseNdw; 0ms in InitializeTheta; 0ms in CreateRegularizerAgents; 59ms in InferThetaAndUpdateNwtSparse; 19ms in CalculateScore(^^^ItemsProcessedScore^^^); ]
I0224 00:23:09.283643 20870 processor.cc:803] Processor: start processing batch 95f685e5-14c1-43d9-bbf0-508a8cf4a4ab into model nwt
I0224 00:23:09.361093 20869 processor.cc:908] Processor: complete processing batch cc4ebd10-706f-420b-93ce-013f7bf0cffa into model nwt
I0224 00:23:09.362959 20869 cuckoo_watch.h:45] 131ms in ProcessBatch(bathes/aaaaag.batch) [including 7ms in LoadMessage; 5ms in InitializeSparseNdw; 0ms in InitializeTheta; 0ms in CreateRegularizerAgents; 85ms in InferThetaAndUpdateNwtSparse; 27ms in CalculateScore(^^^ItemsProcessedScore^^^); ]
I0224 00:23:09.371852 20869 processor.cc:803] Processor: start processing batch 1569872b-ec3e-40a2-9ce4-7c6165272236 into model nwt
I0224 00:23:09.386904 20870 processor.cc:908] Processor: complete processing batch 95f685e5-14c1-43d9-bbf0-508a8cf4a4ab into model nwt
I0224 00:23:09.388766 20870 cuckoo_watch.h:45] 115ms in ProcessBatch(bathes/aaaaah.batch) [including 6ms in LoadMessage; 4ms in InitializeSparseNdw; 0ms in InitializeTheta; 0ms in CreateRegularizerAgents; 73ms in InferThetaAndUpdateNwtSparse; 25ms in CalculateScore(^^^ItemsProcessedScore^^^); ]
I0224 00:23:09.402297 20870 processor.cc:803] Processor: start processing batch 19cb537e-2b26-4032-a266-8b50c8eaa339 into model nwt
I0224 00:23:09.487756 20869 processor.cc:908] Processor: complete processing batch 1569872b-ec3e-40a2-9ce4-7c6165272236 into model nwt
I0224 00:23:09.489302 20869 cuckoo_watch.h:45] 126ms in ProcessBatch(bathes/aaaaai.batch) [including 5ms in LoadMessage; 3ms in InitializeSparseNdw; 0ms in InitializeTheta; 0ms in CreateRegularizerAgents; 93ms in InferThetaAndUpdateNwtSparse; 19ms in CalculateScore(^^^ItemsProcessedScore^^^); ]
I0224 00:23:09.507551 20869 processor.cc:803] Processor: start processing batch 01682928-9fa4-47ab-813a-78764f1449c1 into model nwt
I0224 00:23:09.586118 20870 processor.cc:908] Processor: complete processing batch 19cb537e-2b26-4032-a266-8b50c8eaa339 into model nwt
